\BOOKMARK [1][-]{section.1}{\376\377\213\272\145\207\170\024\213\373\122\006\147\220}{}% 1
\BOOKMARK [2][-]{subsection.1.1}{\376\377\213\272\145\207\116\000\377\032\060\012\000G\000e\000n\000e\000r\000a\000t\000i\000v\000e\000\040\000A\000d\000v\000e\000r\000s\000a\000r\000i\000a\000l\000\040\000N\000e\000t\000s\060\013\040\024\040\024\000\040\133\371\142\227\165\037\142\020\177\121\176\334\166\204\137\000\134\161\116\113\117\134}{section.1}% 2
\BOOKMARK [3][-]{subsubsection.1.1.1}{\376\377\150\070\137\303\140\035\140\363}{subsection.1.1}% 3
\BOOKMARK [3][-]{subsubsection.1.1.2}{\376\377\121\163\225\056\215\041\163\056}{subsection.1.1}% 4
\BOOKMARK [3][-]{subsubsection.1.1.3}{\376\377\152\041\127\213\134\100\226\120}{subsection.1.1}% 5
\BOOKMARK [3][-]{subsubsection.1.1.4}{\376\377\127\050\147\054\213\376\230\230\116\055\166\204\133\232\117\115}{subsection.1.1}% 6
\BOOKMARK [2][-]{subsection.1.2}{\376\377\213\272\145\207\116\214\377\032\060\012\000P\000i\000x\000e\000l\000C\000N\000N\000+\000+\000:\000\040\000I\000m\000p\000r\000o\000v\000i\000n\000g\000\040\000t\000h\000e\000\040\000P\000i\000x\000e\000l\000C\000N\000N\000\040\000w\000i\000t\000h\000\040\000D\000i\000s\000c\000r\000e\000t\000i\000z\000e\000d\000\040\000L\000o\000g\000i\000s\000t\000i\000c\000\040\000M\000i\000x\000t\000u\000r\000e\000\040\000L\000i\000k\000e\000l\000i\000h\000o\000o\000d\000\040\000a\000n\000d\000\040\000O\000t\000h\000e\000r\000\040\000M\000o\000d\000i\000f\000i\000c\000a\000t\000i\000o\000n\000s\060\013\040\024\040\024\000\040\174\276\135\347\166\204\201\352\126\336\137\122\116\016\146\076\137\017\117\074\161\066\136\372\152\041}{section.1}% 7
\BOOKMARK [3][-]{subsubsection.1.2.1}{\376\377\150\070\137\303\140\035\140\363}{subsection.1.2}% 8
\BOOKMARK [3][-]{subsubsection.1.2.2}{\376\377\121\163\225\056\215\041\163\056}{subsection.1.2}% 9
\BOOKMARK [3][-]{subsubsection.1.2.3}{\376\377\000\040\152\041\127\213\134\100\226\120}{subsection.1.2}% 10
\BOOKMARK [3][-]{subsubsection.1.2.4}{\376\377\127\050\147\054\213\376\230\230\116\055\166\204\133\232\117\115}{subsection.1.2}% 11
\BOOKMARK [2][-]{subsection.1.3}{\376\377\213\272\145\207\116\011\377\032\060\012\000H\000o\000w\000\040\000t\000o\000\040\000T\000r\000a\000i\000n\000\040\000Y\000o\000u\000r\000\040\000E\000n\000e\000r\000g\000y\000-\000B\000a\000s\000e\000d\000\040\000M\000o\000d\000e\000l\000s\060\013\040\024\040\024\000\040\200\375\221\317\152\041\127\213\166\204\164\006\213\272\116\016\133\236\215\365\143\007\123\127}{section.1}% 12
\BOOKMARK [3][-]{subsubsection.1.3.1}{\376\377\150\070\137\303\140\035\140\363}{subsection.1.3}% 13
\BOOKMARK [3][-]{subsubsection.1.3.2}{\376\377\121\163\225\056\215\041\163\056}{subsection.1.3}% 14
\BOOKMARK [3][-]{subsubsection.1.3.3}{\376\377\152\041\127\213\134\100\226\120}{subsection.1.3}% 15
\BOOKMARK [3][-]{subsubsection.1.3.4}{\376\377\127\050\147\054\213\376\230\230\116\055\166\204\133\232\117\115}{subsection.1.3}% 16
\BOOKMARK [2][-]{subsection.1.4}{\376\377\213\272\145\207\126\333\377\032\060\012\000D\000e\000n\000o\000i\000s\000i\000n\000g\000\040\000D\000i\000f\000f\000u\000s\000i\000o\000n\000\040\000P\000r\000o\000b\000a\000b\000i\000l\000i\000s\000t\000i\000c\000\040\000M\000o\000d\000e\000l\000s\060\013\000\040\000\050\000D\000D\000P\000M\000\051\040\024\040\024\000\040\207\215\124\010\131\032\203\003\137\017\140\035\140\363\166\204\165\037\142\020\152\041\127\213\145\260\163\213\200\005}{section.1}% 17
\BOOKMARK [3][-]{subsubsection.1.4.1}{\376\377\150\070\137\303\140\035\140\363}{subsection.1.4}% 18
\BOOKMARK [3][-]{subsubsection.1.4.2}{\376\377\116\016\121\166\116\326\203\003\137\017\166\204\140\035\140\363\207\215\124\010}{subsection.1.4}% 19
\BOOKMARK [3][-]{subsubsection.1.4.3}{\376\377\121\163\225\056\215\041\163\056\116\016\134\100\226\120}{subsection.1.4}% 20
\BOOKMARK [3][-]{subsubsection.1.4.4}{\376\377\127\050\147\054\213\376\230\230\116\055\166\204\133\232\117\115}{subsection.1.4}% 21
\BOOKMARK [1][-]{section.2}{\376\377\140\073\176\323\116\016\145\066\203\267}{}% 22
\BOOKMARK [2][-]{subsection.2.1}{\376\377\124\004\203\003\137\017\133\371\153\324\140\073\176\323}{section.2}% 23
\BOOKMARK [2][-]{subsection.2.2}{\376\377\142\200\147\057\157\024\217\333\166\204\201\011\176\334\116\016\145\066\203\267}{section.2}% 24
