\BOOKMARK [1][-]{section.1}{\376\377\133\236\232\214\166\356\150\007}{}% 1
\BOOKMARK [1][-]{section.2}{\376\377\133\236\232\214\136\163\123\360\221\115\177\156}{}% 2
\BOOKMARK [2][-]{subsection.2.1}{\376\377\170\154\116\366\221\115\177\156}{section.2}% 3
\BOOKMARK [2][-]{subsection.2.2}{\376\377\217\157\116\366\163\257\130\203}{section.2}% 4
\BOOKMARK [1][-]{section.3}{\376\377\173\227\154\325\213\276\213\241\116\016\133\236\163\260}{}% 5
\BOOKMARK [2][-]{subsection.3.1}{\376\377\000G\000P\000U\127\372\170\100\122\240\220\037\162\110\147\054}{section.3}% 6
\BOOKMARK [3][-]{subsubsection.3.1.1}{\376\377\150\070\137\303\213\276\213\241\140\035\215\357}{subsection.3.1}% 7
\BOOKMARK [3][-]{subsubsection.3.1.2}{\376\377\121\163\225\056\133\236\163\260\173\126\165\145}{subsection.3.1}% 8
\BOOKMARK [3][-]{subsubsection.3.1.3}{\376\377\121\163\225\056\116\343\170\001}{subsection.3.1}% 9
\BOOKMARK [2][-]{subsection.3.2}{\376\377\000G\000P\000U\000\040\000B\000a\000r\000r\000e\000t\000t\211\304\176\246\162\110\147\054}{section.3}% 10
\BOOKMARK [3][-]{subsubsection.3.2.1}{\376\377\000B\000a\000r\000r\000e\000t\000t\211\304\176\246\123\237\164\006}{subsection.3.2}% 11
\BOOKMARK [3][-]{subsubsection.3.2.2}{\376\377\000G\000P\000U\117\030\123\026\173\126\165\145}{subsection.3.2}% 12
\BOOKMARK [3][-]{subsubsection.3.2.3}{\376\377\121\163\225\056\116\343\170\001}{subsection.3.2}% 13
\BOOKMARK [2][-]{subsection.3.3}{\376\377\000G\000P\000U\000\040\000M\000o\000n\000t\000g\000o\000m\000e\000r\000y\211\304\176\246\162\110\147\054}{section.3}% 14
\BOOKMARK [3][-]{subsubsection.3.3.1}{\376\377\000M\000o\000n\000t\000g\000o\000m\000e\000r\000y\211\304\176\246\123\237\164\006}{subsection.3.3}% 15
\BOOKMARK [3][-]{subsubsection.3.3.2}{\376\377\121\163\225\056\213\276\213\241\211\201\160\271}{subsection.3.3}% 16
\BOOKMARK [3][-]{subsubsection.3.3.3}{\376\377\121\163\225\056\116\343\170\001}{subsection.3.3}% 17
\BOOKMARK [1][-]{section.4}{\376\377\133\236\232\214\176\323\147\234\122\006\147\220}{}% 18
\BOOKMARK [2][-]{subsection.4.1}{\376\377\155\113\213\325\145\160\143\156\226\306\213\364\146\016}{section.4}% 19
\BOOKMARK [2][-]{subsection.4.2}{\376\377\140\047\200\375\155\113\213\325\176\323\147\234}{section.4}% 20
\BOOKMARK [2][-]{subsection.4.3}{\376\377\145\366\225\364\131\015\147\102\136\246\122\006\147\220}{section.4}% 21
\BOOKMARK [3][-]{subsubsection.4.3.1}{\376\377\164\006\213\272\145\366\225\364\131\015\147\102\136\246}{subsection.4.3}% 22
\BOOKMARK [3][-]{subsubsection.4.3.2}{\376\377\000G\000P\000U\136\166\210\114\123\026\145\110\147\234\122\006\147\220}{subsection.4.3}% 23
\BOOKMARK [2][-]{subsection.4.4}{\376\377\122\240\220\037\153\324\122\006\147\220}{section.4}% 24
\BOOKMARK [3][-]{subsubsection.4.4.1}{\376\377\145\160\143\156\226\306\0000\122\006\147\220\377\010\134\017\211\304\152\041\377\011}{subsection.4.4}% 25
\BOOKMARK [3][-]{subsubsection.4.4.2}{\376\377\145\160\143\156\226\306\0001\000-\0003\122\006\147\220\377\010\116\055\131\047\211\304\152\041\377\011}{subsection.4.4}% 26
\BOOKMARK [3][-]{subsubsection.4.4.3}{\376\377\211\304\176\246\117\030\123\026\145\110\147\234\122\006\147\220}{subsection.4.4}% 27
\BOOKMARK [1][-]{section.5}{\376\377\140\047\200\375\122\006\147\220\116\016\213\250\213\272}{}% 28
\BOOKMARK [2][-]{subsection.5.1}{\376\377\000G\000P\000U\122\240\220\037\145\110\147\234\213\304\117\060}{section.5}% 29
\BOOKMARK [3][-]{subsubsection.5.1.1}{\376\377\153\143\124\021\122\240\220\037\145\110\147\234}{subsection.5.1}% 30
\BOOKMARK [3][-]{subsubsection.5.1.2}{\376\377\211\304\176\246\173\227\154\325\133\371\153\324}{subsection.5.1}% 31
\BOOKMARK [2][-]{subsection.5.2}{\376\377\140\047\200\375\164\366\230\210\122\006\147\220}{section.5}% 32
\BOOKMARK [3][-]{subsubsection.5.2.1}{\376\377\000G\000P\000U\147\266\147\204\226\120\122\066}{subsection.5.2}% 33
\BOOKMARK [3][-]{subsubsection.5.2.2}{\376\377\173\227\154\325\162\171\140\047\137\161\124\315}{subsection.5.2}% 34
\BOOKMARK [2][-]{subsection.5.3}{\376\377\211\304\152\041\145\117\141\037\140\047\122\006\147\220}{section.5}% 35
\BOOKMARK [3][-]{subsubsection.5.3.1}{\376\377\134\017\211\304\152\041\225\356\230\230\377\010\000n\000\040\000<\000\040\0001\0000\0000\0000\377\011}{subsection.5.3}% 36
\BOOKMARK [3][-]{subsubsection.5.3.2}{\376\377\116\055\131\047\211\304\152\041\225\356\230\230\377\010\000n\000\040\0001\0000\0000\0000\0000\0000\377\011}{subsection.5.3}% 37
\BOOKMARK [1][-]{section.6}{\376\377\133\236\232\214\176\323\213\272}{}% 38
\BOOKMARK [1][-]{section.7}{\376\377\224\376\143\245}{}% 39
