Copyright 1986-2019 Xilinx, Inc. All Rights Reserved.
-------------------------------------------------------------------------------------------------
| Tool Version : Vivado v.2019.2 (win64) Build 2708876 Wed Nov  6 21:40:23 MST 2019
| Date         : Sun Dec 28 21:38:53 2025
| Host         : wyn running 64-bit major release  (build 9200)
| Command      : report_control_sets -verbose -file pipeline_cpu_display_control_sets_placed.rpt
| Design       : pipeline_cpu_display
| Device       : xc7a200t
-------------------------------------------------------------------------------------------------

Control Set Information

Table of Contents
-----------------
1. Summary
2. Histogram
3. Flip-Flop Distribution
4. Detailed Control Set Information

1. Summary
----------

+----------------------------------------------------------+-------+
|                          Status                          | Count |
+----------------------------------------------------------+-------+
| Total control sets                                       |    75 |
|    Minimum number of control sets                        |    75 |
|    Addition due to synthesis replication                 |     0 |
|    Addition due to physical synthesis replication        |     0 |
| Unused register locations in slices containing registers |   130 |
+----------------------------------------------------------+-------+
* Control sets can be merged at opt_design using control_set_merge or merge_equivalent_drivers
** Run report_qor_suggestions for automated merging and remapping suggestions


2. Histogram
------------

+--------------------+-------+
|       Fanout       | Count |
+--------------------+-------+
| Total control sets |    75 |
| >= 0 to < 4        |     1 |
| >= 4 to < 6        |     9 |
| >= 6 to < 8        |     2 |
| >= 8 to < 10       |     6 |
| >= 10 to < 12      |     3 |
| >= 12 to < 14      |     0 |
| >= 14 to < 16      |     0 |
| >= 16              |    54 |
+--------------------+-------+
* Control sets can be remapped at either synth_design or opt_design


3. Flip-Flop Distribution
-------------------------

+--------------+-----------------------+------------------------+-----------------+--------------+
| Clock Enable | Synchronous Set/Reset | Asynchronous Set/Reset | Total Registers | Total Slices |
+--------------+-----------------------+------------------------+-----------------+--------------+
| No           | No                    | No                     |             145 |           81 |
| No           | No                    | Yes                    |               0 |            0 |
| No           | Yes                   | No                     |             130 |           56 |
| Yes          | No                    | No                     |            1698 |          769 |
| Yes          | No                    | Yes                    |               0 |            0 |
| Yes          | Yes                   | No                     |             417 |          116 |
+--------------+-----------------------+------------------------+-----------------+--------------+


4. Detailed Control Set Information
-----------------------------------

+------------------------+-------------------------------------------------------+---------------------------------------------------------+------------------+----------------+
|      Clock Signal      |                     Enable Signal                     |                     Set/Reset Signal                    | Slice Load Count | Bel Load Count |
+------------------------+-------------------------------------------------------+---------------------------------------------------------+------------------+----------------+
|  lcd_module/clk_2_BUFG |                                                       | lcd_module/lcd_draw_module/draw_block_number1           |                1 |              1 |
|  lcd_module/clk_2_BUFG | lcd_module/lcd_draw_module/set_xy_valid_reg_n_0       | lcd_module/lcd_draw_module/draw_block_number1           |                2 |              4 |
|  cpu_clk               |                                                       | cpu/WB_module/ID_valid0                                 |                3 |              4 |
|  cpu_clk               | cpu/WB_module/exc_commit                              | cpu/WB_module/cause_exc_code_r[3]_i_1_n_0               |                1 |              4 |
|  clk_IBUF_BUFG         | lcd_module/touch_module/input_value[3]_i_1_n_0        | lcd_module/touch_module/input_value[31]_i_1_n_0         |                1 |              4 |
|  lcd_module/clk_2_BUFG |                                                       | lcd_module/lcd_draw_module/display_count_y[4]_i_1_n_0   |                1 |              5 |
|  lcd_module/clk_2_BUFG | lcd_module/lcd_init_module/display_x_h[4]_i_1_n_0     | lcd_module/lcd_init_module/init_display_begin0          |                2 |              5 |
|  lcd_module/clk_2_BUFG | lcd_module/lcd_init_module/init_display_begin_reg_n_0 | lcd_module/lcd_init_module/init_display_begin0          |                2 |              5 |
|  lcd_module/clk_2_BUFG | lcd_module/lcd_draw_module/draw_wr_valid0             | lcd_module/lcd_draw_module/draw_data[4]_i_1_n_0         |                3 |              5 |
|  cpu_clk               | cpu/EXE_module/multiply_module/EXE_valid_reg          | cpu/EXE_module/multiply_module/IF_ID_bus_r_reg[1]       |                2 |              5 |
|  lcd_module/clk_2_BUFG | lcd_module/lcd_draw_module/draw_block_end             | lcd_module/lcd_draw_module/draw_block_number0           |                2 |              6 |
|  clk_IBUF_BUFG         |                                                       | lcd_module/touch_module/clk_count0                      |                3 |              6 |
|  lcd_module/clk_2_BUFG | lcd_module/lcd_draw_module/display_count_x[7]_i_2_n_0 | lcd_module/lcd_draw_module/display_count_x[7]_i_1_n_0   |                3 |              8 |
|  cpu_clk               |                                                       |                                                         |                7 |              8 |
|  clk_IBUF_BUFG         | lcd_module/touch_module/send_byte[0]_i_1_n_0          |                                                         |                3 |              8 |
|  lcd_module/clk_2_BUFG |                                                       | lcd_module/lcd_draw_module/td_count_y0                  |                5 |              9 |
|  lcd_module/clk_2_BUFG | lcd_module/lcd_draw_module/td_count_x[8]_i_2_n_0      | lcd_module/lcd_draw_module/td_count_x[8]_i_1_n_0        |                3 |              9 |
|  cpu_clk               | cpu/WB_module/status_im_r                             | cpu/WB_module/status_exl_r0                             |                3 |              9 |
|  lcd_module/clk_2_BUFG | lcd_module/lcd_init_module/display_y0                 | lcd_module/lcd_init_module/init_display_begin0          |                5 |             10 |
|  lcd_module/clk_2_BUFG | lcd_module/lcd_draw_module/draw_wr_valid0             |                                                         |                4 |             10 |
|  lcd_module/clk_2_BUFG | lcd_module/lcd_init_module/sel                        | lcd_module/lcd_init_module/init_rom_pc0                 |                3 |             11 |
|  cpu_clk               | cpu/EXE_module/multiply_module/EXE_valid_reg          | cpu/EXE_module/multiply_module/IF_ID_bus_r_reg[27]      |                2 |             16 |
|  lcd_module/clk_2_BUFG |                                                       |                                                         |                8 |             18 |
|  clk_IBUF_BUFG         |                                                       | lcd_module/touch_module/rst_count0                      |                6 |             22 |
|  clk_IBUF_BUFG         |                                                       | display_valid0                                          |               12 |             22 |
|  clk_IBUF_BUFG         |                                                       | lcd_module/touch_module/int_o_en_reg_0                  |               15 |             26 |
|  clk_IBUF_BUFG         | lcd_module/touch_module/input_value[31]_i_2_n_0       | lcd_module/touch_module/input_value[31]_i_1_n_0         |                4 |             28 |
|  cpu_clk               | cpu/EXE_module/multiply_module/next_fetch             | cpu/WB_module/resetn                                    |                9 |             30 |
|  cpu_clk               | cpu/WB_module/MEM_WB_bus_r_reg[149]_0[0]              |                                                         |               12 |             32 |
|  cpu_clk               | cpu/WB_module/MEM_WB_bus_r_reg[149]_1[0]              |                                                         |               10 |             32 |
|  cpu_clk               | cpu/WB_module/MEM_WB_bus_r_reg[150][0]                |                                                         |               13 |             32 |
|  cpu_clk               | cpu/WB_module/MEM_WB_bus_r_reg[151]_3[0]              |                                                         |               26 |             32 |
|  cpu_clk               | cpu/WB_module/MEM_WB_bus_r_reg[153]_0[0]              |                                                         |               19 |             32 |
|  cpu_clk               | cpu/WB_module/MEM_WB_bus_r_reg[153]_10[0]             |                                                         |               16 |             32 |
|  cpu_clk               | cpu/WB_module/MEM_WB_bus_r_reg[153]_2[0]              |                                                         |               20 |             32 |
|  cpu_clk               | cpu/WB_module/MEM_WB_bus_r_reg[153]_5[0]              |                                                         |               17 |             32 |
|  cpu_clk               | cpu/WB_module/MEM_WB_bus_r_reg[151]_1[0]              |                                                         |               18 |             32 |
|  cpu_clk               | cpu/WB_module/MEM_WB_bus_r_reg[153]_7[0]              |                                                         |               22 |             32 |
|  cpu_clk               | cpu/WB_module/MEM_WB_bus_r_reg[153]_12[0]             |                                                         |               19 |             32 |
|  cpu_clk               | cpu/WB_module/MEM_WB_bus_r_reg[153]_8[0]              |                                                         |               16 |             32 |
|  cpu_clk               | cpu/WB_module/MEM_WB_bus_r_reg[153]_6[0]              |                                                         |               10 |             32 |
|  cpu_clk               | cpu/WB_module/MEM_WB_bus_r_reg[152]_3[0]              |                                                         |               12 |             32 |
|  cpu_clk               | cpu/WB_module/MEM_WB_bus_r_reg[152]_0[0]              |                                                         |               20 |             32 |
|  cpu_clk               | cpu/WB_module/MEM_WB_bus_r_reg[151]_0[0]              |                                                         |               18 |             32 |
|  cpu_clk               | cpu/WB_module/MEM_WB_bus_r_reg[153]_3[0]              |                                                         |               22 |             32 |
|  cpu_clk               | cpu/WB_module/MEM_WB_bus_r_reg[153]_11[0]             |                                                         |               15 |             32 |
|  cpu_clk               | cpu/WB_module/MEM_WB_bus_r_reg[153]_1[0]              |                                                         |               11 |             32 |
|  cpu_clk               | cpu/WB_module/MEM_WB_bus_r_reg[152][0]                |                                                         |               17 |             32 |
|  cpu_clk               | cpu/WB_module/MEM_WB_bus_r_reg[152]_4[0]              |                                                         |               15 |             32 |
|  cpu_clk               | cpu/WB_module/MEM_WB_bus_r_reg[153]_4[0]              |                                                         |               21 |             32 |
|  cpu_clk               | cpu/WB_module/MEM_WB_bus_r_reg[152]_2[0]              |                                                         |               16 |             32 |
|  cpu_clk               | cpu/WB_module/MEM_WB_bus_r_reg[153]_9[0]              |                                                         |               28 |             32 |
|  cpu_clk               | cpu/WB_module/MEM_WB_bus_r_reg[152]_1[0]              |                                                         |               16 |             32 |
|  cpu_clk               | cpu/WB_module/MEM_WB_bus_r_reg[153][0]                |                                                         |               19 |             32 |
|  cpu_clk               | cpu/WB_module/MEM_WB_bus_r_reg[151]_2[0]              |                                                         |               18 |             32 |
|  cpu_clk               | cpu/WB_module/badvaddr_r[31]_i_1_n_0                  | cpu/WB_module/resetn                                    |               10 |             32 |
|  cpu_clk               | cpu/WB_module/compare_wen                             | cpu/WB_module/resetn                                    |                8 |             32 |
|  cpu_clk               | cpu/EXE_module/multiply_module/multiplier             | cpu/EXE_module/multiply_module/multiplicand[63]_i_1_n_0 |               12 |             32 |
|  cpu_clk               | cpu/WB_module/epc_r[31]_i_1_n_0                       | cpu/WB_module/resetn                                    |               11 |             32 |
|  cpu_clk               | cpu/WB_module/hi0                                     |                                                         |               17 |             32 |
|  cpu_clk               | cpu/WB_module/lo0                                     |                                                         |                6 |             32 |
|  cpu_clk               | cpu/WB_module/MEM_WB_bus_r_reg[151][0]                |                                                         |               20 |             32 |
|  cpu_clk               | cpu/WB_module/E[0]                                    |                                                         |               23 |             32 |
|  cpu_clk               | cpu/WB_module/MEM_WB_bus_r_reg[149][0]                |                                                         |               15 |             32 |
|  cpu_clk               | cpu/WB_module/MEM_WB_bus_r_reg[150]_0[0]              |                                                         |               11 |             32 |
|  clk_IBUF_BUFG         | lcd_module/touch_module/input_valid_OBUF              | cpu/WB_module/resetn                                    |                6 |             32 |
|  cpu_clk               | cpu/EXE_module/multiply_module/EXE_allow_in0          | cpu/EXE_module/multiply_module/ID_EXE_bus_r_reg[77]     |                6 |             34 |
|  cpu_clk               |                                                       | cpu/WB_module/resetn                                    |               10 |             35 |
|  cpu_clk               | cpu/EXE_module/multiply_module/mult_valid             | cpu/EXE_module/multiply_module/product_temp             |               16 |             64 |
|  cpu_clk               | cpu/EXE_module/multiply_module/multiplier             |                                                         |               22 |             64 |
|  cpu_clk               | cpu/IF_module/IF_allow_in0                            |                                                         |               20 |             66 |
|  clk_IBUF_BUFG         |                                                       |                                                         |               66 |            119 |
|  cpu_clk               | cpu/MEM_module/E[0]                                   |                                                         |               54 |            154 |
|  cpu_clk               | cpu/EXE_module/multiply_module/EXE_allow_in0          |                                                         |               48 |            156 |
|  cpu_clk               | cpu/EXE_module/multiply_module/EXE_valid_reg          |                                                         |               60 |            184 |
+------------------------+-------------------------------------------------------+---------------------------------------------------------+------------------+----------------+


