\BOOKMARK [1][-]{section.1}{\376\377\133\236\232\214\136\163\123\360\221\115\177\156}{}% 1
\BOOKMARK [1][-]{section.2}{\376\377\133\236\232\214\116\000\377\032\000n\000\327\000n\167\351\226\065\116\016\124\021\221\317\121\205\171\357}{}% 2
\BOOKMARK [2][-]{subsection.2.1}{\376\377\173\227\154\325\213\276\213\241}{section.2}% 3
\BOOKMARK [3][-]{subsubsection.2.1.1}{\376\377\136\163\121\341\173\227\154\325\213\276\213\241\140\035\215\357}{subsection.2.1}% 4
\BOOKMARK [3][-]{subsubsection.2.1.2}{\376\377\000C\000a\000c\000h\000e\117\030\123\026\173\227\154\325\213\276\213\241\140\035\215\357}{subsection.2.1}% 5
\BOOKMARK [2][-]{subsection.2.2}{\376\377\177\026\172\013\133\236\163\260}{section.2}% 6
\BOOKMARK [2][-]{subsection.2.3}{\376\377\140\047\200\375\155\113\213\325}{section.2}% 7
\BOOKMARK [3][-]{subsubsection.2.3.1}{\376\377\155\113\213\325\176\323\147\234\377\010\116\015\124\014\211\304\152\041\133\371\153\324\377\011}{subsection.2.3}% 8
\BOOKMARK [3][-]{subsubsection.2.3.2}{\376\377\121\163\225\056\211\302\133\337\116\016\134\035\213\325\211\343\221\312}{subsection.2.3}% 9
\BOOKMARK [2][-]{subsection.2.4}{\376\377\000P\000r\000o\000f\000i\000l\000i\000n\000g\377\010\000V\000T\000u\000n\000e\122\006\147\220\377\011}{section.2}% 10
\BOOKMARK [3][-]{subsubsection.2.4.1}{\376\377\177\023\133\130\124\175\116\055\163\207\122\006\147\220}{subsection.2.4}% 11
\BOOKMARK [2][-]{subsection.2.5}{\376\377\176\323\147\234\122\006\147\220}{section.2}% 12
\BOOKMARK [1][-]{section.3}{\376\377\133\236\232\214\116\214\377\032\000n\116\052\145\160\154\102\124\214}{}% 13
\BOOKMARK [2][-]{subsection.3.1}{\376\377\173\227\154\325\213\276\213\241}{section.3}% 14
\BOOKMARK [3][-]{subsubsection.3.1.1}{\376\377\136\163\121\341\173\227\154\325\213\276\213\241\140\035\215\357}{subsection.3.1}% 15
\BOOKMARK [3][-]{subsubsection.3.1.2}{\376\377\143\007\116\344\176\247\136\166\210\114\173\227\154\325\213\276\213\241\140\035\215\357}{subsection.3.1}% 16
\BOOKMARK [2][-]{subsection.3.2}{\376\377\177\026\172\013\133\236\163\260}{section.3}% 17
\BOOKMARK [2][-]{subsection.3.3}{\376\377\140\047\200\375\155\113\213\325}{section.3}% 18
\BOOKMARK [3][-]{subsubsection.3.3.1}{\376\377\155\113\213\325\176\323\147\234\377\010\116\015\124\014\211\304\152\041\133\371\153\324\377\011}{subsection.3.3}% 19
\BOOKMARK [3][-]{subsubsection.3.3.2}{\376\377\121\163\225\056\211\302\133\337\116\016\134\035\213\325\211\343\221\312}{subsection.3.3}% 20
\BOOKMARK [2][-]{subsection.3.4}{\376\377\000P\000r\000o\000f\000i\000l\000i\000n\000g\377\010\000V\000T\000u\000n\000e\122\006\147\220\377\011}{section.3}% 21
\BOOKMARK [3][-]{subsubsection.3.4.1}{\376\377\000C\000P\000I\122\006\147\220}{subsection.3.4}% 22
\BOOKMARK [2][-]{subsection.3.5}{\376\377\176\323\147\234\122\006\147\220}{section.3}% 23
\BOOKMARK [1][-]{section.4}{\376\377\133\236\232\214\140\073\176\323\124\214\140\035\200\003}{}% 24
\BOOKMARK [2][-]{subsection.4.1}{\376\377\133\371\153\324\116\044\116\052\133\236\232\214\166\204\137\002\124\014}{section.4}% 25
\BOOKMARK [2][-]{subsection.4.2}{\376\377\140\073\176\323}{section.4}% 26
\BOOKMARK [2][-]{subsection.4.3}{\376\377\217\333\116\000\153\145\117\030\123\026\140\035\200\003}{section.4}% 27
\BOOKMARK [1][-]{section.5}{\376\377\224\376\143\245}{}% 28
