35 [24844] INFO perfrun.launcher <> - Launcher main begin
40 [24844] INFO perfrun.launcher <> - MessageCatalogInit finished
40 [24844] INFO perfrun.launcher <> - Launcher instance created
40 [24844] INFO perfrun.launcher <> - argc = 7; cmdline = C:\Program Files (x86)\Intel\oneAPI\vtune\2025.1\bin64\amplxe-runss.exe --ui-output-format xml --ui-output-fd 1020 --option-file D:\并行程序设计\Analysis\MatrixDotProduct\r006hs3\config\runsa.options 
53 [24844] INFO perfrun.launcher <> - New signal handler callback was added
97 [24844] INFO perfrun.perfcollector <> - SEP tool path: C:\Program Files (x86)\Intel\oneAPI\vtune\2025.1\bin64\sep.exe
104 [24844] INFO perfrun.launcher <> - create msngr2::ICliToolContext
105 [24844] INFO perfrun.launcher <> - create file finder object
105 [24844] INFO perfrun.launcher <> - create a result directory: pattern = D:\并行程序设计\Analysis\MatrixDotProduct\r006hs3 pid = 4294967295
108 [24844] INFO perfrun.launcher <> - create data directory = D:\并行程序设计\Analysis\MatrixDotProduct\r006hs3\data.0
108 [24844] INFO perfrun.launcher <> - Creating the master collection flag
114 [24844] INFO perfrun.launcher <> - Done creating the master collection flag
114 [38192] INFO perfrun.launcher <> - plugin [remoteplug] was disabled because it doesn't support the given collection type.
114 [38192] INFO perfrun.sdk <> - Allocating TMU :D:\并行程序设计\Analysis\MatrixDotProduct\r006hs3\data.0\systemcollector-29732-wyn.sc
115 [38192] INFO perfrun.launcher <> - plugin [] was disabled because it doesn't support the given collection type.
116 [38192] INFO perfrun.launcher <> - plugin [] was disabled because it doesn't support the given collection type.
116 [38192] INFO perfrun.launcher <> - plugin [gpu] was disabled because it doesn't support the given collection type.
116 [38192] INFO perfrun.launcher <> - plugin [etw.kernel] was disabled because it doesn't support the given collection type.
116 [38192] INFO perfrun.launcher <> - plugin [etw.dx] was disabled because it doesn't support the given collection type.
116 [38192] INFO perfrun.launcher <> - plugin [etw.wsa] was disabled because it doesn't support the given collection type.
116 [38192] INFO perfrun.mrte <> - system-wide mode is 0
116 [38192] INFO perfrun.mrte <> - Getting  mrte profiling environment ...
147 [38192] INFO perfrun.mrte <> - INTEL_MRTE_DATA_DIR=D:\并行程序设计\Analysis\MatrixDotProduct\r006hs3\data.0
147 [38192] INFO perfrun.mrte <> - INTEL_MRTE_HOST_NAME=wyn
147 [38192] INFO perfrun.mrte <> - JAVA_TOOL_OPTIONS=-agentlib:amplxe_samplingmrte_javaprof_1.0
148 [38192] INFO perfrun.mrte <> - PATH=C:\Program Files (x86)\Intel\oneAPI\vtune\2025.1\bin32\runtime;C:\Program Files (x86)\Intel\oneAPI\vtune\2025.1\bin64\runtime;D:\课程\软件安全\bin\;D:\驴脦鲁脤\脠铆录镁掳虏脠芦\bin\;C:\Program Files\NVIDIA GPU Computing Toolkit\CUDA\v12.4\bin;C:\Program Files\NVIDIA GPU Computing Toolkit\CUDA\v12.4\libnvvp;C:\WINDOWS\system32;C:\WINDOWS;C:\WINDOWS\System32\Wbem;C:\WINDOWS\System32\WindowsPowerShell\v1.0\;C:\WINDOWS\System32\OpenSSH\;C:\Program Files (x86)\NVIDIA Corporation\PhysX\Common;C:\Program Files\NVIDIA Corporation\NVIDIA NvDLISR;C:\Program Files\Microsoft SQL Server\150\Tools\Binn\;C:\Program Files\Microsoft SQL Server\Client SDK\ODBC\170\Tools\Binn\;C:\Program Files\dotnet\;C:\Program Files (x86)\Windows Kits\10\Windows Performance Toolkit\;D:\;C:\ProgramData\chocolatey\bin;C:\Program Files\NVIDIA Corporation\Nsight Compute 2024.1.1\;D:\anaconda3;D:\anaconda3\Scripts;D:\anaconda3\Library\bin;D:\anaconda3\Library\mingw-w64\bin;D:\anaconda3\envs\yenv;D:\anaconda3\envs\yenv\Scripts;D:\anaconda3\envs\yenv\Library\bin;C:\Users\19302\AppData\Local\Programs\Python\Python312;C:\Users\19302\AppData\Local\Programs\Python\Python312\Scripts;D:\mysql-9.2.0-winx64\bin;D:\Latex\texlive;D:\Latex\texlive\2025\bin\windows;;D:\TDM-GCC\bin;C:\Users\19302\AppData\Local\Microsoft\WindowsApps;C:\Users\19302\.dotnet\tools;D:\Microsoft VS Code\bin;C:\Users\19302\AppData\Roaming\npm
148 [38192] INFO perfrun.mrte <> - COR_ENABLE_PROFILING=1
148 [38192] INFO perfrun.mrte <> - COR_PROFILER={AA5E4821-E3B1-479c-B7FF-5AD047D22CED}
148 [38192] INFO perfrun.mrte <> - COMPLUS_ProfAPI_ProfilerCompatibilitySetting=EnableV2Profiler
148 [38192] INFO perfrun.mrte <> - CORECLR_ENABLE_PROFILING=1
148 [38192] INFO perfrun.mrte <> - CORECLR_PROFILER={AA5E4821-E3B1-479c-B7FF-5AD047D22CED}
148 [38192] INFO perfrun.mrte <> - CORECLR_PROFILER_PATH=C:\Program Files (x86)\Intel\oneAPI\vtune\2025.1\bin64/amplxe_samplingmrte_clrprof_1.0.dll
148 [38192] INFO perfrun.mrte <> - INTEL_MRTE_PROFILER_MODE=mixed
148 [38192] INFO perfrun.mrte <> - Data directory: D:\并行程序设计\Analysis\MatrixDotProduct\r006hs3\data.0
148 [38192] INFO perfrun.mrte <> - Mrte plugin is initialized
148 [38192] INFO perfrun.launcher <> - plugin [emon] was disabled because it doesn't support the given collection type.
148 [38192] INFO perfrun.launcher <> - plugin [cuscol] was disabled because it doesn't support the given collection type.
148 [38192] INFO perfrun.launcher <> - plugin [stdsrc] was disabled because it doesn't support the given collection type.
148 [38192] INFO perfrun.sdk <> - runCmd: "C:\Program Files (x86)\Intel\oneAPI\vtune\2025.1\bin64\sep.exe" -dry-run -ec MEM_LOAD_RETIRED.L1_HIT:sa=1000003:precise=yes,MEM_LOAD_RETIRED.L1_MISS:sa=200003:precise=yes,MEM_LOAD_RETIRED.L2_HIT:sa=200003:precise=yes,MEM_LOAD_RETIRED.L2_MISS:sa=100021:precise=yes,MEM_LOAD_RETIRED.L3_HIT:sa=100021:precise=yes,MEM_LOAD_RETIRED.L3_MISS:sa=50021:precise=yes -experimental
152 [38192] INFO perfrun.sdk <> - runCmd started PID 21444
316 [38192] ERROR perfrun.sepdk <> - Can not configure event - CPU_CLK_UNHALTED.REF_TSC, at file: vcs\perfrun1\plugins\sepdk\src\sepdk_helper.cpp:1090
317 [38192] ERROR perfrun.sepdk <> - Can not configure event - CPU_CLK_UNHALTED.REF_TSC, at file: vcs\perfrun1\plugins\sepdk\src\sepdk_helper.cpp:1090
318 [38192] INFO perfrun.launcher <> - plugin [vtsspp] was disabled because it doesn't support the given collection type.
318 [38192] INFO perfrun.launcher <> - plugin [perf] was disabled because it doesn't support the given collection type.
318 [38192] INFO perfrun.launcher <> - plugin [aoclprofile] was disabled because it doesn't support the given collection type.
318 [38192] INFO perfrun.tpss <> - initialize tpss controller
318 [38192] INFO perfrun.launcher <> - plugin [tpss] was disabled because it doesn't support the given collection type.
318 [38192] INFO perfrun.launcher <> - plugin [] was disabled because it doesn't support the given collection type.
318 [38192] INFO perfrun.launcher <> - plugin [] was disabled because it doesn't support the given collection type.
318 [38192] INFO perfrun.launcher <> - plugin [] was disabled because it doesn't support the given collection type.
318 [38192] INFO perfrun.launcher <> - plugin [] was disabled because it doesn't support the given collection type.
318 [38192] INFO perfrun.launcher <> - plugin [power] was disabled because it doesn't support the given collection type.
318 [38192] INFO perfrun.launcher <> - plugin [] was disabled because it doesn't support the given collection type.
318 [38192] INFO perfrun.launcher <> - plugin [] was disabled because it doesn't support the given collection type.
318 [38192] INFO perfrun.launcher <> - plugin [] was disabled because it doesn't support the given collection type.
318 [38192] INFO perfrun.launcher <> - plugin [l0_metrics] was disabled because it doesn't support the given collection type.
319 [38192] INFO perfrun.launcher <> - plugin [stall_reasons] was disabled because it doesn't support the given collection type.
319 [24844] INFO perfrun.launcher <> - set environment variable: PATH = C:\Program Files (x86)\Intel\oneAPI\vtune\2025.1\bin32\runtime;C:\Program Files (x86)\Intel\oneAPI\vtune\2025.1\bin64\runtime;D:\课程\软件安全\bin\;D:\驴脦鲁脤\脠铆录镁掳虏脠芦\bin\;C:\Program Files\NVIDIA GPU Computing Toolkit\CUDA\v12.4\bin;C:\Program Files\NVIDIA GPU Computing Toolkit\CUDA\v12.4\libnvvp;C:\WINDOWS\system32;C:\WINDOWS;C:\WINDOWS\System32\Wbem;C:\WINDOWS\System32\WindowsPowerShell\v1.0\;C:\WINDOWS\System32\OpenSSH\;C:\Program Files (x86)\NVIDIA Corporation\PhysX\Common;C:\Program Files\NVIDIA Corporation\NVIDIA NvDLISR;C:\Program Files\Microsoft SQL Server\150\Tools\Binn\;C:\Program Files\Microsoft SQL Server\Client SDK\ODBC\170\Tools\Binn\;C:\Program Files\dotnet\;C:\Program Files (x86)\Windows Kits\10\Windows Performance Toolkit\;D:\;C:\ProgramData\chocolatey\bin;C:\Program Files\NVIDIA Corporation\Nsight Compute 2024.1.1\;D:\anaconda3;D:\anaconda3\Scripts;D:\anaconda3\Library\bin;D:\anaconda3\Library\mingw-w64\bin;D:\anaconda3\envs\yenv;D:\anaconda3\envs\yenv\Scripts;D:\anaconda3\envs\yenv\Library\bin;C:\Users\19302\AppData\Local\Programs\Python\Python312;C:\Users\19302\AppData\Local\Programs\Python\Python312\Scripts;D:\mysql-9.2.0-winx64\bin;D:\Latex\texlive;D:\Latex\texlive\2025\bin\windows;;D:\TDM-GCC\bin;C:\Users\19302\AppData\Local\Microsoft\WindowsApps;C:\Users\19302\.dotnet\tools;D:\Microsoft VS Code\bin;C:\Users\19302\AppData\Roaming\npm
319 [24844] INFO perfrun.launcher <> - set environment variable: INTEL_LIBITTNOTIFY32 = C:\Program Files (x86)\Intel\oneAPI\vtune\2025.1\bin32\runtime\ittnotify_collector.dll
319 [24844] INFO perfrun.launcher <> - set environment variable: INTEL_LIBITTNOTIFY64 = C:\Program Files (x86)\Intel\oneAPI\vtune\2025.1\bin64\runtime\ittnotify_collector.dll
319 [24844] INFO perfrun.launcher <> - set environment variable: INTEL_ITTNOTIFY_GROUPS = 
319 [24844] INFO perfrun.launcher <> - set environment variable: INTEL_JIT_PROFILER32 = C:\Program Files (x86)\Intel\oneAPI\vtune\2025.1\bin32\runtime\ittnotify_collector.dll
319 [24844] INFO perfrun.launcher <> - set environment variable: INTEL_JIT_PROFILER64 = C:\Program Files (x86)\Intel\oneAPI\vtune\2025.1\bin64\runtime\ittnotify_collector.dll
320 [24844] INFO perfrun.launcher <> - set environment variable: CCL_ITT_LEVEL = 1
320 [24844] INFO perfrun.launcher <> - set environment variable: ENABLE_JITPROFILING = 1
320 [24844] INFO perfrun.launcher <> - set environment variable: CL_CONFIG_USE_VTUNE = True
320 [24844] INFO perfrun.launcher <> - set environment variable: KMP_FORKJOIN_FRAMES = 0
320 [24844] INFO perfrun.launcher <> - set environment variable: KMP_FORKJOIN_FRAMES_MODE = 0
320 [24844] INFO perfrun.launcher <> - set environment variable: INTEL_MRTE_DATA_DIR = D:\并行程序设计\Analysis\MatrixDotProduct\r006hs3\data.0
320 [24844] INFO perfrun.launcher <> - set environment variable: INTEL_MRTE_HOST_NAME = wyn
321 [24844] INFO perfrun.launcher <> - set environment variable: JAVA_TOOL_OPTIONS = -agentlib:amplxe_samplingmrte_javaprof_1.0
321 [24844] INFO perfrun.launcher <> - set environment variable: PATH = C:\Program Files (x86)\Intel\oneAPI\vtune\2025.1\bin32\runtime;C:\Program Files (x86)\Intel\oneAPI\vtune\2025.1\bin64\runtime;D:\课程\软件安全\bin\;D:\驴脦鲁脤\脠铆录镁掳虏脠芦\bin\;C:\Program Files\NVIDIA GPU Computing Toolkit\CUDA\v12.4\bin;C:\Program Files\NVIDIA GPU Computing Toolkit\CUDA\v12.4\libnvvp;C:\WINDOWS\system32;C:\WINDOWS;C:\WINDOWS\System32\Wbem;C:\WINDOWS\System32\WindowsPowerShell\v1.0\;C:\WINDOWS\System32\OpenSSH\;C:\Program Files (x86)\NVIDIA Corporation\PhysX\Common;C:\Program Files\NVIDIA Corporation\NVIDIA NvDLISR;C:\Program Files\Microsoft SQL Server\150\Tools\Binn\;C:\Program Files\Microsoft SQL Server\Client SDK\ODBC\170\Tools\Binn\;C:\Program Files\dotnet\;C:\Program Files (x86)\Windows Kits\10\Windows Performance Toolkit\;D:\;C:\ProgramData\chocolatey\bin;C:\Program Files\NVIDIA Corporation\Nsight Compute 2024.1.1\;D:\anaconda3;D:\anaconda3\Scripts;D:\anaconda3\Library\bin;D:\anaconda3\Library\mingw-w64\bin;D:\anaconda3\envs\yenv;D:\anaconda3\envs\yenv\Scripts;D:\anaconda3\envs\yenv\Library\bin;C:\Users\19302\AppData\Local\Programs\Python\Python312;C:\Users\19302\AppData\Local\Programs\Python\Python312\Scripts;D:\mysql-9.2.0-winx64\bin;D:\Latex\texlive;D:\Latex\texlive\2025\bin\windows;;D:\TDM-GCC\bin;C:\Users\19302\AppData\Local\Microsoft\WindowsApps;C:\Users\19302\.dotnet\tools;D:\Microsoft VS Code\bin;C:\Users\19302\AppData\Roaming\npm
321 [24844] INFO perfrun.launcher <> - set environment variable: COR_ENABLE_PROFILING = 1
321 [24844] INFO perfrun.launcher <> - set environment variable: COR_PROFILER = {AA5E4821-E3B1-479c-B7FF-5AD047D22CED}
321 [24844] INFO perfrun.launcher <> - set environment variable: COMPLUS_ProfAPI_ProfilerCompatibilitySetting = EnableV2Profiler
321 [24844] INFO perfrun.launcher <> - set environment variable: CORECLR_ENABLE_PROFILING = 1
322 [24844] INFO perfrun.launcher <> - set environment variable: CORECLR_PROFILER = {AA5E4821-E3B1-479c-B7FF-5AD047D22CED}
322 [24844] INFO perfrun.launcher <> - set environment variable: CORECLR_PROFILER_PATH = C:\Program Files (x86)\Intel\oneAPI\vtune\2025.1\bin64/amplxe_samplingmrte_clrprof_1.0.dll
322 [24844] INFO perfrun.launcher <> - set environment variable: INTEL_MRTE_PROFILER_MODE = mixed
322 [24844] INFO perfrun.launcher <> - RpcServer: run RPC server to handle requests
337 [24844] INFO perfrun.sdk <> - IProcessUtil: the given executable 'D:\TDM-GCC\Project\inner product_Cache\bin\Debug\inner product_Cache.exe' is valid.
337 [24844] INFO perfrun.launcher <> - Launcher: command line to start before modification = D:\TDM-GCC\Project\inner product_Cache\bin\Debug\inner product_Cache.exe
337 [24844] INFO perfrun.launcher <> - Launcher: command line to start after modification = D:\TDM-GCC\Project\inner product_Cache\bin\Debug\inner product_Cache.exe
338 [24844] INFO perfrun.launcher <> - ProcessCreator object was created
345 [24844] INFO perfrun.launcher <> - Launcher: the process was started in suspend mode
352 [38192] INFO perfrun.itt <> - start itt controller for pid #12984
354 [38192] INFO perfrun.sdk <> - runCmd: "C:\Program Files (x86)\Intel\oneAPI\vtune\2025.1\bin64\sep.exe" -start -experimental -uem timer=10 -em factor=5 -p-state trigger=CPU_CLK_UNHALTED.REF_TSC -out D:\并行程序设计\Analysis\MatrixDotProduct\r006hs3\data.0\sep9530.20250323T221238.370717 -ec MEM_LOAD_RETIRED.L1_HIT:sa=1000003:precise=yes,MEM_LOAD_RETIRED.L1_MISS:sa=200003:precise=yes,MEM_LOAD_RETIRED.L2_HIT:sa=200003:precise=yes,MEM_LOAD_RETIRED.L2_MISS:sa=100021:precise=yes,MEM_LOAD_RETIRED.L3_HIT:sa=100021:precise=yes,MEM_LOAD_RETIRED.L3_MISS:sa=50021:precise=yes, -d 0 -uem factor=10
360 [38192] INFO perfrun.sdk <> - runCmd started PID 21660
867 [24844] INFO perfrun.launcher <> - Launcher: all plugins were started
867 [24844] INFO perfrun.launcher <> - DirectoryMonitor object was created
868 [24844] INFO perfrun.launcher <> - DirectoryMonitor: a callback was added
868 [24844] INFO perfrun.launcher <> - DirectoryMonitor was started with pingTime = 1000
868 [24844] INFO perfrun.launcher <> - DeadlineTimer is going to be constructed
869 [24844] INFO perfrun.launcher <> - DeadlineTimer: a callback was added
882 [24844] INFO perfrun.launcher <> - Launcher: resume the profiled application and  wait its termination or stop command
907 [24844] INFO perfrun.launcher <> - Launcher: the profiled application was terminated  with exit code = 0
918 [38192] INFO perfrun.itt <> - detach itt controller
918 [38192] INFO perfrun.itt <> - detach itt controller done
918 [38192] INFO perfrun.sdk <> - runCmd: "C:\Program Files (x86)\Intel\oneAPI\vtune\2025.1\bin64\sep.exe" -stop
922 [38192] INFO perfrun.sdk <> - runCmd started PID 22124
1618 [38192] INFO perfrun.sepdk <> - Sampling successfully stopped.

1618 [38192] INFO perfrun.sepdk <> - Waiting for main SEP process (21660) to finish...
1624 [38192] INFO perfrun.sepdk <> - Main SEP process finished
1624 [38192] INFO perfrun.sdk <> - De-allocating TMU: D:\并行程序设计\Analysis\MatrixDotProduct\r006hs3\data.0\systemcollector-29732-wyn.sc
1644 [38192] INFO perfrun.system <> - closed the system trace file: D:\并行程序设计\Analysis\MatrixDotProduct\r006hs3\data.0\systemcollector-29732-wyn.sc
1644 [24844] INFO perfrun.launcher <> - Launcher: all plugins were stopped.
1644 [24844] INFO perfrun.launcher <> - DeadlineTimer is going to be destroyed
1645 [24844] INFO perfrun.launcher <> - DeadlineTimer was destroyed
1645 [24844] INFO perfrun.launcher <> - DirectoryMonitor object was destroyed
1645 [24844] WARN perfrun.launcher <> - Stop command is ignored because it is received when collection is already stopped, at file: vcs\perfrun1\launcher\src\command_handler.cpp:226
1647 [24844] INFO perfrun.launcher <> - Application exit code: 0
1648 [24844] INFO perfrun.launcher <> - Exit code: 0
