\BOOKMARK [1][-]{section.1}{\376\377\133\236\232\214\166\356\150\007}{}% 1
\BOOKMARK [1][-]{section.2}{\376\377\133\236\232\214\136\163\123\360\221\115\177\156}{}% 2
\BOOKMARK [1][-]{section.3}{\376\377\000P\000t\000h\000r\000e\000a\000d\131\032\176\277\172\013\177\026\172\013}{}% 3
\BOOKMARK [2][-]{subsection.3.1}{\376\377\147\064\175\040\000N\000T\000T\166\204\000P\000t\000h\000r\000e\000a\000d\131\032\176\277\172\013\117\030\123\026}{section.3}% 4
\BOOKMARK [3][-]{subsubsection.3.1.1}{\376\377\213\276\213\241\140\035\140\363}{subsection.3.1}% 5
\BOOKMARK [3][-]{subsubsection.3.1.2}{\376\377\116\343\170\001\133\236\163\260}{subsection.3.1}% 6
\BOOKMARK [3][-]{subsubsection.3.1.3}{\376\377\140\047\200\375\122\006\147\220}{subsection.3.1}% 7
\BOOKMARK [2][-]{subsection.3.2}{\376\377\000C\000R\000T\124\010\136\166\166\204\000P\000t\000h\000r\000e\000a\000d\131\032\176\277\172\013\117\030\123\026}{section.3}% 8
\BOOKMARK [3][-]{subsubsection.3.2.1}{\376\377\131\032\152\041\145\160\000C\000R\000T\124\010\136\166\000N\000T\000T}{subsection.3.2}% 9
\BOOKMARK [3][-]{subsubsection.3.2.2}{\376\377\000N\000T\000T\000\137\000C\000R\000T\000\137\0004\000m\000o\000d\166\204\000P\000t\000h\000r\000e\000a\000d\131\032\176\277\172\013\117\030\123\026}{subsection.3.2}% 10
\BOOKMARK [3][-]{subsubsection.3.2.3}{\376\377\140\047\200\375\122\006\147\220}{subsection.3.2}% 11
\BOOKMARK [1][-]{section.4}{\376\377\000O\000p\000e\000n\000M\000P\131\032\176\277\172\013\177\026\172\013}{}% 12
\BOOKMARK [2][-]{subsection.4.1}{\376\377\147\064\175\040\000N\000T\000T\166\204\000O\000p\000e\000n\000M\000P\131\032\176\277\172\013\117\030\123\026}{section.4}% 13
\BOOKMARK [3][-]{subsubsection.4.1.1}{\376\377\213\276\213\241\140\035\140\363}{subsection.4.1}% 14
\BOOKMARK [3][-]{subsubsection.4.1.2}{\376\377\116\343\170\001\133\236\163\260}{subsection.4.1}% 15
\BOOKMARK [3][-]{subsubsection.4.1.3}{\376\377\140\047\200\375\122\006\147\220}{subsection.4.1}% 16
\BOOKMARK [2][-]{subsection.4.2}{\376\377\000C\000R\000T\124\010\136\166\166\204\000O\000p\000e\000n\000M\000P\131\032\176\277\172\013\117\030\123\026}{section.4}% 17
\BOOKMARK [3][-]{subsubsection.4.2.1}{\376\377\213\276\213\241\140\035\140\363}{subsection.4.2}% 18
\BOOKMARK [3][-]{subsubsection.4.2.2}{\376\377\116\343\170\001\133\236\163\260}{subsection.4.2}% 19
\BOOKMARK [3][-]{subsubsection.4.2.3}{\376\377\140\047\200\375\122\006\147\220}{subsection.4.2}% 20
\BOOKMARK [1][-]{section.5}{\376\377\133\236\232\214\140\073\176\323\124\214\140\035\200\003}{}% 21
\BOOKMARK [1][-]{section.6}{\376\377\224\376\143\245}{}% 22
