\BOOKMARK [1][-]{section.1}{\376\377\137\025\212\000}{}% 1
\BOOKMARK [1][-]{section.2}{\376\377\122\115\147\037\133\236\232\214\140\073\176\323\116\016\126\336\230\176}{}% 2
\BOOKMARK [2][-]{subsection.2.1}{\376\377\000S\000I\000M\000D\124\021\221\317\123\026\117\030\123\026\133\236\232\214}{section.2}% 3
\BOOKMARK [3][-]{subsubsection.2.1.1}{\376\377\133\236\232\214\166\356\150\007\116\016\121\205\133\271}{subsection.2.1}% 4
\BOOKMARK [3][-]{subsubsection.2.1.2}{\376\377\142\200\147\057\133\236\163\260\211\201\160\271}{subsection.2.1}% 5
\BOOKMARK [3][-]{subsubsection.2.1.3}{\376\377\133\236\232\214\176\323\147\234\122\006\147\220}{subsection.2.1}% 6
\BOOKMARK [2][-]{subsection.2.2}{\376\377\000P\000t\000h\000r\000e\000a\000d\116\016\000O\000p\000e\000n\000M\000P\131\032\176\277\172\013\117\030\123\026\133\236\232\214}{section.2}% 7
\BOOKMARK [3][-]{subsubsection.2.2.1}{\376\377\133\236\232\214\166\356\150\007\116\016\121\205\133\271}{subsection.2.2}% 8
\BOOKMARK [3][-]{subsubsection.2.2.2}{\376\377\142\200\147\057\133\236\163\260\211\201\160\271}{subsection.2.2}% 9
\BOOKMARK [3][-]{subsubsection.2.2.3}{\376\377\133\236\232\214\176\323\147\234\122\006\147\220}{subsection.2.2}% 10
\BOOKMARK [2][-]{subsection.2.3}{\376\377\000M\000P\000I\122\006\136\003\137\017\136\166\210\114\133\236\232\214}{section.2}% 11
\BOOKMARK [3][-]{subsubsection.2.3.1}{\376\377\133\236\232\214\166\356\150\007\116\016\121\205\133\271}{subsection.2.3}% 12
\BOOKMARK [3][-]{subsubsection.2.3.2}{\376\377\142\200\147\057\133\236\163\260\211\201\160\271}{subsection.2.3}% 13
\BOOKMARK [3][-]{subsubsection.2.3.3}{\376\377\133\236\232\214\176\323\147\234\122\006\147\220}{subsection.2.3}% 14
\BOOKMARK [2][-]{subsection.2.4}{\376\377\000G\000P\000U\137\002\147\204\213\241\173\227\133\236\232\214}{section.2}% 15
\BOOKMARK [3][-]{subsubsection.2.4.1}{\376\377\133\236\232\214\166\356\150\007\116\016\121\205\133\271}{subsection.2.4}% 16
\BOOKMARK [3][-]{subsubsection.2.4.2}{\376\377\142\200\147\057\133\236\163\260\211\201\160\271}{subsection.2.4}% 17
\BOOKMARK [3][-]{subsubsection.2.4.3}{\376\377\133\236\232\214\176\323\147\234\122\006\147\220}{subsection.2.4}% 18
\BOOKMARK [1][-]{section.3}{\376\377\176\374\124\010\136\166\210\114\117\030\123\026\213\276\213\241\116\016\122\033\145\260}{}% 19
\BOOKMARK [2][-]{subsection.3.1}{\376\377\176\374\124\010\117\030\123\026\215\357\176\277\116\000\377\032\000C\000P\000U\131\032\176\247\117\030\123\026\215\357\176\277}{section.3}% 20
\BOOKMARK [3][-]{subsubsection.3.1.1}{\376\377\213\276\213\241\140\035\215\357}{subsection.3.1}% 21
\BOOKMARK [3][-]{subsubsection.3.1.2}{\376\377\121\163\225\056\142\200\147\057\133\236\163\260}{subsection.3.1}% 22
\BOOKMARK [3][-]{subsubsection.3.1.3}{\376\377\140\047\200\375\122\006\147\220}{subsection.3.1}% 23
\BOOKMARK [2][-]{subsection.3.2}{\376\377\176\374\124\010\117\030\123\026\215\357\176\277\116\214\377\032\000G\000P\000U\131\032\176\247\117\030\123\026\215\357\176\277}{section.3}% 24
\BOOKMARK [3][-]{subsubsection.3.2.1}{\376\377\213\276\213\241\140\035\215\357}{subsection.3.2}% 25
\BOOKMARK [3][-]{subsubsection.3.2.2}{\376\377\121\163\225\056\142\200\147\057\133\236\163\260}{subsection.3.2}% 26
\BOOKMARK [3][-]{subsubsection.3.2.3}{\376\377\140\047\200\375\122\006\147\220}{subsection.3.2}% 27
\BOOKMARK [2][-]{subsection.3.3}{\376\377\176\374\124\010\117\030\123\026\215\357\176\277\116\011\377\032\000C\000P\000U\000-\000G\000P\000U\137\002\147\204\123\117\124\014\213\241\173\227}{section.3}% 28
\BOOKMARK [3][-]{subsubsection.3.3.1}{\376\377\213\276\213\241\140\035\215\357}{subsection.3.3}% 29
\BOOKMARK [3][-]{subsubsection.3.3.2}{\376\377\121\163\225\056\142\200\147\057\133\236\163\260}{subsection.3.3}% 30
\BOOKMARK [3][-]{subsubsection.3.3.3}{\376\377\140\047\200\375\122\006\147\220}{subsection.3.3}% 31
\BOOKMARK [2][-]{subsection.3.4}{\376\377\176\374\124\010\117\030\123\026\145\110\147\234\140\073\176\323}{section.3}% 32
\BOOKMARK [1][-]{section.4}{\376\377\142\200\147\057\122\033\145\260\116\016\215\041\163\056}{}% 33
\BOOKMARK [2][-]{subsection.4.1}{\376\377\173\227\154\325\134\102\227\142\122\033\145\260}{section.4}% 34
\BOOKMARK [2][-]{subsection.4.2}{\376\377\174\373\176\337\134\102\227\142\122\033\145\260}{section.4}% 35
\BOOKMARK [1][-]{section.5}{\376\377\140\047\200\375\122\006\147\220\116\016\213\250\213\272}{}% 36
\BOOKMARK [2][-]{subsection.5.1}{\376\377\140\047\200\375\164\366\230\210\122\006\147\220}{section.5}% 37
\BOOKMARK [3][-]{subsubsection.5.1.1}{\376\377\000C\000P\000U\136\166\210\114\164\366\230\210}{subsection.5.1}% 38
\BOOKMARK [3][-]{subsubsection.5.1.2}{\376\377\000G\000P\000U\136\166\210\114\164\366\230\210}{subsection.5.1}% 39
\BOOKMARK [3][-]{subsubsection.5.1.3}{\376\377\137\002\147\204\213\241\173\227\164\366\230\210}{subsection.5.1}% 40
\BOOKMARK [2][-]{subsection.5.2}{\376\377\117\030\123\026\173\126\165\145\145\110\147\234\122\006\147\220}{section.5}% 41
\BOOKMARK [2][-]{subsection.5.3}{\376\377\220\002\165\050\127\072\146\157\122\006\147\220}{section.5}% 42
\BOOKMARK [1][-]{section.6}{\376\377\133\146\116\140\140\073\176\323\116\016\123\315\140\035}{}% 43
\BOOKMARK [2][-]{subsection.6.1}{\376\377\142\200\147\057\145\066\203\267}{section.6}% 44
\BOOKMARK [3][-]{subsubsection.6.1.1}{\376\377\136\166\210\114\177\026\172\013\152\041\127\213}{subsection.6.1}% 45
\BOOKMARK [3][-]{subsubsection.6.1.2}{\376\377\173\227\154\325\117\030\123\026}{subsection.6.1}% 46
\BOOKMARK [3][-]{subsubsection.6.1.3}{\376\377\174\373\176\337\140\035\176\364}{subsection.6.1}% 47
\BOOKMARK [2][-]{subsection.6.2}{\376\377\133\236\215\365\176\317\232\214}{section.6}% 48
\BOOKMARK [3][-]{subsubsection.6.2.1}{\376\377\214\003\213\325\142\200\135\347}{subsection.6.2}% 49
\BOOKMARK [3][-]{subsubsection.6.2.2}{\376\377\135\345\172\013\133\236\215\365}{subsection.6.2}% 50
\BOOKMARK [2][-]{subsection.6.3}{\376\377\123\315\140\035\116\016\134\125\147\033}{section.6}% 51
\BOOKMARK [3][-]{subsubsection.6.3.1}{\376\377\116\015\215\263\116\113\131\004}{subsection.6.3}% 52
\BOOKMARK [3][-]{subsubsection.6.3.2}{\376\377\147\052\147\145\133\146\116\140\145\271\124\021}{subsection.6.3}% 53
\BOOKMARK [1][-]{section.7}{\376\377\176\323\213\272}{}% 54
\BOOKMARK [1][-]{section.8}{\376\377\224\376\143\245}{}% 55
