\BOOKMARK [1][-]{section.1}{\376\377\133\236\232\214\211\201\154\102}{}% 1
\BOOKMARK [1][-]{section.2}{\376\377\133\236\232\214\123\237\164\006}{}% 2
\BOOKMARK [2][-]{subsection.2.1}{\376\377\226\366\167\345\213\306\213\301\146\016\127\372\147\054\140\035\140\363}{section.2}% 3
\BOOKMARK [2][-]{subsection.2.2}{\376\377\000S\000c\000h\000n\000o\000r\000r\000\040\123\117\213\256\116\016\000\040\000F\000i\000a\000t\000-\000S\000h\000a\000m\000i\000r\000\040\123\330\143\142}{section.2}% 4
\BOOKMARK [2][-]{subsection.2.3}{\376\377\134\006\116\011\153\041\145\271\172\013\217\154\123\026\116\072\146\362\176\277\160\271\121\163\174\373}{section.2}% 5
\BOOKMARK [2][-]{subsection.2.4}{\376\377\133\236\163\260\145\271\150\110\213\364\146\016}{section.2}% 6
\BOOKMARK [1][-]{section.3}{\376\377\133\236\232\214\217\307\172\013}{}% 7
\BOOKMARK [2][-]{subsection.3.1}{\376\377\133\374\121\145\136\223\136\166\213\276\177\156\121\154\137\000\123\302\145\160}{section.3}% 8
\BOOKMARK [2][-]{subsection.3.2}{\376\377\133\236\163\260\151\055\127\006\146\362\176\277\127\372\170\100\217\320\173\227}{section.3}% 9
\BOOKMARK [2][-]{subsection.3.3}{\376\377\133\236\163\260\124\310\136\014\177\026\170\001\124\214\000\040\000F\000i\000a\000t\000-\000S\000h\000a\000m\000i\000r\000\040\143\021\142\030}{section.3}% 10
\BOOKMARK [2][-]{subsection.3.4}{\376\377\133\236\163\260\000\040\000C\000h\000a\000u\000m\000-\000P\000e\000d\000e\000r\000s\000e\000n\000\040\133\120\213\301\146\016}{section.3}% 11
\BOOKMARK [2][-]{subsection.3.5}{\376\377\133\236\163\260\000\040\000A\000l\000i\000c\000e\000\040\166\204\213\301\146\016\165\037\142\020\173\227\154\325}{section.3}% 12
\BOOKMARK [2][-]{subsection.3.6}{\376\377\133\236\163\260\232\214\213\301\200\005\166\204\213\301\146\016\232\214\213\301\173\227\154\325}{section.3}% 13
\BOOKMARK [2][-]{subsection.3.7}{\376\377\217\320\210\114\153\143\170\156\150\067\117\213}{section.3}% 14
\BOOKMARK [2][-]{subsection.3.8}{\376\377\173\341\145\071\155\113\213\325\116\016\225\031\213\357\211\301\213\301\155\113\213\325}{section.3}% 15
\BOOKMARK [1][-]{section.4}{\376\377\133\236\232\214\176\323\147\234\122\006\147\220}{}% 16
\BOOKMARK [2][-]{subsection.4.1}{\376\377\153\143\170\156\140\047\122\006\147\220}{section.4}% 17
\BOOKMARK [2][-]{subsection.4.2}{\376\377\123\357\227\140\140\047\122\006\147\220}{section.4}% 18
\BOOKMARK [2][-]{subsection.4.3}{\376\377\226\366\167\345\213\306\140\047\122\006\147\220}{section.4}% 19
\BOOKMARK [1][-]{section.5}{\376\377\176\323\213\272\116\016\133\236\215\365\137\303\137\227}{}% 20
