
*** Running vivado
    with args -log pipeline_cpu_display.vds -m64 -product Vivado -mode batch -messageDb vivado.pb -notrace -source pipeline_cpu_display.tcl


****** Vivado v2019.2 (64-bit)
  **** SW Build 2708876 on Wed Nov  6 21:40:23 MST 2019
  **** IP Build 2700528 on Thu Nov  7 00:09:20 MST 2019
    ** Copyright 1986-2019 Xilinx, Inc. All Rights Reserved.

source pipeline_cpu_display.tcl -notrace
Command: synth_design -top pipeline_cpu_display -part xc7a200tfbg676-2
Starting synth_design
Attempting to get a license for feature 'Synthesis' and/or device 'xc7a200t'
INFO: [Common 17-349] Got license for feature 'Synthesis' and/or device 'xc7a200t'
INFO: [Device 21-403] Loading part xc7a200tfbg676-2
INFO: Launching helper process for spawning children vivado processes
INFO: Helper process launched with PID 35460 
WARNING: [Synth 8-6901] identifier 'multiplier' is used before its declaration [D:/pipline_better/lab5/labcode/mycpu/multiply.v:18]
---------------------------------------------------------------------------------
Starting RTL Elaboration : Time (s): cpu = 00:00:02 ; elapsed = 00:00:02 . Memory (MB): peak = 1035.547 ; gain = 243.020
---------------------------------------------------------------------------------
INFO: [Synth 8-6157] synthesizing module 'pipeline_cpu_display' [D:/pipline_better/lab5/labcode/mycpu/pipeline_cpu_display.v:8]
INFO: [Synth 8-6157] synthesizing module 'BUFGCE' [D:/vivado/Vivado/2019.2/scripts/rt/data/unisim_comp.v:1085]
	Parameter CE_TYPE bound to: SYNC - type: string 
	Parameter IS_CE_INVERTED bound to: 1'b0 
	Parameter IS_I_INVERTED bound to: 1'b0 
	Parameter SIM_DEVICE bound to: ULTRASCALE - type: string 
	Parameter STARTUP_SYNC bound to: FALSE - type: string 
INFO: [Synth 8-6155] done synthesizing module 'BUFGCE' (1#1) [D:/vivado/Vivado/2019.2/scripts/rt/data/unisim_comp.v:1085]
INFO: [Synth 8-6157] synthesizing module 'pipeline_cpu' [D:/pipline_better/lab5/labcode/mycpu/pipeline_cpu.v:8]
INFO: [Synth 8-6157] synthesizing module 'tlb' [D:/pipline_better/lab5/labcode/mycpu/tlb.v:3]
	Parameter TLBNUM bound to: 16 - type: integer 
WARNING: [Synth 8-6090] variable 's0_hit_index' is written by both blocking and non-blocking assignments, entire logic could be removed [D:/pipline_better/lab5/labcode/mycpu/tlb.v:114]
WARNING: [Synth 8-6090] variable 's1_hit_index' is written by both blocking and non-blocking assignments, entire logic could be removed [D:/pipline_better/lab5/labcode/mycpu/tlb.v:118]
WARNING: [Synth 8-6090] variable 's0_hit_index' is written by both blocking and non-blocking assignments, entire logic could be removed [D:/pipline_better/lab5/labcode/mycpu/tlb.v:114]
WARNING: [Synth 8-6090] variable 's1_hit_index' is written by both blocking and non-blocking assignments, entire logic could be removed [D:/pipline_better/lab5/labcode/mycpu/tlb.v:118]
WARNING: [Synth 8-6090] variable 's0_hit_index' is written by both blocking and non-blocking assignments, entire logic could be removed [D:/pipline_better/lab5/labcode/mycpu/tlb.v:114]
WARNING: [Synth 8-6090] variable 's1_hit_index' is written by both blocking and non-blocking assignments, entire logic could be removed [D:/pipline_better/lab5/labcode/mycpu/tlb.v:118]
WARNING: [Synth 8-6090] variable 's0_hit_index' is written by both blocking and non-blocking assignments, entire logic could be removed [D:/pipline_better/lab5/labcode/mycpu/tlb.v:114]
WARNING: [Synth 8-6090] variable 's1_hit_index' is written by both blocking and non-blocking assignments, entire logic could be removed [D:/pipline_better/lab5/labcode/mycpu/tlb.v:118]
WARNING: [Synth 8-6090] variable 's0_hit_index' is written by both blocking and non-blocking assignments, entire logic could be removed [D:/pipline_better/lab5/labcode/mycpu/tlb.v:114]
WARNING: [Synth 8-6090] variable 's1_hit_index' is written by both blocking and non-blocking assignments, entire logic could be removed [D:/pipline_better/lab5/labcode/mycpu/tlb.v:118]
WARNING: [Synth 8-6090] variable 's0_hit_index' is written by both blocking and non-blocking assignments, entire logic could be removed [D:/pipline_better/lab5/labcode/mycpu/tlb.v:114]
WARNING: [Synth 8-6090] variable 's1_hit_index' is written by both blocking and non-blocking assignments, entire logic could be removed [D:/pipline_better/lab5/labcode/mycpu/tlb.v:118]
WARNING: [Synth 8-6090] variable 's0_hit_index' is written by both blocking and non-blocking assignments, entire logic could be removed [D:/pipline_better/lab5/labcode/mycpu/tlb.v:114]
WARNING: [Synth 8-6090] variable 's1_hit_index' is written by both blocking and non-blocking assignments, entire logic could be removed [D:/pipline_better/lab5/labcode/mycpu/tlb.v:118]
WARNING: [Synth 8-6090] variable 's0_hit_index' is written by both blocking and non-blocking assignments, entire logic could be removed [D:/pipline_better/lab5/labcode/mycpu/tlb.v:114]
WARNING: [Synth 8-6090] variable 's1_hit_index' is written by both blocking and non-blocking assignments, entire logic could be removed [D:/pipline_better/lab5/labcode/mycpu/tlb.v:118]
WARNING: [Synth 8-6090] variable 's0_hit_index' is written by both blocking and non-blocking assignments, entire logic could be removed [D:/pipline_better/lab5/labcode/mycpu/tlb.v:114]
WARNING: [Synth 8-6090] variable 's1_hit_index' is written by both blocking and non-blocking assignments, entire logic could be removed [D:/pipline_better/lab5/labcode/mycpu/tlb.v:118]
WARNING: [Synth 8-6090] variable 's0_hit_index' is written by both blocking and non-blocking assignments, entire logic could be removed [D:/pipline_better/lab5/labcode/mycpu/tlb.v:114]
WARNING: [Synth 8-6090] variable 's1_hit_index' is written by both blocking and non-blocking assignments, entire logic could be removed [D:/pipline_better/lab5/labcode/mycpu/tlb.v:118]
WARNING: [Synth 8-6090] variable 's0_hit_index' is written by both blocking and non-blocking assignments, entire logic could be removed [D:/pipline_better/lab5/labcode/mycpu/tlb.v:114]
WARNING: [Synth 8-6090] variable 's1_hit_index' is written by both blocking and non-blocking assignments, entire logic could be removed [D:/pipline_better/lab5/labcode/mycpu/tlb.v:118]
WARNING: [Synth 8-6090] variable 's0_hit_index' is written by both blocking and non-blocking assignments, entire logic could be removed [D:/pipline_better/lab5/labcode/mycpu/tlb.v:114]
WARNING: [Synth 8-6090] variable 's1_hit_index' is written by both blocking and non-blocking assignments, entire logic could be removed [D:/pipline_better/lab5/labcode/mycpu/tlb.v:118]
WARNING: [Synth 8-6090] variable 's0_hit_index' is written by both blocking and non-blocking assignments, entire logic could be removed [D:/pipline_better/lab5/labcode/mycpu/tlb.v:114]
WARNING: [Synth 8-6090] variable 's1_hit_index' is written by both blocking and non-blocking assignments, entire logic could be removed [D:/pipline_better/lab5/labcode/mycpu/tlb.v:118]
WARNING: [Synth 8-6090] variable 's0_hit_index' is written by both blocking and non-blocking assignments, entire logic could be removed [D:/pipline_better/lab5/labcode/mycpu/tlb.v:114]
WARNING: [Synth 8-6090] variable 's1_hit_index' is written by both blocking and non-blocking assignments, entire logic could be removed [D:/pipline_better/lab5/labcode/mycpu/tlb.v:118]
WARNING: [Synth 8-6090] variable 's0_hit_index' is written by both blocking and non-blocking assignments, entire logic could be removed [D:/pipline_better/lab5/labcode/mycpu/tlb.v:114]
WARNING: [Synth 8-6090] variable 's1_hit_index' is written by both blocking and non-blocking assignments, entire logic could be removed [D:/pipline_better/lab5/labcode/mycpu/tlb.v:118]
WARNING: [Synth 8-6090] variable 's0_hit_index' is written by both blocking and non-blocking assignments, entire logic could be removed [D:/pipline_better/lab5/labcode/mycpu/tlb.v:114]
WARNING: [Synth 8-6090] variable 's1_hit_index' is written by both blocking and non-blocking assignments, entire logic could be removed [D:/pipline_better/lab5/labcode/mycpu/tlb.v:118]
INFO: [Synth 8-6155] done synthesizing module 'tlb' (2#1) [D:/pipline_better/lab5/labcode/mycpu/tlb.v:3]
INFO: [Synth 8-6157] synthesizing module 'fetch' [D:/pipline_better/lab5/labcode/mycpu/fetch.v:9]
INFO: [Synth 8-6155] done synthesizing module 'fetch' (3#1) [D:/pipline_better/lab5/labcode/mycpu/fetch.v:9]
INFO: [Synth 8-6157] synthesizing module 'decode' [D:/pipline_better/lab5/labcode/mycpu/decode.v:9]
INFO: [Synth 8-6155] done synthesizing module 'decode' (4#1) [D:/pipline_better/lab5/labcode/mycpu/decode.v:9]
INFO: [Synth 8-6157] synthesizing module 'exe' [D:/pipline_better/lab5/labcode/mycpu/exe.v:9]
INFO: [Synth 8-6157] synthesizing module 'alu' [D:/pipline_better/lab5/labcode/mycpu/alu.v:8]
INFO: [Synth 8-6157] synthesizing module 'adder' [D:/pipline_better/lab5/labcode/mycpu/adder.v:8]
INFO: [Synth 8-6155] done synthesizing module 'adder' (5#1) [D:/pipline_better/lab5/labcode/mycpu/adder.v:8]
INFO: [Synth 8-6155] done synthesizing module 'alu' (6#1) [D:/pipline_better/lab5/labcode/mycpu/alu.v:8]
INFO: [Synth 8-6157] synthesizing module 'multiply' [D:/pipline_better/lab5/labcode/mycpu/multiply.v:8]
INFO: [Synth 8-6155] done synthesizing module 'multiply' (7#1) [D:/pipline_better/lab5/labcode/mycpu/multiply.v:8]
INFO: [Synth 8-6155] done synthesizing module 'exe' (8#1) [D:/pipline_better/lab5/labcode/mycpu/exe.v:9]
INFO: [Synth 8-6157] synthesizing module 'mem' [D:/pipline_better/lab5/labcode/mycpu/mem.v:9]
INFO: [Synth 8-226] default block is never used [D:/pipline_better/lab5/labcode/mycpu/mem.v:89]
INFO: [Synth 8-226] default block is never used [D:/pipline_better/lab5/labcode/mycpu/mem.v:106]
INFO: [Synth 8-6155] done synthesizing module 'mem' (9#1) [D:/pipline_better/lab5/labcode/mycpu/mem.v:9]
INFO: [Synth 8-6157] synthesizing module 'wb' [D:/pipline_better/lab5/labcode/mycpu/wb.v:7]
INFO: [Synth 8-6155] done synthesizing module 'wb' (10#1) [D:/pipline_better/lab5/labcode/mycpu/wb.v:7]
INFO: [Synth 8-6157] synthesizing module 'icache_stub' [D:/pipline_better/lab5/labcode/mycpu/icache_stub.v:3]
INFO: [Synth 8-6157] synthesizing module 'inst_rom' [D:/pipline_better/lab4/lab11/CPU_CDE_AXI/mycpu_axi_verify/run_vivado/mycpu_prj1/tlb-cache/tlb-cache.runs/synth_1/.Xil/Vivado-19840-wyn/realtime/inst_rom_stub.v:6]
INFO: [Synth 8-6155] done synthesizing module 'inst_rom' (11#1) [D:/pipline_better/lab4/lab11/CPU_CDE_AXI/mycpu_axi_verify/run_vivado/mycpu_prj1/tlb-cache/tlb-cache.runs/synth_1/.Xil/Vivado-19840-wyn/realtime/inst_rom_stub.v:6]
INFO: [Synth 8-6155] done synthesizing module 'icache_stub' (12#1) [D:/pipline_better/lab5/labcode/mycpu/icache_stub.v:3]
INFO: [Synth 8-6157] synthesizing module 'regfile' [D:/pipline_better/lab5/labcode/mycpu/regfile.v:8]
WARNING: [Synth 8-6014] Unused sequential element rf_reg[0] was removed.  [D:/pipline_better/lab5/labcode/mycpu/regfile.v:27]
INFO: [Synth 8-6155] done synthesizing module 'regfile' (13#1) [D:/pipline_better/lab5/labcode/mycpu/regfile.v:8]
INFO: [Synth 8-6157] synthesizing module 'dcache_stub' [D:/pipline_better/lab5/labcode/mycpu/dcache_stub.v:3]
INFO: [Synth 8-6157] synthesizing module 'data_ram' [D:/pipline_better/lab4/lab11/CPU_CDE_AXI/mycpu_axi_verify/run_vivado/mycpu_prj1/tlb-cache/tlb-cache.runs/synth_1/.Xil/Vivado-19840-wyn/realtime/data_ram_stub.v:6]
INFO: [Synth 8-6155] done synthesizing module 'data_ram' (14#1) [D:/pipline_better/lab4/lab11/CPU_CDE_AXI/mycpu_axi_verify/run_vivado/mycpu_prj1/tlb-cache/tlb-cache.runs/synth_1/.Xil/Vivado-19840-wyn/realtime/data_ram_stub.v:6]
WARNING: [Synth 8-7023] instance 'data_ram_module' of module 'data_ram' has 11 connections declared, but only 10 given [D:/pipline_better/lab5/labcode/mycpu/dcache_stub.v:13]
INFO: [Synth 8-6155] done synthesizing module 'dcache_stub' (15#1) [D:/pipline_better/lab5/labcode/mycpu/dcache_stub.v:3]
INFO: [Synth 8-6155] done synthesizing module 'pipeline_cpu' (16#1) [D:/pipline_better/lab5/labcode/mycpu/pipeline_cpu.v:8]
WARNING: [Synth 8-7023] instance 'cpu' of module 'pipeline_cpu' has 16 connections declared, but only 15 given [D:/pipline_better/lab5/labcode/mycpu/pipeline_cpu_display.v:57]
INFO: [Synth 8-6157] synthesizing module 'lcd_module' [D:/pipline_better/lab4/lab11/CPU_CDE_AXI/mycpu_axi_verify/run_vivado/mycpu_prj1/tlb-cache/tlb-cache.runs/synth_1/.Xil/Vivado-19840-wyn/realtime/lcd_module_stub.v:6]
INFO: [Synth 8-6155] done synthesizing module 'lcd_module' (17#1) [D:/pipline_better/lab4/lab11/CPU_CDE_AXI/mycpu_axi_verify/run_vivado/mycpu_prj1/tlb-cache/tlb-cache.runs/synth_1/.Xil/Vivado-19840-wyn/realtime/lcd_module_stub.v:6]
INFO: [Synth 8-6155] done synthesizing module 'pipeline_cpu_display' (18#1) [D:/pipline_better/lab5/labcode/mycpu/pipeline_cpu_display.v:8]
WARNING: [Synth 8-3331] design dcache_stub has unconnected port resetn
WARNING: [Synth 8-3331] design dcache_stub has unconnected port cpu_paddr[31]
WARNING: [Synth 8-3331] design dcache_stub has unconnected port cpu_paddr[30]
WARNING: [Synth 8-3331] design dcache_stub has unconnected port cpu_paddr[29]
WARNING: [Synth 8-3331] design dcache_stub has unconnected port cpu_paddr[28]
WARNING: [Synth 8-3331] design dcache_stub has unconnected port cpu_paddr[27]
WARNING: [Synth 8-3331] design dcache_stub has unconnected port cpu_paddr[26]
WARNING: [Synth 8-3331] design dcache_stub has unconnected port cpu_paddr[25]
WARNING: [Synth 8-3331] design dcache_stub has unconnected port cpu_paddr[24]
WARNING: [Synth 8-3331] design dcache_stub has unconnected port cpu_paddr[23]
WARNING: [Synth 8-3331] design dcache_stub has unconnected port cpu_paddr[22]
WARNING: [Synth 8-3331] design dcache_stub has unconnected port cpu_paddr[21]
WARNING: [Synth 8-3331] design dcache_stub has unconnected port cpu_paddr[20]
WARNING: [Synth 8-3331] design dcache_stub has unconnected port cpu_paddr[19]
WARNING: [Synth 8-3331] design dcache_stub has unconnected port cpu_paddr[18]
WARNING: [Synth 8-3331] design dcache_stub has unconnected port cpu_paddr[17]
WARNING: [Synth 8-3331] design dcache_stub has unconnected port cpu_paddr[16]
WARNING: [Synth 8-3331] design dcache_stub has unconnected port cpu_paddr[15]
WARNING: [Synth 8-3331] design dcache_stub has unconnected port cpu_paddr[14]
WARNING: [Synth 8-3331] design dcache_stub has unconnected port cpu_paddr[13]
WARNING: [Synth 8-3331] design dcache_stub has unconnected port cpu_paddr[12]
WARNING: [Synth 8-3331] design dcache_stub has unconnected port cpu_paddr[11]
WARNING: [Synth 8-3331] design dcache_stub has unconnected port cpu_paddr[10]
WARNING: [Synth 8-3331] design dcache_stub has unconnected port cpu_paddr[1]
WARNING: [Synth 8-3331] design dcache_stub has unconnected port cpu_paddr[0]
WARNING: [Synth 8-3331] design dcache_stub has unconnected port debug_addr[31]
WARNING: [Synth 8-3331] design dcache_stub has unconnected port debug_addr[30]
WARNING: [Synth 8-3331] design dcache_stub has unconnected port debug_addr[29]
WARNING: [Synth 8-3331] design dcache_stub has unconnected port debug_addr[28]
WARNING: [Synth 8-3331] design dcache_stub has unconnected port debug_addr[27]
WARNING: [Synth 8-3331] design dcache_stub has unconnected port debug_addr[26]
WARNING: [Synth 8-3331] design dcache_stub has unconnected port debug_addr[25]
WARNING: [Synth 8-3331] design dcache_stub has unconnected port debug_addr[24]
WARNING: [Synth 8-3331] design dcache_stub has unconnected port debug_addr[23]
WARNING: [Synth 8-3331] design dcache_stub has unconnected port debug_addr[22]
WARNING: [Synth 8-3331] design dcache_stub has unconnected port debug_addr[21]
WARNING: [Synth 8-3331] design dcache_stub has unconnected port debug_addr[20]
WARNING: [Synth 8-3331] design dcache_stub has unconnected port debug_addr[19]
WARNING: [Synth 8-3331] design dcache_stub has unconnected port debug_addr[18]
WARNING: [Synth 8-3331] design dcache_stub has unconnected port debug_addr[17]
WARNING: [Synth 8-3331] design dcache_stub has unconnected port debug_addr[16]
WARNING: [Synth 8-3331] design dcache_stub has unconnected port debug_addr[15]
WARNING: [Synth 8-3331] design dcache_stub has unconnected port debug_addr[14]
WARNING: [Synth 8-3331] design dcache_stub has unconnected port debug_addr[13]
WARNING: [Synth 8-3331] design dcache_stub has unconnected port debug_addr[12]
WARNING: [Synth 8-3331] design dcache_stub has unconnected port debug_addr[11]
WARNING: [Synth 8-3331] design dcache_stub has unconnected port debug_addr[10]
WARNING: [Synth 8-3331] design dcache_stub has unconnected port debug_addr[1]
WARNING: [Synth 8-3331] design dcache_stub has unconnected port debug_addr[0]
WARNING: [Synth 8-3331] design icache_stub has unconnected port resetn
WARNING: [Synth 8-3331] design icache_stub has unconnected port paddr[31]
WARNING: [Synth 8-3331] design icache_stub has unconnected port paddr[30]
WARNING: [Synth 8-3331] design icache_stub has unconnected port paddr[29]
WARNING: [Synth 8-3331] design icache_stub has unconnected port paddr[28]
WARNING: [Synth 8-3331] design icache_stub has unconnected port paddr[27]
WARNING: [Synth 8-3331] design icache_stub has unconnected port paddr[26]
WARNING: [Synth 8-3331] design icache_stub has unconnected port paddr[25]
WARNING: [Synth 8-3331] design icache_stub has unconnected port paddr[24]
WARNING: [Synth 8-3331] design icache_stub has unconnected port paddr[23]
WARNING: [Synth 8-3331] design icache_stub has unconnected port paddr[22]
WARNING: [Synth 8-3331] design icache_stub has unconnected port paddr[21]
WARNING: [Synth 8-3331] design icache_stub has unconnected port paddr[20]
WARNING: [Synth 8-3331] design icache_stub has unconnected port paddr[19]
WARNING: [Synth 8-3331] design icache_stub has unconnected port paddr[18]
WARNING: [Synth 8-3331] design icache_stub has unconnected port paddr[17]
WARNING: [Synth 8-3331] design icache_stub has unconnected port paddr[16]
WARNING: [Synth 8-3331] design icache_stub has unconnected port paddr[15]
WARNING: [Synth 8-3331] design icache_stub has unconnected port paddr[14]
WARNING: [Synth 8-3331] design icache_stub has unconnected port paddr[13]
WARNING: [Synth 8-3331] design icache_stub has unconnected port paddr[12]
WARNING: [Synth 8-3331] design icache_stub has unconnected port paddr[11]
WARNING: [Synth 8-3331] design icache_stub has unconnected port paddr[10]
WARNING: [Synth 8-3331] design icache_stub has unconnected port paddr[1]
WARNING: [Synth 8-3331] design icache_stub has unconnected port paddr[0]
WARNING: [Synth 8-3331] design wb has unconnected port MEM_WB_bus_r[80]
WARNING: [Synth 8-3331] design exe has unconnected port ID_EXE_bus_r[206]
---------------------------------------------------------------------------------
Finished RTL Elaboration : Time (s): cpu = 00:00:03 ; elapsed = 00:00:03 . Memory (MB): peak = 1100.309 ; gain = 307.781
---------------------------------------------------------------------------------

Report Check Netlist: 
+------+------------------+-------+---------+-------+------------------+
|      |Item              |Errors |Warnings |Status |Description       |
+------+------------------+-------+---------+-------+------------------+
|1     |multi_driven_nets |      0|        0|Passed |Multi driven nets |
+------+------------------+-------+---------+-------+------------------+
---------------------------------------------------------------------------------
Start Handling Custom Attributes
---------------------------------------------------------------------------------
---------------------------------------------------------------------------------
Finished Handling Custom Attributes : Time (s): cpu = 00:00:03 ; elapsed = 00:00:03 . Memory (MB): peak = 1100.309 ; gain = 307.781
---------------------------------------------------------------------------------
---------------------------------------------------------------------------------
Finished RTL Optimization Phase 1 : Time (s): cpu = 00:00:03 ; elapsed = 00:00:03 . Memory (MB): peak = 1100.309 ; gain = 307.781
---------------------------------------------------------------------------------
Netlist sorting complete. Time (s): cpu = 00:00:00 ; elapsed = 00:00:00.034 . Memory (MB): peak = 1100.309 ; gain = 0.000
WARNING: [Netlist 29-345] The value of SIM_DEVICE on instance 'cpu_clk_cg' of type 'BUFGCE' is 'ULTRASCALE'; it is being changed to match the current FPGA architecture, '7SERIES'. For functional simulation to match hardware behavior, the value of SIM_DEVICE should be changed in the source netlist. 
INFO: [Netlist 29-17] Analyzing 1 Unisim elements for replacement
WARNING: [Netlist 29-345] The value of SIM_DEVICE on instance 'cpu_clk_cg' of type 'BUFGCTRL' is 'ULTRASCALE'; it is being changed to match the current FPGA architecture, '7SERIES'. For functional simulation to match hardware behavior, the value of SIM_DEVICE should be changed in the source netlist. 
INFO: [Netlist 29-28] Unisim Transformation completed in 0 CPU seconds
INFO: [Project 1-570] Preparing netlist for logic optimization

Processing XDC Constraints
Initializing timing engine
Parsing XDC File [d:/pipline_better/lab4/lab11/CPU_CDE_AXI/mycpu_axi_verify/run_vivado/mycpu_prj1/tlb-cache/tlb-cache.srcs/sources_1/ip/data_ram/data_ram/data_ram_in_context.xdc] for cell 'cpu/dcache/data_ram_module'
Finished Parsing XDC File [d:/pipline_better/lab4/lab11/CPU_CDE_AXI/mycpu_axi_verify/run_vivado/mycpu_prj1/tlb-cache/tlb-cache.srcs/sources_1/ip/data_ram/data_ram/data_ram_in_context.xdc] for cell 'cpu/dcache/data_ram_module'
Parsing XDC File [d:/pipline_better/lab4/lab11/CPU_CDE_AXI/mycpu_axi_verify/run_vivado/mycpu_prj1/tlb-cache/tlb-cache.srcs/sources_1/ip/inst_rom/inst_rom/inst_rom_in_context.xdc] for cell 'cpu/icache/inst_rom_module'
Finished Parsing XDC File [d:/pipline_better/lab4/lab11/CPU_CDE_AXI/mycpu_axi_verify/run_vivado/mycpu_prj1/tlb-cache/tlb-cache.srcs/sources_1/ip/inst_rom/inst_rom/inst_rom_in_context.xdc] for cell 'cpu/icache/inst_rom_module'
Parsing XDC File [D:/pipline_better/lab5/labcode/mycpu/pipeline_cpu.xdc]
CRITICAL WARNING: [Designutils 20-1307] Command 'ï»?' is not supported in the xdc constraint file. [D:/pipline_better/lab5/labcode/mycpu/pipeline_cpu.xdc:1]
Finished Parsing XDC File [D:/pipline_better/lab5/labcode/mycpu/pipeline_cpu.xdc]
INFO: [Project 1-236] Implementation specific constraints were found while reading constraint file [D:/pipline_better/lab5/labcode/mycpu/pipeline_cpu.xdc]. These constraints will be ignored for synthesis but will be used in implementation. Impacted constraints are listed in the file [.Xil/pipeline_cpu_display_propImpl.xdc].
Resolution: To avoid this warning, move constraints listed in [.Xil/pipeline_cpu_display_propImpl.xdc] to another XDC file and exclude this new file from synthesis with the used_in_synthesis property (File Properties dialog in GUI) and re-run elaboration/synthesis.
Completed Processing XDC Constraints

Netlist sorting complete. Time (s): cpu = 00:00:00 ; elapsed = 00:00:00 . Memory (MB): peak = 1223.977 ; gain = 0.000
INFO: [Project 1-111] Unisim Transformation Summary:
  A total of 1 instances were transformed.
  BUFGCE => BUFGCTRL: 1 instance 

Constraint Validation Runtime : Time (s): cpu = 00:00:01 ; elapsed = 00:00:00.009 . Memory (MB): peak = 1223.977 ; gain = 0.000
---------------------------------------------------------------------------------
Finished Constraint Validation : Time (s): cpu = 00:00:06 ; elapsed = 00:00:07 . Memory (MB): peak = 1223.977 ; gain = 431.449
---------------------------------------------------------------------------------
---------------------------------------------------------------------------------
Start Loading Part and Timing Information
---------------------------------------------------------------------------------
Loading part: xc7a200tfbg676-2
---------------------------------------------------------------------------------
Finished Loading Part and Timing Information : Time (s): cpu = 00:00:06 ; elapsed = 00:00:07 . Memory (MB): peak = 1223.977 ; gain = 431.449
---------------------------------------------------------------------------------
---------------------------------------------------------------------------------
Start Applying 'set_property' XDC Constraints
---------------------------------------------------------------------------------
Applied set_property DONT_TOUCH = true for cpu/dcache/data_ram_module. (constraint file  auto generated constraint, line ).
Applied set_property DONT_TOUCH = true for cpu/icache/inst_rom_module. (constraint file  auto generated constraint, line ).
---------------------------------------------------------------------------------
Finished applying 'set_property' XDC Constraints : Time (s): cpu = 00:00:06 ; elapsed = 00:00:07 . Memory (MB): peak = 1223.977 ; gain = 431.449
---------------------------------------------------------------------------------
INFO: [Synth 8-5546] ROM "display_valid" won't be mapped to RAM because it is too sparse
INFO: [Synth 8-5546] ROM "display_name" won't be mapped to RAM because it is too sparse
---------------------------------------------------------------------------------
Finished RTL Optimization Phase 2 : Time (s): cpu = 00:00:07 ; elapsed = 00:00:08 . Memory (MB): peak = 1223.977 ; gain = 431.449
---------------------------------------------------------------------------------

Report RTL Partitions: 
+-+--------------+------------+----------+
| |RTL Partition |Replication |Instances |
+-+--------------+------------+----------+
+-+--------------+------------+----------+
---------------------------------------------------------------------------------
Start RTL Component Statistics 
---------------------------------------------------------------------------------
Detailed RTL Component Info : 
+---Adders : 
	   2 Input     64 Bit       Adders := 1     
	   3 Input     33 Bit       Adders := 1     
	   2 Input     32 Bit       Adders := 5     
	   2 Input     30 Bit       Adders := 2     
	   2 Input      5 Bit       Adders := 1     
+---XORs : 
	   2 Input     32 Bit         XORs := 1     
	   2 Input      1 Bit         XORs := 2     
+---Registers : 
	              207 Bit    Registers := 1     
	              191 Bit    Registers := 1     
	              155 Bit    Registers := 1     
	               64 Bit    Registers := 2     
	               40 Bit    Registers := 1     
	               32 Bit    Registers := 40    
	               19 Bit    Registers := 16    
	                8 Bit    Registers := 18    
	                5 Bit    Registers := 1     
	                1 Bit    Registers := 30    
+---Muxes : 
	   2 Input     64 Bit        Muxes := 3     
	   2 Input     40 Bit        Muxes := 1     
	   2 Input     39 Bit        Muxes := 1     
	   4 Input     32 Bit        Muxes := 2     
	   2 Input     32 Bit        Muxes := 47    
	   7 Input     32 Bit        Muxes := 1     
	   2 Input     24 Bit        Muxes := 1     
	   2 Input     20 Bit        Muxes := 4     
	   4 Input      8 Bit        Muxes := 1     
	   2 Input      5 Bit        Muxes := 5     
	   5 Input      4 Bit        Muxes := 1     
	   2 Input      4 Bit        Muxes := 1     
	   6 Input      4 Bit        Muxes := 1     
	   2 Input      3 Bit        Muxes := 4     
	   3 Input      3 Bit        Muxes := 1     
	   7 Input      3 Bit        Muxes := 1     
	   2 Input      1 Bit        Muxes := 62    
	  16 Input      1 Bit        Muxes := 2     
	   4 Input      1 Bit        Muxes := 1     
	  12 Input      1 Bit        Muxes := 1     
---------------------------------------------------------------------------------
Finished RTL Component Statistics 
---------------------------------------------------------------------------------
---------------------------------------------------------------------------------
Start RTL Hierarchical Component Statistics 
---------------------------------------------------------------------------------
Hierarchical RTL Component report 
Module pipeline_cpu_display 
Detailed RTL Component Info : 
+---Adders : 
	   2 Input      5 Bit       Adders := 1     
+---Registers : 
	               40 Bit    Registers := 1     
	               32 Bit    Registers := 2     
	                1 Bit    Registers := 3     
+---Muxes : 
	   2 Input     40 Bit        Muxes := 1     
	   2 Input     39 Bit        Muxes := 1     
	   2 Input     32 Bit        Muxes := 2     
	   2 Input      1 Bit        Muxes := 1     
	  12 Input      1 Bit        Muxes := 1     
Module tlb 
Detailed RTL Component Info : 
+---Registers : 
	               19 Bit    Registers := 16    
	                8 Bit    Registers := 16    
	                1 Bit    Registers := 16    
+---Muxes : 
	   2 Input     20 Bit        Muxes := 4     
	   2 Input      3 Bit        Muxes := 4     
	   2 Input      1 Bit        Muxes := 20    
	  16 Input      1 Bit        Muxes := 2     
Module fetch 
Detailed RTL Component Info : 
+---Adders : 
	   2 Input     30 Bit       Adders := 1     
+---Registers : 
	               32 Bit    Registers := 1     
	                1 Bit    Registers := 1     
+---Muxes : 
	   4 Input     32 Bit        Muxes := 1     
	   2 Input     32 Bit        Muxes := 2     
Module decode 
Detailed RTL Component Info : 
+---Adders : 
	   2 Input     32 Bit       Adders := 1     
	   2 Input     30 Bit       Adders := 1     
+---Muxes : 
	   2 Input     32 Bit        Muxes := 16    
	   2 Input      5 Bit        Muxes := 3     
	   5 Input      4 Bit        Muxes := 1     
	   2 Input      1 Bit        Muxes := 4     
Module adder 
Detailed RTL Component Info : 
+---Adders : 
	   3 Input     33 Bit       Adders := 1     
Module alu 
Detailed RTL Component Info : 
+---XORs : 
	   2 Input     32 Bit         XORs := 1     
	   2 Input      1 Bit         XORs := 1     
+---Muxes : 
	   2 Input     32 Bit        Muxes := 6     
Module multiply 
Detailed RTL Component Info : 
+---Adders : 
	   2 Input     64 Bit       Adders := 1     
	   2 Input     32 Bit       Adders := 2     
+---XORs : 
	   2 Input      1 Bit         XORs := 1     
+---Registers : 
	               64 Bit    Registers := 1     
	               32 Bit    Registers := 1     
	                1 Bit    Registers := 2     
+---Muxes : 
	   2 Input     64 Bit        Muxes := 3     
	   2 Input     32 Bit        Muxes := 3     
	   2 Input      1 Bit        Muxes := 1     
Module exe 
Detailed RTL Component Info : 
+---Adders : 
	   2 Input     32 Bit       Adders := 2     
+---Muxes : 
	   2 Input     32 Bit        Muxes := 6     
	   2 Input      5 Bit        Muxes := 1     
	   2 Input      4 Bit        Muxes := 1     
Module mem 
Detailed RTL Component Info : 
+---Registers : 
	                1 Bit    Registers := 1     
+---Muxes : 
	   4 Input     32 Bit        Muxes := 1     
	   2 Input     32 Bit        Muxes := 3     
	   2 Input     24 Bit        Muxes := 1     
	   4 Input      8 Bit        Muxes := 1     
	   2 Input      5 Bit        Muxes := 1     
	   6 Input      4 Bit        Muxes := 1     
	   3 Input      3 Bit        Muxes := 1     
	   2 Input      1 Bit        Muxes := 1     
	   4 Input      1 Bit        Muxes := 1     
Module wb 
Detailed RTL Component Info : 
+---Registers : 
	               32 Bit    Registers := 5     
	                8 Bit    Registers := 2     
	                5 Bit    Registers := 1     
	                1 Bit    Registers := 2     
+---Muxes : 
	   2 Input     32 Bit        Muxes := 7     
	   7 Input     32 Bit        Muxes := 1     
	   7 Input      3 Bit        Muxes := 1     
	   2 Input      1 Bit        Muxes := 4     
Module regfile 
Detailed RTL Component Info : 
+---Registers : 
	               32 Bit    Registers := 31    
+---Muxes : 
	   2 Input      1 Bit        Muxes := 31    
Module pipeline_cpu 
Detailed RTL Component Info : 
+---Registers : 
	              207 Bit    Registers := 1     
	              191 Bit    Registers := 1     
	              155 Bit    Registers := 1     
	               64 Bit    Registers := 1     
	                1 Bit    Registers := 5     
+---Muxes : 
	   2 Input     32 Bit        Muxes := 2     
---------------------------------------------------------------------------------
Finished RTL Hierarchical Component Statistics
---------------------------------------------------------------------------------
---------------------------------------------------------------------------------
Start Part Resource Summary
---------------------------------------------------------------------------------
Part Resources:
DSPs: 740 (col length:100)
BRAMs: 730 (col length: RAMB18 100 RAMB36 50)
---------------------------------------------------------------------------------
Finished Part Resource Summary
---------------------------------------------------------------------------------
---------------------------------------------------------------------------------
Start Cross Boundary and Area Optimization
---------------------------------------------------------------------------------
Warning: Parallel synthesis criteria is not met 
WARNING: [Synth 8-3331] design exe has unconnected port ID_EXE_bus_r[206]
WARNING: [Synth 8-3331] design pipeline_cpu has unconnected port mem_addr[31]
WARNING: [Synth 8-3331] design pipeline_cpu has unconnected port mem_addr[30]
WARNING: [Synth 8-3331] design pipeline_cpu has unconnected port mem_addr[29]
WARNING: [Synth 8-3331] design pipeline_cpu has unconnected port mem_addr[28]
WARNING: [Synth 8-3331] design pipeline_cpu has unconnected port mem_addr[27]
WARNING: [Synth 8-3331] design pipeline_cpu has unconnected port mem_addr[26]
WARNING: [Synth 8-3331] design pipeline_cpu has unconnected port mem_addr[25]
WARNING: [Synth 8-3331] design pipeline_cpu has unconnected port mem_addr[24]
WARNING: [Synth 8-3331] design pipeline_cpu has unconnected port mem_addr[23]
WARNING: [Synth 8-3331] design pipeline_cpu has unconnected port mem_addr[22]
WARNING: [Synth 8-3331] design pipeline_cpu has unconnected port mem_addr[21]
WARNING: [Synth 8-3331] design pipeline_cpu has unconnected port mem_addr[20]
WARNING: [Synth 8-3331] design pipeline_cpu has unconnected port mem_addr[19]
WARNING: [Synth 8-3331] design pipeline_cpu has unconnected port mem_addr[18]
WARNING: [Synth 8-3331] design pipeline_cpu has unconnected port mem_addr[17]
WARNING: [Synth 8-3331] design pipeline_cpu has unconnected port mem_addr[16]
WARNING: [Synth 8-3331] design pipeline_cpu has unconnected port mem_addr[15]
WARNING: [Synth 8-3331] design pipeline_cpu has unconnected port mem_addr[14]
WARNING: [Synth 8-3331] design pipeline_cpu has unconnected port mem_addr[13]
WARNING: [Synth 8-3331] design pipeline_cpu has unconnected port mem_addr[12]
WARNING: [Synth 8-3331] design pipeline_cpu has unconnected port mem_addr[11]
WARNING: [Synth 8-3331] design pipeline_cpu has unconnected port mem_addr[10]
WARNING: [Synth 8-3331] design pipeline_cpu has unconnected port mem_addr[1]
INFO: [Common 17-14] Message 'Synth 8-3331' appears 100 times and further instances of the messages will be disabled. Use the Tcl command set_msg_config to change the current settings.
warning: Removed RAM pfn0_r_reg due to inactive write enable
WARNING: [Synth 8-6014] Unused sequential element pfn0_r_reg was removed. 
warning: Removed RAM pfn1_r_reg due to inactive write enable
WARNING: [Synth 8-6014] Unused sequential element pfn1_r_reg was removed. 
warning: Removed RAM c0_r_reg due to inactive write enable
WARNING: [Synth 8-6014] Unused sequential element c0_r_reg was removed. 
warning: Removed RAM c1_r_reg due to inactive write enable
WARNING: [Synth 8-6014] Unused sequential element c1_r_reg was removed. 
warning: Removed RAM d0_r_reg due to inactive write enable
WARNING: [Synth 8-6014] Unused sequential element d0_r_reg was removed. 
warning: Removed RAM d1_r_reg due to inactive write enable
WARNING: [Synth 8-6014] Unused sequential element d1_r_reg was removed. 
warning: Removed RAM v0_r_reg due to inactive write enable
WARNING: [Synth 8-6014] Unused sequential element v0_r_reg was removed. 
warning: Removed RAM v1_r_reg due to inactive write enable
WARNING: [Synth 8-6014] Unused sequential element v1_r_reg was removed. 
INFO: [Synth 8-3333] propagating constant 0 across sequential element (cpu/\ID_EXE_bus_r_reg[76] )
INFO: [Synth 8-3886] merging instance 'cpu/WB_module/cause_ip_r_reg[0]' (FDR) to 'cpu/WB_module/cause_ip_r_reg[1]'
INFO: [Synth 8-3886] merging instance 'cpu/WB_module/cause_ip_r_reg[1]' (FDR) to 'cpu/WB_module/cause_ip_r_reg[2]'
INFO: [Synth 8-3886] merging instance 'cpu/WB_module/cause_ip_r_reg[2]' (FDR) to 'cpu/WB_module/cause_ip_r_reg[3]'
INFO: [Synth 8-3886] merging instance 'cpu/WB_module/cause_ip_r_reg[3]' (FDR) to 'cpu/WB_module/cause_ip_r_reg[4]'
INFO: [Synth 8-3886] merging instance 'cpu/WB_module/cause_ip_r_reg[4]' (FDR) to 'cpu/WB_module/cause_ip_r_reg[5]'
INFO: [Synth 8-3333] propagating constant 0 across sequential element (cpu/WB_module/\cause_ip_r_reg[5] )
INFO: [Synth 8-3333] propagating constant 0 across sequential element (cpu/WB_module/\cause_ip_r_reg[6] )
INFO: [Synth 8-3886] merging instance 'display_name_reg[5]' (FDS) to 'display_name_reg[13]'
INFO: [Synth 8-3886] merging instance 'display_name_reg[6]' (FDR) to 'display_name_reg[14]'
INFO: [Synth 8-3886] merging instance 'display_name_reg[7]' (FDR) to 'display_name_reg[9]'
INFO: [Synth 8-3886] merging instance 'display_name_reg[9]' (FDR) to 'display_name_reg[15]'
INFO: [Synth 8-3886] merging instance 'display_name_reg[15]' (FDR) to 'display_name_reg[23]'
INFO: [Synth 8-3886] merging instance 'display_name_reg[21]' (FDR) to 'display_name_reg[29]'
INFO: [Synth 8-3886] merging instance 'display_name_reg[22]' (FDS) to 'display_name_reg[30]'
INFO: [Synth 8-3886] merging instance 'display_name_reg[23]' (FDR) to 'display_name_reg[31]'
INFO: [Synth 8-3886] merging instance 'display_name_reg[27]' (FDR) to 'display_name_reg[28]'
INFO: [Synth 8-3886] merging instance 'display_name_reg[29]' (FDR) to 'display_name_reg[37]'
INFO: [Synth 8-3886] merging instance 'display_name_reg[30]' (FDS) to 'display_name_reg[38]'
INFO: [Synth 8-3886] merging instance 'display_name_reg[31]' (FDR) to 'display_name_reg[39]'
INFO: [Synth 8-3886] merging instance 'display_name_reg[33]' (FDS) to 'display_name_reg[36]'
INFO: [Synth 8-3333] propagating constant 0 across sequential element (\display_name_reg[39] )
INFO: [Synth 8-3333] propagating constant 0 across sequential element (cpu/\EXE_MEM_bus_r_reg[74] )
INFO: [Synth 8-3333] propagating constant 0 across sequential element (cpu/\MEM_WB_bus_r_reg[68] )
---------------------------------------------------------------------------------
Finished Cross Boundary and Area Optimization : Time (s): cpu = 00:00:29 ; elapsed = 00:00:31 . Memory (MB): peak = 1382.734 ; gain = 590.207
---------------------------------------------------------------------------------

Report RTL Partitions: 
+-+--------------+------------+----------+
| |RTL Partition |Replication |Instances |
+-+--------------+------------+----------+
+-+--------------+------------+----------+
---------------------------------------------------------------------------------
Start Applying XDC Timing Constraints
---------------------------------------------------------------------------------
---------------------------------------------------------------------------------
Finished Applying XDC Timing Constraints : Time (s): cpu = 00:00:33 ; elapsed = 00:00:35 . Memory (MB): peak = 1382.734 ; gain = 590.207
---------------------------------------------------------------------------------
---------------------------------------------------------------------------------
Start Timing Optimization
---------------------------------------------------------------------------------
---------------------------------------------------------------------------------
Finished Timing Optimization : Time (s): cpu = 00:00:33 ; elapsed = 00:00:35 . Memory (MB): peak = 1382.734 ; gain = 590.207
---------------------------------------------------------------------------------

Report RTL Partitions: 
+-+--------------+------------+----------+
| |RTL Partition |Replication |Instances |
+-+--------------+------------+----------+
+-+--------------+------------+----------+
---------------------------------------------------------------------------------
Start Technology Mapping
---------------------------------------------------------------------------------
---------------------------------------------------------------------------------
Finished Technology Mapping : Time (s): cpu = 00:00:34 ; elapsed = 00:00:36 . Memory (MB): peak = 1382.734 ; gain = 590.207
---------------------------------------------------------------------------------

Report RTL Partitions: 
+-+--------------+------------+----------+
| |RTL Partition |Replication |Instances |
+-+--------------+------------+----------+
+-+--------------+------------+----------+
---------------------------------------------------------------------------------
Start IO Insertion
---------------------------------------------------------------------------------
---------------------------------------------------------------------------------
Start Flattening Before IO Insertion
---------------------------------------------------------------------------------
---------------------------------------------------------------------------------
Finished Flattening Before IO Insertion
---------------------------------------------------------------------------------
---------------------------------------------------------------------------------
Start Final Netlist Cleanup
---------------------------------------------------------------------------------
---------------------------------------------------------------------------------
Finished Final Netlist Cleanup
---------------------------------------------------------------------------------
CRITICAL WARNING: [Synth 8-4442] BlackBox module \cpu/dcache/data_ram_module  has unconnected pin enb
WARNING: [Synth 8-5410] Found another clock driver cpu_clk_cg:O [D:/pipline_better/lab5/labcode/mycpu/pipeline_cpu_display.v:42]
---------------------------------------------------------------------------------
Finished IO Insertion : Time (s): cpu = 00:00:35 ; elapsed = 00:00:38 . Memory (MB): peak = 1382.734 ; gain = 590.207
---------------------------------------------------------------------------------
---------------------------------------------------------------------------------
Start Renaming Generated Instances
---------------------------------------------------------------------------------
---------------------------------------------------------------------------------
Finished Renaming Generated Instances : Time (s): cpu = 00:00:35 ; elapsed = 00:00:38 . Memory (MB): peak = 1382.734 ; gain = 590.207
---------------------------------------------------------------------------------

Report RTL Partitions: 
+-+--------------+------------+----------+
| |RTL Partition |Replication |Instances |
+-+--------------+------------+----------+
+-+--------------+------------+----------+

Report Check Netlist: 
+------+------------------+-------+---------+-------+------------------+
|      |Item              |Errors |Warnings |Status |Description       |
+------+------------------+-------+---------+-------+------------------+
|1     |multi_driven_nets |      0|        0|Passed |Multi driven nets |
+------+------------------+-------+---------+-------+------------------+
---------------------------------------------------------------------------------
Start Rebuilding User Hierarchy
---------------------------------------------------------------------------------
---------------------------------------------------------------------------------
Finished Rebuilding User Hierarchy : Time (s): cpu = 00:00:35 ; elapsed = 00:00:38 . Memory (MB): peak = 1382.734 ; gain = 590.207
---------------------------------------------------------------------------------
---------------------------------------------------------------------------------
Start Renaming Generated Ports
---------------------------------------------------------------------------------
---------------------------------------------------------------------------------
Finished Renaming Generated Ports : Time (s): cpu = 00:00:35 ; elapsed = 00:00:38 . Memory (MB): peak = 1382.734 ; gain = 590.207
---------------------------------------------------------------------------------
---------------------------------------------------------------------------------
Start Handling Custom Attributes
---------------------------------------------------------------------------------
---------------------------------------------------------------------------------
Finished Handling Custom Attributes : Time (s): cpu = 00:00:35 ; elapsed = 00:00:38 . Memory (MB): peak = 1382.734 ; gain = 590.207
---------------------------------------------------------------------------------
---------------------------------------------------------------------------------
Start Renaming Generated Nets
---------------------------------------------------------------------------------
---------------------------------------------------------------------------------
Finished Renaming Generated Nets : Time (s): cpu = 00:00:35 ; elapsed = 00:00:38 . Memory (MB): peak = 1382.734 ; gain = 590.207
---------------------------------------------------------------------------------
---------------------------------------------------------------------------------
Start Writing Synthesis Report
---------------------------------------------------------------------------------

Report BlackBoxes: 
+------+--------------+----------+
|      |BlackBox name |Instances |
+------+--------------+----------+
|1     |lcd_module    |         1|
|2     |data_ram      |         1|
|3     |inst_rom      |         1|
+------+--------------+----------+

Report Cell Usage: 
+------+-----------+------+
|      |Cell       |Count |
+------+-----------+------+
|1     |data_ram   |     1|
|2     |inst_rom   |     1|
|3     |lcd_module |     1|
|4     |BUFG       |     1|
|5     |BUFGCE     |     1|
|6     |CARRY4     |   103|
|7     |LUT1       |   131|
|8     |LUT2       |   102|
|9     |LUT3       |   231|
|10    |LUT4       |   205|
|11    |LUT5       |   554|
|12    |LUT6       |  1557|
|13    |MUXF7      |   300|
|14    |MUXF8      |   128|
|15    |FDRE       |  2094|
|16    |FDSE       |    14|
|17    |IBUF       |     3|
|18    |OBUF       |     8|
+------+-----------+------+

Report Instance Areas: 
+------+----------------------+-------------+------+
|      |Instance              |Module       |Cells |
+------+----------------------+-------------+------+
|1     |top                   |             |  5575|
|2     |  cpu                 |pipeline_cpu |  5387|
|3     |    EXE_module        |exe          |   770|
|4     |      multiply_module |multiply     |   770|
|5     |    IF_module         |fetch        |   521|
|6     |    MEM_module        |mem          |     9|
|7     |    WB_module         |wb           |   585|
|8     |    dcache            |dcache_stub  |   180|
|9     |    icache            |icache_stub  |    96|
|10    |    rf_module         |regfile      |  2295|
+------+----------------------+-------------+------+
---------------------------------------------------------------------------------
Finished Writing Synthesis Report : Time (s): cpu = 00:00:35 ; elapsed = 00:00:38 . Memory (MB): peak = 1382.734 ; gain = 590.207
---------------------------------------------------------------------------------
Synthesis finished with 0 errors, 1 critical warnings and 34 warnings.
Synthesis Optimization Runtime : Time (s): cpu = 00:00:30 ; elapsed = 00:00:37 . Memory (MB): peak = 1382.734 ; gain = 466.539
Synthesis Optimization Complete : Time (s): cpu = 00:00:35 ; elapsed = 00:00:38 . Memory (MB): peak = 1382.734 ; gain = 590.207
INFO: [Project 1-571] Translating synthesized netlist
Netlist sorting complete. Time (s): cpu = 00:00:00 ; elapsed = 00:00:00.029 . Memory (MB): peak = 1382.734 ; gain = 0.000
WARNING: [Netlist 29-345] The value of SIM_DEVICE on instance 'cpu_clk_cg' of type 'BUFGCE' is 'ULTRASCALE'; it is being changed to match the current FPGA architecture, '7SERIES'. For functional simulation to match hardware behavior, the value of SIM_DEVICE should be changed in the source netlist. 
INFO: [Netlist 29-17] Analyzing 532 Unisim elements for replacement
WARNING: [Netlist 29-345] The value of SIM_DEVICE on instance 'cpu_clk_cg' of type 'BUFGCTRL' is 'ULTRASCALE'; it is being changed to match the current FPGA architecture, '7SERIES'. For functional simulation to match hardware behavior, the value of SIM_DEVICE should be changed in the source netlist. 
INFO: [Netlist 29-28] Unisim Transformation completed in 0 CPU seconds
INFO: [Project 1-570] Preparing netlist for logic optimization
INFO: [Opt 31-138] Pushed 0 inverter(s) to 0 load pin(s).
Netlist sorting complete. Time (s): cpu = 00:00:00 ; elapsed = 00:00:00.001 . Memory (MB): peak = 1382.734 ; gain = 0.000
INFO: [Project 1-111] Unisim Transformation Summary:
  A total of 1 instances were transformed.
  BUFGCE => BUFGCTRL: 1 instance 

INFO: [Common 17-83] Releasing license: Synthesis
79 Infos, 149 Warnings, 2 Critical Warnings and 0 Errors encountered.
synth_design completed successfully
synth_design: Time (s): cpu = 00:00:38 ; elapsed = 00:00:42 . Memory (MB): peak = 1382.734 ; gain = 910.965
Netlist sorting complete. Time (s): cpu = 00:00:00 ; elapsed = 00:00:00.001 . Memory (MB): peak = 1382.734 ; gain = 0.000
WARNING: [Constraints 18-5210] No constraints selected for write.
Resolution: This message can indicate that there are no constraints for the design, or it can indicate that the used_in flags are set such that the constraints are ignored. This later case is used when running synth_design to not write synthesis constraints to the resulting checkpoint. Instead, project constraints are read when the synthesized design is opened.
INFO: [Common 17-1381] The checkpoint 'D:/pipline_better/lab4/lab11/CPU_CDE_AXI/mycpu_axi_verify/run_vivado/mycpu_prj1/tlb-cache/tlb-cache.runs/synth_1/pipeline_cpu_display.dcp' has been generated.
INFO: [runtcl-4] Executing : report_utilization -file pipeline_cpu_display_utilization_synth.rpt -pb pipeline_cpu_display_utilization_synth.pb
INFO: [Common 17-206] Exiting Vivado at Sun Dec 28 21:37:19 2025...
