\BOOKMARK [1][-]{section.1}{\376\377\144\130\211\201}{}% 1
\BOOKMARK [1][-]{section.2}{\376\377\137\025\212\000}{}% 2
\BOOKMARK [1][-]{section.3}{\376\377\133\236\232\214\211\201\154\102\116\016\122\006\135\345}{}% 3
\BOOKMARK [1][-]{section.4}{\376\377\127\372\116\216\173\200\123\125\172\013\136\217\161\237\140\211\133\214\145\164\177\026\213\321\217\307\172\013}{}% 4
\BOOKMARK [2][-]{subsection.4.1}{\376\377\155\113\213\325\172\013\136\217}{section.4}% 5
\BOOKMARK [2][-]{subsection.4.2}{\376\377\177\026\213\321\217\307\172\013}{section.4}% 6
\BOOKMARK [2][-]{subsection.4.3}{\376\377\230\204\131\004\164\006\126\150}{section.4}% 7
\BOOKMARK [2][-]{subsection.4.4}{\376\377\177\026\213\321\126\150}{section.4}% 8
\BOOKMARK [3][-]{subsubsection.4.4.1}{\376\377\213\315\154\325\122\006\147\220}{subsection.4.4}% 9
\BOOKMARK [3][-]{subsubsection.4.4.2}{\376\377\213\355\154\325\122\006\147\220}{subsection.4.4}% 10
\BOOKMARK [3][-]{subsubsection.4.4.3}{\376\377\213\355\116\111\122\006\147\220}{subsection.4.4}% 11
\BOOKMARK [3][-]{subsubsection.4.4.4}{\376\377\116\055\225\364\116\343\170\001\165\037\142\020}{subsection.4.4}% 12
\BOOKMARK [3][-]{subsubsection.4.4.5}{\376\377\116\343\170\001\165\037\142\020}{subsection.4.4}% 13
\BOOKMARK [2][-]{subsection.4.5}{\376\377\154\107\177\026\126\150\040\024\040\024\166\356\150\007\145\207\116\366\165\037\142\020}{section.4}% 14
\BOOKMARK [3][-]{subsubsection.4.5.1}{\376\377\116\316\123\315\154\107\177\026\145\207\116\366\167\013\154\107\177\026\126\150\217\223\121\372}{subsection.4.5}% 15
\BOOKMARK [3][-]{subsubsection.4.5.2}{\376\377\116\316\000\040\000n\000m\000\040\166\204\173\046\123\367\210\150\167\013\377\032\173\046\123\367\166\204\171\315\174\173\116\016\224\376\143\245\215\043\116\373}{subsection.4.5}% 16
\BOOKMARK [3][-]{subsubsection.4.5.3}{\376\377\154\107\177\026\126\150\121\167\117\123\122\237\200\375\140\073\176\323}{subsection.4.5}% 17
\BOOKMARK [2][-]{subsection.4.6}{\376\377\224\376\143\245\126\150}{section.4}% 18
\BOOKMARK [3][-]{subsubsection.4.6.1}{\376\377\127\060\127\100\122\006\221\115\377\010\202\202\121\205\120\117\171\373\000\040\041\222\000\040\217\320\210\114\145\366\206\132\142\337\127\060\127\100\377\011}{subsection.4.6}% 19
\BOOKMARK [3][-]{subsubsection.4.6.2}{\376\377\147\052\133\232\116\111\173\046\123\367\377\010\000U\377\011\131\202\117\125\210\253\131\004\164\006\000\040\040\024\000\040\000P\000L\000T\000\040\116\016\000\040\000G\000O\000T\000\040\166\204\137\025\121\145}{subsection.4.6}% 20
\BOOKMARK [3][-]{subsubsection.4.6.3}{\376\377\143\322\121\145\166\204\217\320\210\114\145\366\116\016\124\057\122\250\116\343\170\001}{subsection.4.6}% 21
\BOOKMARK [3][-]{subsubsection.4.6.4}{\376\377\221\315\133\232\117\115\135\362\210\253\211\343\147\220}{subsection.4.6}% 22
\BOOKMARK [3][-]{subsubsection.4.6.5}{\376\377\173\046\123\367\210\150\166\204\123\330\123\026\377\032\146\364\131\032\217\320\210\114\145\366\173\046\123\367\116\016\153\265\173\046\123\367}{subsection.4.6}% 23
\BOOKMARK [3][-]{subsubsection.4.6.6}{\376\377\122\237\200\375\140\073\176\323}{subsection.4.6}% 24
\BOOKMARK [1][-]{section.5}{\376\377\000L\000L\000V\000M\000\040\000I\000R\177\026\172\013\124\214\000A\000R\000M\154\107\177\026\177\026\172\013}{}% 25
\BOOKMARK [2][-]{subsection.5.1}{\376\377\155\113\213\325\172\013\136\217}{section.5}% 26
\BOOKMARK [2][-]{subsection.5.2}{\376\377\000L\000L\000V\000M\000\040\000I\000R\177\026\121\231}{section.5}% 27
\BOOKMARK [2][-]{subsection.5.3}{\376\377\000A\000R\000M\154\107\177\026\177\026\121\231}{section.5}% 28
\BOOKMARK [1][-]{section.6}{\376\377\176\323\213\272}{}% 29
