Copyright 1986-2019 Xilinx, Inc. All Rights Reserved.
---------------------------------------------------------------------------------------------
| Tool Version : Vivado v.2019.2 (win64) Build 2708876 Wed Nov  6 21:40:23 MST 2019
| Date         : Fri Dec  5 00:14:07 2025
| Host         : wyn running 64-bit major release  (build 9200)
| Command      : report_control_sets -verbose -file soc_axi_lite_top_control_sets_placed.rpt
| Design       : soc_axi_lite_top
| Device       : xc7a200t
---------------------------------------------------------------------------------------------

Control Set Information

Table of Contents
-----------------
1. Summary
2. Histogram
3. Flip-Flop Distribution
4. Detailed Control Set Information

1. Summary
----------

+----------------------------------------------------------+-------+
|                          Status                          | Count |
+----------------------------------------------------------+-------+
| Total control sets                                       |   129 |
|    Minimum number of control sets                        |   129 |
|    Addition due to synthesis replication                 |     0 |
|    Addition due to physical synthesis replication        |     0 |
| Unused register locations in slices containing registers |   240 |
+----------------------------------------------------------+-------+
* Control sets can be merged at opt_design using control_set_merge or merge_equivalent_drivers
** Run report_qor_suggestions for automated merging and remapping suggestions


2. Histogram
------------

+--------------------+-------+
|       Fanout       | Count |
+--------------------+-------+
| Total control sets |   129 |
| >= 0 to < 4        |    11 |
| >= 4 to < 6        |    11 |
| >= 6 to < 8        |    13 |
| >= 8 to < 10       |     6 |
| >= 10 to < 12      |     0 |
| >= 12 to < 14      |     2 |
| >= 14 to < 16      |     0 |
| >= 16              |    86 |
+--------------------+-------+
* Control sets can be remapped at either synth_design or opt_design


3. Flip-Flop Distribution
-------------------------

+--------------+-----------------------+------------------------+-----------------+--------------+
| Clock Enable | Synchronous Set/Reset | Asynchronous Set/Reset | Total Registers | Total Slices |
+--------------+-----------------------+------------------------+-----------------+--------------+
| No           | No                    | No                     |             195 |           64 |
| No           | No                    | Yes                    |               0 |            0 |
| No           | Yes                   | No                     |             277 |          105 |
| Yes          | No                    | No                     |            1804 |          921 |
| Yes          | No                    | Yes                    |               0 |            0 |
| Yes          | Yes                   | No                     |             828 |          356 |
+--------------+-----------------------+------------------------+-----------------+--------------+


4. Detailed Control Set Information
-----------------------------------

+-----------------------------+------------------------------------------------------------------------------------------------------------------------------------------------------------------------------------------+--------------------------------------------------------------------------------------------------------------------------+------------------+----------------+
|         Clock Signal        |                                                                                       Enable Signal                                                                                      |                                                     Set/Reset Signal                                                     | Slice Load Count | Bel Load Count |
+-----------------------------+------------------------------------------------------------------------------------------------------------------------------------------------------------------------------------------+--------------------------------------------------------------------------------------------------------------------------+------------------+----------------+
|  pll.clk_pll/inst/cpu_clk   | u_axi_crossbar_1x2/inst/gen_samd.crossbar_samd/gen_master_slots[1].reg_slice_mi/b.b_pipe/m_payload_i[5]_i_1__0_n_0                                                                       |                                                                                                                          |                1 |              1 |
|  pll.clk_pll/inst/cpu_clk   | u_cpu/u_ls132r_axi/u_execute/p_32_in                                                                                                                                                     | u_cpu/u_ls132r_axi/u_fetch/ir_inst_r_reg[18]_1                                                                           |                1 |              1 |
|  pll.clk_pll/inst/cpu_clk   | u_axi_crossbar_1x2/inst/gen_samd.crossbar_samd/gen_master_slots[2].reg_slice_mi/b.b_pipe/gen_slave_slots[0].gen_si_write.si_transactor_aw/gen_multi_thread.arbiter_resp_inst/chosen40_in |                                                                                                                          |                1 |              1 |
|  pll.clk_pll/inst/cpu_clk   | u_axi_crossbar_1x2/inst/gen_samd.crossbar_samd/gen_decerr_slave.decerr_slave_inst/gen_axi.s_axi_bid_i[3]_i_1_n_0                                                                         | u_axi_crossbar_1x2/inst/gen_samd.crossbar_samd/addr_arbiter_ar/SR[0]                                                     |                1 |              1 |
|  pll.clk_pll/inst/cpu_clk   | u_axi_crossbar_1x2/inst/gen_samd.crossbar_samd/gen_decerr_slave.decerr_slave_inst/s_axi_rvalid_i                                                                                         | u_axi_crossbar_1x2/inst/gen_samd.crossbar_samd/addr_arbiter_ar/SR[0]                                                     |                1 |              1 |
|  pll.clk_pll/inst/cpu_clk   | u_confreg/step0_sample                                                                                                                                                                   | u_confreg/cpu_resetn_reg                                                                                                 |                1 |              1 |
|  pll.clk_pll/inst/cpu_clk   | u_confreg/step1_sample                                                                                                                                                                   | u_confreg/cpu_resetn_reg                                                                                                 |                1 |              1 |
|  pll.clk_pll/inst/cpu_clk   | u_axi_ram/ram/U0/inst_blk_mem_gen/gnbram.gaxibmg.axi_rd_sm/axi_read_fsm/E[0]                                                                                                             | u_axi_ram/ram/U0/inst_blk_mem_gen/gnbram.gaxibmg.axi_blk_mem_gen/valid.cstr/ramloop[255].ram.r/prim_init.ram/s_aresetn_0 |                1 |              1 |
|  pll.clk_pll/inst/cpu_clk   | u_axi_crossbar_1x2/inst/gen_samd.crossbar_samd/gen_slave_slots[0].gen_si_read.si_transactor_ar/gen_multi_thread.arbiter_resp_inst/s_axi_rready[0]_0[0]                                   |                                                                                                                          |                1 |              2 |
|  pll.clk_pll/inst/cpu_clk   | u_axi_crossbar_1x2/inst/gen_samd.crossbar_samd/gen_master_slots[2].reg_slice_mi/r.r_pipe/s_ready_i_reg_0                                                                                 |                                                                                                                          |                1 |              2 |
|  pll.clk_pll/inst/cpu_clk   | u_axi_crossbar_1x2/inst/gen_samd.crossbar_samd/gen_slave_slots[0].gen_si_write.wdata_router_w/wrouter_aw_fifo/gen_srls[0].gen_rep[1].srl_nx1/push                                        |                                                                                                                          |                1 |              2 |
|  pll.clk_pll/inst/cpu_clk   | u_cpu/u_ls132r_axi/u_execute/cr_cause_IP0_i_1_n_0                                                                                                                                        | u_confreg/cpu_resetn_reg                                                                                                 |                2 |              4 |
|  pll.clk_pll/inst/cpu_clk   |                                                                                                                                                                                          | u_confreg/state_count0                                                                                                   |                1 |              4 |
|  pll.clk_pll/inst/cpu_clk   | u_axi_crossbar_1x2/inst/gen_samd.crossbar_samd/gen_master_slots[0].reg_slice_mi/b.b_pipe/gen_slave_slots[0].gen_si_write.si_transactor_aw/gen_multi_thread.arbiter_resp_inst/chosen41_in |                                                                                                                          |                1 |              4 |
|  pll.clk_pll/inst/cpu_clk   | cpu_resetn                                                                                                                                                                               |                                                                                                                          |                1 |              4 |
|  pll.clk_pll/inst/cpu_clk   | u_axi_crossbar_1x2/inst/gen_samd.crossbar_samd/gen_slave_slots[0].gen_si_write.wdata_router_w/wrouter_aw_fifo/m_valid_i                                                                  | u_axi_crossbar_1x2/inst/gen_samd.crossbar_samd/gen_slave_slots[0].gen_si_write.wdata_router_w/wrouter_aw_fifo/areset_d1  |                2 |              4 |
|  pll.clk_pll/inst/cpu_clk   | u_axi_ram/ram/U0/inst_blk_mem_gen/gnbram.gaxibmg.axi_wr_fsm/axi_wr_fsm/addr_en_c                                                                                                         | u_axi_ram/ram/U0/inst_blk_mem_gen/gnbram.gaxibmg.axi_blk_mem_gen/valid.cstr/ramloop[255].ram.r/prim_init.ram/s_aresetn_0 |                1 |              4 |
|  pll.clk_pll/inst/cpu_clk   | u_cpu/u_ls132r_axi/u_execute/cr_debug_DExcCode[4]_i_1_n_0                                                                                                                                |                                                                                                                          |                3 |              5 |
|  pll.clk_pll/inst/cpu_clk   | u_cpu/u_ls132r_axi/u_execute/p_32_in                                                                                                                                                     | u_cpu/u_ls132r_axi/u_execute/rs_excode_r[4]_i_1_n_0                                                                      |                1 |              5 |
|  pll.clk_pll/inst/cpu_clk   | u_cpu/u_ls132r_axi/u_execute/cr_status_EXL1                                                                                                                                              | u_confreg/cpu_resetn_reg                                                                                                 |                2 |              5 |
|  pll.clk_pll/inst/cpu_clk   | u_cpu/u_ls132r_axi/u_fetch/inst_pc_r[30]_i_1_n_0                                                                                                                                         |                                                                                                                          |                5 |              5 |
|  pll.clk_pll/inst/cpu_clk   | u_axi_ram/ram/U0/inst_blk_mem_gen/gnbram.gaxibmg.axi_rd_sm/axi_read_fsm/s_axi_arvalid_0                                                                                                  | u_axi_ram/ram/U0/inst_blk_mem_gen/gnbram.gaxibmg.axi_blk_mem_gen/valid.cstr/ramloop[255].ram.r/prim_init.ram/s_aresetn_0 |                3 |              5 |
|  pll.clk_pll/inst/cpu_clk   | u_axi_crossbar_1x2/inst/gen_samd.crossbar_samd/gen_slave_slots[0].gen_si_read.si_transactor_ar/gen_multi_thread.cmd_push_0                                                               | u_axi_crossbar_1x2/inst/gen_samd.crossbar_samd/addr_arbiter_ar/SR[0]                                                     |                2 |              6 |
|  pll.clk_pll/inst/cpu_clk   |                                                                                                                                                                                          | u_axi_crossbar_1x2/inst/gen_samd.crossbar_samd/gen_master_slots[1].reg_slice_mi/b.b_pipe/p_0_in                          |                4 |              6 |
|  pll.clk_pll/inst/cpu_clk   |                                                                                                                                                                                          | u_axi_crossbar_1x2/inst/gen_samd.crossbar_samd/gen_master_slots[1].reg_slice_mi/b.b_pipe/p_1_in                          |                4 |              6 |
|  pll.clk_pll/inst/cpu_clk   | u_axi_crossbar_1x2/inst/gen_samd.crossbar_samd/gen_slave_slots[0].gen_si_read.si_transactor_ar/gen_multi_thread.cmd_push_3                                                               | u_axi_crossbar_1x2/inst/gen_samd.crossbar_samd/addr_arbiter_ar/SR[0]                                                     |                2 |              6 |
|  pll.clk_pll/inst/cpu_clk   | u_axi_crossbar_1x2/inst/gen_samd.crossbar_samd/gen_slave_slots[0].gen_si_read.si_transactor_ar/gen_multi_thread.cmd_push_1                                                               | u_axi_crossbar_1x2/inst/gen_samd.crossbar_samd/addr_arbiter_ar/SR[0]                                                     |                2 |              6 |
|  pll.clk_pll/inst/cpu_clk   | u_axi_crossbar_1x2/inst/gen_samd.crossbar_samd/gen_slave_slots[0].gen_si_write.si_transactor_aw/gen_multi_thread.cmd_push_0                                                              | u_axi_crossbar_1x2/inst/gen_samd.crossbar_samd/addr_arbiter_ar/SR[0]                                                     |                2 |              6 |
|  pll.clk_pll/inst/cpu_clk   | u_axi_crossbar_1x2/inst/gen_samd.crossbar_samd/gen_slave_slots[0].gen_si_write.si_transactor_aw/gen_multi_thread.cmd_push_1                                                              | u_axi_crossbar_1x2/inst/gen_samd.crossbar_samd/addr_arbiter_ar/SR[0]                                                     |                2 |              6 |
|  pll.clk_pll/inst/cpu_clk   | u_axi_crossbar_1x2/inst/gen_samd.crossbar_samd/gen_slave_slots[0].gen_si_write.si_transactor_aw/gen_multi_thread.cmd_push_3                                                              | u_axi_crossbar_1x2/inst/gen_samd.crossbar_samd/addr_arbiter_ar/SR[0]                                                     |                2 |              6 |
|  pll.clk_pll/inst/cpu_clk   | u_axi_crossbar_1x2/inst/gen_samd.crossbar_samd/gen_slave_slots[0].gen_si_write.si_transactor_aw/gen_multi_thread.cmd_push_2                                                              | u_axi_crossbar_1x2/inst/gen_samd.crossbar_samd/addr_arbiter_ar/SR[0]                                                     |                3 |              6 |
|  pll.clk_pll/inst/cpu_clk   | u_axi_crossbar_1x2/inst/gen_samd.crossbar_samd/gen_slave_slots[0].gen_si_read.si_transactor_ar/gen_multi_thread.cmd_push_2                                                               | u_axi_crossbar_1x2/inst/gen_samd.crossbar_samd/addr_arbiter_ar/SR[0]                                                     |                2 |              6 |
|  pll.clk_pll/inst/cpu_clk   | u_cpu/u_ls132r_axi/u_execute/cnt_incr_en                                                                                                                                                 | u_cpu/u_ls132r_axi/u_execute/mul_div_cnt_r[5]_i_1_n_0                                                                    |                1 |              6 |
|  pll.clk_pll/inst/cpu_clk   | u_cpu/u_ls132r_axi/u_execute/wb_excode_r[5]_i_1_n_0                                                                                                                                      |                                                                                                                          |                1 |              6 |
|  pll.clk_pll/inst/cpu_clk   | u_confreg/state_count_reg[3]                                                                                                                                                             | u_confreg/cpu_resetn_reg                                                                                                 |                3 |              6 |
|  pll.clk_pll/inst/cpu_clk   | u_axi_crossbar_1x2/inst/gen_samd.crossbar_samd/gen_decerr_slave.decerr_slave_inst/gen_axi.read_cnt[7]_i_1_n_0                                                                            | u_axi_crossbar_1x2/inst/gen_samd.crossbar_samd/addr_arbiter_ar/SR[0]                                                     |                3 |              8 |
|  pll.clk_pll/inst/cpu_clk   | u_axi_ram/ram/U0/inst_blk_mem_gen/gnbram.gaxibmg.axi_rd_sm/axi_read_fsm/FSM_sequential_gaxi_full_sm.present_state_reg[1]_0[0]                                                            | u_axi_ram/ram/U0/inst_blk_mem_gen/gnbram.gaxibmg.axi_blk_mem_gen/valid.cstr/ramloop[255].ram.r/prim_init.ram/s_aresetn_0 |                3 |              8 |
|  pll.clk_pll/inst/cpu_clk   | u_confreg/write_uart_valid                                                                                                                                                               | u_confreg/cpu_resetn_reg                                                                                                 |                3 |              8 |
|  pll.clk_pll/inst/cpu_clk   | u_axi_ram/ram/U0/inst_blk_mem_gen/gnbram.gaxibmg.axi_wr_fsm/axi_wr_fsm/p_0_in1_out                                                                                                       |                                                                                                                          |                1 |              8 |
|  pll.clk_pll/inst/cpu_clk   | u_axi_ram/ram/U0/inst_blk_mem_gen/gnbram.gaxibmg.axi_wr_fsm/axi_wr_fsm/E[0]                                                                                                              | u_axi_ram/ram/U0/inst_blk_mem_gen/gnbram.gaxibmg.axi_blk_mem_gen/valid.cstr/ramloop[255].ram.r/prim_init.ram/s_aresetn_0 |                3 |              8 |
|  pll.clk_pll/inst/cpu_clk   | u_cpu/u_ls132r_axi/u_execute/cr_depc_DEPC[31]_i_1_n_0                                                                                                                                    |                                                                                                                          |                8 |              9 |
|  pll.clk_pll/inst/cpu_clk   | u_cpu/u_ls132r_axi/u_execute/p_1_in                                                                                                                                                      | u_confreg/cpu_resetn_reg                                                                                                 |                9 |             12 |
|  pll.clk_pll/inst/cpu_clk   | u_axi_ram/ram/U0/inst_blk_mem_gen/gnbram.gaxibmg.axi_rd_sm/axi_read_fsm/E[0]                                                                                                             |                                                                                                                          |                8 |             13 |
|  pll.clk_pll/inst/cpu_clk   | u_confreg/led_data[15]_i_1_n_0                                                                                                                                                           | u_confreg/cpu_resetn_reg                                                                                                 |                9 |             16 |
|  pll.clk_pll/inst/cpu_clk   | u_confreg/busy01_out                                                                                                                                                                     | u_confreg/cpu_resetn_reg                                                                                                 |                7 |             18 |
|  pll.clk_pll/inst/cpu_clk   |                                                                                                                                                                                          | u_confreg/step1_count0                                                                                                   |                5 |             20 |
|  pll.clk_pll/inst/cpu_clk   |                                                                                                                                                                                          | u_confreg/step0_count0                                                                                                   |                5 |             20 |
|  pll.clk_pll/inst/cpu_clk   |                                                                                                                                                                                          | u_confreg/key_count0                                                                                                     |                5 |             20 |
|  pll.clk_pll/inst/cpu_clk   | u_axi_ram/ram/U0/inst_blk_mem_gen/gnbram.gaxibmg.axi_wr_fsm/axi_wr_fsm/s_axi_wvalid_0[0]                                                                                                 | u_axi_ram/ram/U0/inst_blk_mem_gen/gnbram.gaxibmg.axi_blk_mem_gen/valid.cstr/ramloop[255].ram.r/prim_init.ram/s_aresetn_0 |                9 |             21 |
|  pll.clk_pll/inst/cpu_clk   |                                                                                                                                                                                          | u_axi_ram/ram/U0/inst_blk_mem_gen/gnbram.gaxibmg.axi_blk_mem_gen/valid.cstr/ramloop[255].ram.r/prim_init.ram/s_aresetn_0 |               10 |             21 |
|  pll.clk_pll/inst/cpu_clk   | u_axi_ram/ram/U0/inst_blk_mem_gen/gnbram.gaxibmg.axi_rd_sm/axi_read_fsm/s_axi_arvalid_1[0]                                                                                               | u_axi_ram/ram/U0/inst_blk_mem_gen/gnbram.gaxibmg.axi_blk_mem_gen/valid.cstr/ramloop[255].ram.r/prim_init.ram/s_aresetn_0 |               10 |             21 |
|  pll.clk_pll/inst/cpu_clk   | u_cpu/u_ls132r_axi/u_execute/cr_depc_DEPC[30]_i_1_n_0                                                                                                                                    | u_confreg/cpu_resetn_reg                                                                                                 |               14 |             23 |
|  pll.clk_pll/inst/cpu_clk   | u_axi_crossbar_1x2/inst/gen_samd.crossbar_samd/addr_arbiter_aw/p_1_in                                                                                                                    | u_axi_crossbar_1x2/inst/gen_samd.crossbar_samd/addr_arbiter_ar/SR[0]                                                     |                7 |             24 |
|  pll.clk_pll/inst/cpu_clk   | u_axi_crossbar_1x2/inst/gen_samd.crossbar_samd/addr_arbiter_ar/p_1_in                                                                                                                    | u_axi_crossbar_1x2/inst/gen_samd.crossbar_samd/addr_arbiter_ar/SR[0]                                                     |               14 |             24 |
|  pll.clk_pll/inst/cpu_clk   | u_cpu/u_ls132r_axi/u_fetch/inst_pc_r[31]_i_2_n_0                                                                                                                                         | u_confreg/cpu_resetn_reg                                                                                                 |               11 |             27 |
|  pll.clk_pll/inst/cpu_clk   | u_cpu/u_ls132r_axi/u_execute/tbuf_r[95]_i_1_n_0                                                                                                                                          |                                                                                                                          |                9 |             31 |
|  pll.clk_pll/inst/cpu_clk   | u_cpu/u_ls132r_axi/u_execute/E[0]                                                                                                                                                        |                                                                                                                          |               17 |             32 |
|  pll.clk_pll/inst/cpu_clk   | u_cpu/u_ls132r_axi/u_execute/cpu_resetn_reg_7[0]                                                                                                                                         |                                                                                                                          |               18 |             32 |
|  pll.clk_pll/inst/cpu_clk   | u_cpu/u_ls132r_axi/u_execute/tbuf_r[63]_i_1_n_0                                                                                                                                          |                                                                                                                          |               17 |             32 |
|  pll.clk_pll/inst/cpu_clk   | u_cpu/u_ls132r_axi/u_execute/reg_hi                                                                                                                                                      |                                                                                                                          |               26 |             32 |
|  pll.clk_pll/inst/cpu_clk   | u_cpu/u_ls132r_axi/u_execute/reg_lo                                                                                                                                                      |                                                                                                                          |               19 |             32 |
|  pll.clk_pll/inst/cpu_clk   | u_cpu/u_ls132r_axi/u_execute/cr_epc[31]_i_1_n_0                                                                                                                                          |                                                                                                                          |               20 |             32 |
|  pll.clk_pll/inst/cpu_clk   | u_cpu/u_ls132r_axi/u_execute/cr_errorepc[31]_i_1_n_0                                                                                                                                     | u_confreg/cpu_resetn_reg                                                                                                 |               19 |             32 |
|  pll.clk_pll/inst/cpu_clk   | u_cpu/u_ls132r_axi/u_execute/cr_badvaddr0                                                                                                                                                |                                                                                                                          |                8 |             32 |
|  pll.clk_pll/inst/cpu_clk   | u_cpu/u_ls132r_axi/u_execute/wen0_vec[16]                                                                                                                                                |                                                                                                                          |               20 |             32 |
|  pll.clk_pll/inst/cpu_clk   | u_cpu/u_ls132r_axi/u_execute/cr_count[0]_i_1_n_0                                                                                                                                         | u_confreg/cpu_resetn_reg                                                                                                 |                8 |             32 |
|  pll.clk_pll/inst/cpu_clk   | u_cpu/u_ls132r_axi/u_execute/cr_compare[31]_i_1_n_0                                                                                                                                      | u_confreg/cpu_resetn_reg                                                                                                 |                9 |             32 |
|  pll.clk_pll/inst/cpu_clk   | u_cpu/u_ls132r_axi/u_execute/cr_desave                                                                                                                                                   |                                                                                                                          |               22 |             32 |
|  pll.clk_pll/inst/cpu_clk   | u_cpu/u_ls132r_axi/u_fetch/fsm_to_full                                                                                                                                                   |                                                                                                                          |                8 |             32 |
|  pll.clk_pll/inst/cpu_clk   | u_cpu/u_ls132r_axi/u_execute/wen0_vec[8]                                                                                                                                                 |                                                                                                                          |               24 |             32 |
|  pll.clk_pll/inst/timer_clk |                                                                                                                                                                                          | u_confreg/cpu_resetn_reg                                                                                                 |                8 |             32 |
|  pll.clk_pll/inst/cpu_clk   | u_confreg/conf_wdata_r[31]_i_1_n_0                                                                                                                                                       |                                                                                                                          |               11 |             32 |
|  pll.clk_pll/inst/cpu_clk   | u_confreg/cr7[31]_i_1_n_0                                                                                                                                                                | u_confreg/cpu_resetn_reg                                                                                                 |               14 |             32 |
|  pll.clk_pll/inst/cpu_clk   | u_confreg/led_data[15]_i_1_n_0                                                                                                                                                           |                                                                                                                          |               16 |             32 |
|  pll.clk_pll/inst/cpu_clk   | u_cpu/u_ls132r_axi/u_fetch/ir_inst_r_reg[28]_0[0]                                                                                                                                        |                                                                                                                          |               18 |             32 |
|  pll.clk_pll/inst/cpu_clk   | u_cpu/u_ls132r_axi/u_fetch/ir_inst_r_reg[27]_0[0]                                                                                                                                        |                                                                                                                          |               18 |             32 |
|  pll.clk_pll/inst/cpu_clk   | u_cpu/u_ls132r_axi/u_fetch/ir_inst_r_reg[1]_0[0]                                                                                                                                         |                                                                                                                          |               16 |             32 |
|  pll.clk_pll/inst/cpu_clk   | u_confreg/write_cr3                                                                                                                                                                      | u_confreg/cpu_resetn_reg                                                                                                 |               18 |             32 |
|  pll.clk_pll/inst/cpu_clk   | u_confreg/write_io_simu                                                                                                                                                                  | u_confreg/cpu_resetn_reg                                                                                                 |                6 |             32 |
|  pll.clk_pll/inst/cpu_clk   | u_confreg/write_cr1                                                                                                                                                                      | u_confreg/cpu_resetn_reg                                                                                                 |               15 |             32 |
|  pll.clk_pll/inst/cpu_clk   | u_confreg/write_cr2                                                                                                                                                                      | u_confreg/cpu_resetn_reg                                                                                                 |               14 |             32 |
|  pll.clk_pll/inst/cpu_clk   | u_confreg/write_cr4                                                                                                                                                                      | u_confreg/cpu_resetn_reg                                                                                                 |               16 |             32 |
|  pll.clk_pll/inst/cpu_clk   | u_confreg/write_cr5                                                                                                                                                                      | u_confreg/cpu_resetn_reg                                                                                                 |               13 |             32 |
|  pll.clk_pll/inst/cpu_clk   | u_cpu/u_ls132r_axi/u_execute/wen0_vec[9]                                                                                                                                                 |                                                                                                                          |               15 |             32 |
|  pll.clk_pll/inst/cpu_clk   | u_confreg/write_cr0                                                                                                                                                                      | u_confreg/cpu_resetn_reg                                                                                                 |               22 |             32 |
|  pll.clk_pll/inst/cpu_clk   | u_confreg/write_cr6                                                                                                                                                                      | u_confreg/cpu_resetn_reg                                                                                                 |               13 |             32 |
|  pll.clk_pll/inst/cpu_clk   | u_confreg/write_num                                                                                                                                                                      | u_confreg/cpu_resetn_reg                                                                                                 |                8 |             32 |
|  pll.clk_pll/inst/cpu_clk   | u_cpu/u_ls132r_axi/u_execute/wen0_vec[0]                                                                                                                                                 |                                                                                                                          |               26 |             32 |
|  pll.clk_pll/inst/cpu_clk   | u_cpu/u_ls132r_axi/u_execute/wen0_vec[12]                                                                                                                                                |                                                                                                                          |               23 |             32 |
|  pll.clk_pll/inst/cpu_clk   | u_cpu/u_ls132r_axi/u_execute/wen0_vec[14]                                                                                                                                                |                                                                                                                          |               19 |             32 |
|  pll.clk_pll/inst/cpu_clk   | u_cpu/u_ls132r_axi/u_execute/wen0_vec[17]                                                                                                                                                |                                                                                                                          |               16 |             32 |
|  pll.clk_pll/inst/cpu_clk   | u_cpu/u_ls132r_axi/u_execute/wen0_vec[18]                                                                                                                                                |                                                                                                                          |               27 |             32 |
|  pll.clk_pll/inst/cpu_clk   | u_cpu/u_ls132r_axi/u_execute/wen0_vec[19]                                                                                                                                                |                                                                                                                          |               17 |             32 |
|  pll.clk_pll/inst/cpu_clk   | u_cpu/u_ls132r_axi/u_execute/wen0_vec[21]                                                                                                                                                |                                                                                                                          |               15 |             32 |
|  pll.clk_pll/inst/cpu_clk   | u_cpu/u_ls132r_axi/u_execute/wen0_vec[5]                                                                                                                                                 |                                                                                                                          |               10 |             32 |
|  pll.clk_pll/inst/cpu_clk   | u_cpu/u_ls132r_axi/u_execute/wen0_vec[1]                                                                                                                                                 |                                                                                                                          |                8 |             32 |
|  pll.clk_pll/inst/cpu_clk   | u_cpu/u_ls132r_axi/u_execute/wen0_vec[4]                                                                                                                                                 |                                                                                                                          |               20 |             32 |
|  pll.clk_pll/inst/cpu_clk   | u_cpu/u_ls132r_axi/u_execute/wen0_vec[6]                                                                                                                                                 |                                                                                                                          |               19 |             32 |
|  pll.clk_pll/inst/cpu_clk   | u_cpu/u_ls132r_axi/u_execute/wen0_vec[15]                                                                                                                                                |                                                                                                                          |               17 |             32 |
|  pll.clk_pll/inst/cpu_clk   | u_cpu/u_ls132r_axi/u_execute/cnt_incr_en                                                                                                                                                 |                                                                                                                          |               15 |             32 |
|  pll.clk_pll/inst/cpu_clk   | u_cpu/u_ls132r_axi/u_execute/wen0_vec[10]                                                                                                                                                |                                                                                                                          |               27 |             32 |
|  pll.clk_pll/inst/cpu_clk   | u_cpu/u_ls132r_axi/u_execute/wen0_vec[11]                                                                                                                                                |                                                                                                                          |               17 |             32 |
|  pll.clk_pll/inst/cpu_clk   | u_cpu/u_ls132r_axi/u_execute/wen0_vec[22]                                                                                                                                                |                                                                                                                          |               15 |             32 |
|  pll.clk_pll/inst/cpu_clk   | u_cpu/u_ls132r_axi/u_execute/wen0_vec[23]                                                                                                                                                |                                                                                                                          |               15 |             32 |
|  pll.clk_pll/inst/cpu_clk   | u_cpu/u_ls132r_axi/u_execute/wen0_vec[24]                                                                                                                                                |                                                                                                                          |               15 |             32 |
|  pll.clk_pll/inst/cpu_clk   | u_cpu/u_ls132r_axi/u_execute/wen0_vec[2]                                                                                                                                                 |                                                                                                                          |               14 |             32 |
|  pll.clk_pll/inst/cpu_clk   | u_cpu/u_ls132r_axi/u_execute/wen0_vec[20]                                                                                                                                                |                                                                                                                          |               18 |             32 |
|  pll.clk_pll/inst/cpu_clk   | u_cpu/u_ls132r_axi/u_execute/wen0_vec[25]                                                                                                                                                |                                                                                                                          |               15 |             32 |
|  pll.clk_pll/inst/cpu_clk   | u_cpu/u_ls132r_axi/u_execute/wen0_vec[13]                                                                                                                                                |                                                                                                                          |               20 |             32 |
|  pll.clk_pll/inst/cpu_clk   | u_cpu/u_ls132r_axi/u_execute/wen0_vec[3]                                                                                                                                                 |                                                                                                                          |               14 |             32 |
|  pll.clk_pll/inst/cpu_clk   | u_cpu/u_ls132r_axi/u_execute/wen0_vec[7]                                                                                                                                                 |                                                                                                                          |               15 |             32 |
|  pll.clk_pll/inst/cpu_clk   | u_cpu/u_ls132r_axi/u_execute/wen0_vec[30]                                                                                                                                                |                                                                                                                          |                9 |             32 |
|  pll.clk_pll/inst/cpu_clk   | u_cpu/u_ls132r_axi/u_execute/wen0_vec[27]                                                                                                                                                |                                                                                                                          |               16 |             32 |
|  pll.clk_pll/inst/cpu_clk   | u_cpu/u_ls132r_axi/u_execute/wen0_vec[29]                                                                                                                                                |                                                                                                                          |               11 |             32 |
|  pll.clk_pll/inst/cpu_clk   | u_cpu/u_ls132r_axi/u_execute/wen0_vec[26]                                                                                                                                                |                                                                                                                          |               30 |             32 |
|  pll.clk_pll/inst/cpu_clk   | u_cpu/u_ls132r_axi/u_execute/wen0_vec[28]                                                                                                                                                |                                                                                                                          |               22 |             32 |
|  pll.clk_pll/inst/cpu_clk   | u_confreg/conf_rdata_reg0                                                                                                                                                                | u_confreg/cpu_resetn_reg                                                                                                 |               15 |             33 |
|  pll.clk_pll/inst/cpu_clk   | u_confreg/write_led_rg1                                                                                                                                                                  | u_confreg/cpu_resetn_reg                                                                                                 |               13 |             34 |
|  pll.clk_pll/inst/cpu_clk   | u_axi_crossbar_1x2/inst/gen_samd.crossbar_samd/gen_master_slots[1].reg_slice_mi/r.r_pipe/s_ready_i_reg_0                                                                                 |                                                                                                                          |                6 |             34 |
|  pll.clk_pll/inst/cpu_clk   | u_axi_crossbar_1x2/inst/gen_samd.crossbar_samd/gen_slave_slots[0].gen_si_read.si_transactor_ar/gen_multi_thread.arbiter_resp_inst/E[0]                                                   |                                                                                                                          |               10 |             34 |
|  pll.clk_pll/inst/cpu_clk   | u_confreg/write_led_rg0                                                                                                                                                                  | u_confreg/cpu_resetn_reg                                                                                                 |               13 |             34 |
|  pll.clk_pll/inst/cpu_clk   | u_axi_crossbar_1x2/inst/gen_samd.crossbar_samd/gen_slave_slots[0].gen_si_read.si_transactor_ar/gen_multi_thread.arbiter_resp_inst/s_axi_rready[0]_1[0]                                   |                                                                                                                          |               10 |             34 |
|  pll.clk_pll/inst/cpu_clk   | u_axi_crossbar_1x2/inst/gen_samd.crossbar_samd/gen_master_slots[0].reg_slice_mi/r.r_pipe/s_ready_i_reg_0                                                                                 |                                                                                                                          |               10 |             34 |
|  pll.clk_pll/inst/cpu_clk   | u_cpu/u_ls132r_axi/u_execute/p_32_in                                                                                                                                                     |                                                                                                                          |               19 |             47 |
|  pll.clk_pll/inst/cpu_clk   | u_cpu/u_ls132r_axi/u_execute/new_inst_in                                                                                                                                                 |                                                                                                                          |               28 |             66 |
|  pll.clk_pll/inst/timer_clk |                                                                                                                                                                                          |                                                                                                                          |               12 |             67 |
|  pll.clk_pll/inst/cpu_clk   |                                                                                                                                                                                          | u_axi_crossbar_1x2/inst/gen_samd.crossbar_samd/addr_arbiter_ar/SR[0]                                                     |               27 |             69 |
|  pll.clk_pll/inst/cpu_clk   |                                                                                                                                                                                          | u_confreg/cpu_resetn_reg                                                                                                 |               36 |             79 |
|  pll.clk_pll/inst/cpu_clk   |                                                                                                                                                                                          |                                                                                                                          |               52 |            128 |
+-----------------------------+------------------------------------------------------------------------------------------------------------------------------------------------------------------------------------------+--------------------------------------------------------------------------------------------------------------------------+------------------+----------------+


