
*** Running vivado
    with args -log soc_axi_lite_top.vds -m64 -product Vivado -mode batch -messageDb vivado.pb -notrace -source soc_axi_lite_top.tcl


****** Vivado v2019.2 (64-bit)
  **** SW Build 2708876 on Wed Nov  6 21:40:23 MST 2019
  **** IP Build 2700528 on Thu Nov  7 00:09:20 MST 2019
    ** Copyright 1986-2019 Xilinx, Inc. All Rights Reserved.

source soc_axi_lite_top.tcl -notrace
Command: synth_design -top soc_axi_lite_top -part xc7a200tfbg676-2
Starting synth_design
Attempting to get a license for feature 'Synthesis' and/or device 'xc7a200t'
INFO: [Common 17-349] Got license for feature 'Synthesis' and/or device 'xc7a200t'
INFO: [Device 21-403] Loading part xc7a200tfbg676-2
INFO: Launching helper process for spawning children vivado processes
INFO: Helper process launched with PID 80056 
WARNING: [Synth 8-1935] empty port in module declaration [D:/pipline_better/lab4/lab11/CPU_CDE_AXI/cpu132_gettrace/rtl/CPU_gs132/ls132r_execute_stage.v:65]
WARNING: [Synth 8-1935] empty port in module declaration [D:/pipline_better/lab4/lab11/CPU_CDE_AXI/cpu132_gettrace/rtl/CPU_gs132/ls132r_execute_stage.v:66]
WARNING: [Synth 8-1935] empty port in module declaration [D:/pipline_better/lab4/lab11/CPU_CDE_AXI/cpu132_gettrace/rtl/CPU_gs132/ls132r_execute_stage.v:67]
---------------------------------------------------------------------------------
Starting RTL Elaboration : Time (s): cpu = 00:00:01 ; elapsed = 00:00:02 . Memory (MB): peak = 1042.652 ; gain = 244.672
---------------------------------------------------------------------------------
INFO: [Synth 8-6157] synthesizing module 'soc_axi_lite_top' [D:/pipline_better/lab4/lab11/CPU_CDE_AXI/mycpu_axi_verify/rtl/soc_axi_lite_top.v:65]
	Parameter SIMULATION bound to: 1'b0 
INFO: [Synth 8-6157] synthesizing module 'clk_pll' [D:/pipline_better/lab4/lab11/CPU_CDE_AXI/mycpu_axi_verify/run_vivado/mycpu_prj1/mycpu.runs/synth_1/.Xil/Vivado-108540-wyn/realtime/clk_pll_stub.v:5]
INFO: [Synth 8-6155] done synthesizing module 'clk_pll' (1#1) [D:/pipline_better/lab4/lab11/CPU_CDE_AXI/mycpu_axi_verify/run_vivado/mycpu_prj1/mycpu.runs/synth_1/.Xil/Vivado-108540-wyn/realtime/clk_pll_stub.v:5]
INFO: [Synth 8-6157] synthesizing module 'mycpu_top' [D:/pipline_better/lab4/lab11/CPU_CDE_AXI/mycpu_axi_verify/rtl/myCPU/mycpu_top.v:3]
INFO: [Synth 8-6157] synthesizing module 'ls132r_top' [D:/pipline_better/lab4/lab11/CPU_CDE_AXI/cpu132_gettrace/rtl/CPU_gs132/ls132r_top.v:36]
INFO: [Synth 8-6157] synthesizing module 'ls132r_interface' [D:/pipline_better/lab4/lab11/CPU_CDE_AXI/cpu132_gettrace/rtl/CPU_gs132/ls132r_interface.v:36]
	Parameter WR_IDLE bound to: 3'b000 
	Parameter WR_ADDR_OK_DATA_NO bound to: 3'b001 
	Parameter WR_ADDR_NO_DATA_OK bound to: 3'b010 
	Parameter WR_ADDR_OK_DATA_OK bound to: 3'b011 
	Parameter WR_WAIT_RESP bound to: 3'b100 
INFO: [Synth 8-6155] done synthesizing module 'ls132r_interface' (2#1) [D:/pipline_better/lab4/lab11/CPU_CDE_AXI/cpu132_gettrace/rtl/CPU_gs132/ls132r_interface.v:36]
INFO: [Synth 8-6157] synthesizing module 'ls132r_fetch_stage' [D:/pipline_better/lab4/lab11/CPU_CDE_AXI/cpu132_gettrace/rtl/CPU_gs132/ls132r_fetch_stage.v:36]
	Parameter EMPTY bound to: 3'b000 
	Parameter FETCH bound to: 3'b001 
	Parameter STALL bound to: 3'b010 
	Parameter FULL bound to: 3'b011 
	Parameter STALL_CANCEL bound to: 3'b100 
INFO: [Synth 8-6155] done synthesizing module 'ls132r_fetch_stage' (3#1) [D:/pipline_better/lab4/lab11/CPU_CDE_AXI/cpu132_gettrace/rtl/CPU_gs132/ls132r_fetch_stage.v:36]
INFO: [Synth 8-6157] synthesizing module 'ls132r_decode_stage' [D:/pipline_better/lab4/lab11/CPU_CDE_AXI/cpu132_gettrace/rtl/CPU_gs132/ls132r_decode_stage.v:36]
INFO: [Synth 8-6157] synthesizing module 'ls132r_decoder_6_64' [D:/pipline_better/lab4/lab11/CPU_CDE_AXI/cpu132_gettrace/rtl/CPU_gs132/ls132r_tools.v:98]
INFO: [Synth 8-6155] done synthesizing module 'ls132r_decoder_6_64' (4#1) [D:/pipline_better/lab4/lab11/CPU_CDE_AXI/cpu132_gettrace/rtl/CPU_gs132/ls132r_tools.v:98]
INFO: [Synth 8-6157] synthesizing module 'ls132r_decoder_5_32' [D:/pipline_better/lab4/lab11/CPU_CDE_AXI/cpu132_gettrace/rtl/CPU_gs132/ls132r_tools.v:34]
INFO: [Synth 8-6155] done synthesizing module 'ls132r_decoder_5_32' (5#1) [D:/pipline_better/lab4/lab11/CPU_CDE_AXI/cpu132_gettrace/rtl/CPU_gs132/ls132r_tools.v:34]
INFO: [Synth 8-6157] synthesizing module 'gr_heap_2r1w_32x32' [D:/pipline_better/lab4/lab11/CPU_CDE_AXI/cpu132_gettrace/rtl/CPU_gs132/ls132r_decode_stage.v:1270]
INFO: [Synth 8-6155] done synthesizing module 'gr_heap_2r1w_32x32' (6#1) [D:/pipline_better/lab4/lab11/CPU_CDE_AXI/cpu132_gettrace/rtl/CPU_gs132/ls132r_decode_stage.v:1270]
INFO: [Synth 8-6155] done synthesizing module 'ls132r_decode_stage' (7#1) [D:/pipline_better/lab4/lab11/CPU_CDE_AXI/cpu132_gettrace/rtl/CPU_gs132/ls132r_decode_stage.v:36]
INFO: [Synth 8-6157] synthesizing module 'ls132r_execute_stage' [D:/pipline_better/lab4/lab11/CPU_CDE_AXI/cpu132_gettrace/rtl/CPU_gs132/ls132r_execute_stage.v:36]
INFO: [Synth 8-6157] synthesizing module 'ls132r_first_one_32_5' [D:/pipline_better/lab4/lab11/CPU_CDE_AXI/cpu132_gettrace/rtl/CPU_gs132/ls132r_tools.v:193]
INFO: [Synth 8-6157] synthesizing module 'ls132r_first_one_8_3' [D:/pipline_better/lab4/lab11/CPU_CDE_AXI/cpu132_gettrace/rtl/CPU_gs132/ls132r_tools.v:216]
INFO: [Synth 8-6155] done synthesizing module 'ls132r_first_one_8_3' (8#1) [D:/pipline_better/lab4/lab11/CPU_CDE_AXI/cpu132_gettrace/rtl/CPU_gs132/ls132r_tools.v:216]
INFO: [Synth 8-6157] synthesizing module 'ls132r_first_one_4_2' [D:/pipline_better/lab4/lab11/CPU_CDE_AXI/cpu132_gettrace/rtl/CPU_gs132/ls132r_tools.v:231]
INFO: [Synth 8-6155] done synthesizing module 'ls132r_first_one_4_2' (9#1) [D:/pipline_better/lab4/lab11/CPU_CDE_AXI/cpu132_gettrace/rtl/CPU_gs132/ls132r_tools.v:231]
INFO: [Synth 8-6155] done synthesizing module 'ls132r_first_one_32_5' (10#1) [D:/pipline_better/lab4/lab11/CPU_CDE_AXI/cpu132_gettrace/rtl/CPU_gs132/ls132r_tools.v:193]
WARNING: [Synth 8-308] ignoring empty port [D:/pipline_better/lab4/lab11/CPU_CDE_AXI/cpu132_gettrace/rtl/CPU_gs132/ls132r_execute_stage.v:66]
WARNING: [Synth 8-308] ignoring empty port [D:/pipline_better/lab4/lab11/CPU_CDE_AXI/cpu132_gettrace/rtl/CPU_gs132/ls132r_execute_stage.v:67]
WARNING: [Synth 8-308] ignoring empty port [D:/pipline_better/lab4/lab11/CPU_CDE_AXI/cpu132_gettrace/rtl/CPU_gs132/ls132r_execute_stage.v:68]
INFO: [Synth 8-6155] done synthesizing module 'ls132r_execute_stage' (11#1) [D:/pipline_better/lab4/lab11/CPU_CDE_AXI/cpu132_gettrace/rtl/CPU_gs132/ls132r_execute_stage.v:36]
WARNING: [Synth 8-7023] instance 'u_execute' of module 'ls132r_execute_stage' has 30 connections declared, but only 27 given [D:/pipline_better/lab4/lab11/CPU_CDE_AXI/cpu132_gettrace/rtl/CPU_gs132/ls132r_top.v:420]
INFO: [Synth 8-6157] synthesizing module 'ls132r_ejtag_rstgen' [D:/pipline_better/lab4/lab11/CPU_CDE_AXI/cpu132_gettrace/rtl/CPU_gs132/ls132r_tools.v:241]
INFO: [Synth 8-6155] done synthesizing module 'ls132r_ejtag_rstgen' (12#1) [D:/pipline_better/lab4/lab11/CPU_CDE_AXI/cpu132_gettrace/rtl/CPU_gs132/ls132r_tools.v:241]
INFO: [Synth 8-6157] synthesizing module 'ls132r_ejtag_tap' [D:/pipline_better/lab4/lab11/CPU_CDE_AXI/cpu132_gettrace/rtl/CPU_gs132/ls132r_ejtag_tap.v:77]
INFO: [Synth 8-6157] synthesizing module 'ejtag_tap_fsm' [D:/pipline_better/lab4/lab11/CPU_CDE_AXI/cpu132_gettrace/rtl/CPU_gs132/ls132r_ejtag_tap.v:702]
INFO: [Synth 8-6155] done synthesizing module 'ejtag_tap_fsm' (13#1) [D:/pipline_better/lab4/lab11/CPU_CDE_AXI/cpu132_gettrace/rtl/CPU_gs132/ls132r_ejtag_tap.v:702]
INFO: [Synth 8-6157] synthesizing module 'ejtag_tap_instreg' [D:/pipline_better/lab4/lab11/CPU_CDE_AXI/cpu132_gettrace/rtl/CPU_gs132/ls132r_ejtag_tap.v:222]
INFO: [Synth 8-6155] done synthesizing module 'ejtag_tap_instreg' (14#1) [D:/pipline_better/lab4/lab11/CPU_CDE_AXI/cpu132_gettrace/rtl/CPU_gs132/ls132r_ejtag_tap.v:222]
INFO: [Synth 8-6157] synthesizing module 'ejtag_tap_decode' [D:/pipline_better/lab4/lab11/CPU_CDE_AXI/cpu132_gettrace/rtl/CPU_gs132/ls132r_ejtag_tap.v:854]
INFO: [Synth 8-6155] done synthesizing module 'ejtag_tap_decode' (15#1) [D:/pipline_better/lab4/lab11/CPU_CDE_AXI/cpu132_gettrace/rtl/CPU_gs132/ls132r_ejtag_tap.v:854]
INFO: [Synth 8-6157] synthesizing module 'ejtag_tap_reg_group' [D:/pipline_better/lab4/lab11/CPU_CDE_AXI/cpu132_gettrace/rtl/CPU_gs132/ls132r_ejtag_tap.v:280]
INFO: [Synth 8-6157] synthesizing module 'ejtag_tap_basicreg' [D:/pipline_better/lab4/lab11/CPU_CDE_AXI/cpu132_gettrace/rtl/CPU_gs132/ls132r_ejtag_tap.v:894]
	Parameter WIDTH bound to: 32 - type: integer 
	Parameter RST_VAL bound to: 536938521 - type: integer 
INFO: [Synth 8-6155] done synthesizing module 'ejtag_tap_basicreg' (16#1) [D:/pipline_better/lab4/lab11/CPU_CDE_AXI/cpu132_gettrace/rtl/CPU_gs132/ls132r_ejtag_tap.v:894]
INFO: [Synth 8-6157] synthesizing module 'ejtag_tap_basicreg__parameterized0' [D:/pipline_better/lab4/lab11/CPU_CDE_AXI/cpu132_gettrace/rtl/CPU_gs132/ls132r_ejtag_tap.v:894]
	Parameter WIDTH bound to: 32 - type: integer 
	Parameter RST_VAL bound to: 1090535424 - type: integer 
INFO: [Synth 8-6155] done synthesizing module 'ejtag_tap_basicreg__parameterized0' (16#1) [D:/pipline_better/lab4/lab11/CPU_CDE_AXI/cpu132_gettrace/rtl/CPU_gs132/ls132r_ejtag_tap.v:894]
INFO: [Synth 8-6157] synthesizing module 'ejtag_tap_basicreg__parameterized1' [D:/pipline_better/lab4/lab11/CPU_CDE_AXI/cpu132_gettrace/rtl/CPU_gs132/ls132r_ejtag_tap.v:894]
	Parameter WIDTH bound to: 32 - type: integer 
	Parameter RST_VAL bound to: 0 - type: integer 
INFO: [Synth 8-6155] done synthesizing module 'ejtag_tap_basicreg__parameterized1' (16#1) [D:/pipline_better/lab4/lab11/CPU_CDE_AXI/cpu132_gettrace/rtl/CPU_gs132/ls132r_ejtag_tap.v:894]
INFO: [Synth 8-6157] synthesizing module 'ejtag_tap_basicreg__parameterized2' [D:/pipline_better/lab4/lab11/CPU_CDE_AXI/cpu132_gettrace/rtl/CPU_gs132/ls132r_ejtag_tap.v:894]
	Parameter WIDTH bound to: 12 - type: integer 
	Parameter RST_VAL bound to: 12'b000000000000 
INFO: [Synth 8-6155] done synthesizing module 'ejtag_tap_basicreg__parameterized2' (16#1) [D:/pipline_better/lab4/lab11/CPU_CDE_AXI/cpu132_gettrace/rtl/CPU_gs132/ls132r_ejtag_tap.v:894]
INFO: [Synth 8-6155] done synthesizing module 'ejtag_tap_reg_group' (17#1) [D:/pipline_better/lab4/lab11/CPU_CDE_AXI/cpu132_gettrace/rtl/CPU_gs132/ls132r_ejtag_tap.v:280]
INFO: [Synth 8-6155] done synthesizing module 'ls132r_ejtag_tap' (18#1) [D:/pipline_better/lab4/lab11/CPU_CDE_AXI/cpu132_gettrace/rtl/CPU_gs132/ls132r_ejtag_tap.v:77]
INFO: [Synth 8-6157] synthesizing module 'ls132r_ejtag_tap_buffer' [D:/pipline_better/lab4/lab11/CPU_CDE_AXI/cpu132_gettrace/rtl/CPU_gs132/ls132r_ejtag_tap_buffer.v:36]
WARNING: [Synth 8-6014] Unused sequential element keep_dint_reg_reg was removed.  [D:/pipline_better/lab4/lab11/CPU_CDE_AXI/cpu132_gettrace/rtl/CPU_gs132/ls132r_ejtag_tap_buffer.v:146]
INFO: [Synth 8-6155] done synthesizing module 'ls132r_ejtag_tap_buffer' (19#1) [D:/pipline_better/lab4/lab11/CPU_CDE_AXI/cpu132_gettrace/rtl/CPU_gs132/ls132r_ejtag_tap_buffer.v:36]
INFO: [Synth 8-6157] synthesizing module 'ls132r_ejtag_dcr' [D:/pipline_better/lab4/lab11/CPU_CDE_AXI/cpu132_gettrace/rtl/CPU_gs132/ls132r_ejtag_dcr.v:36]
INFO: [Synth 8-6155] done synthesizing module 'ls132r_ejtag_dcr' (20#1) [D:/pipline_better/lab4/lab11/CPU_CDE_AXI/cpu132_gettrace/rtl/CPU_gs132/ls132r_ejtag_dcr.v:36]
INFO: [Synth 8-6157] synthesizing module 'ls132r_ejtag_hb' [D:/pipline_better/lab4/lab11/CPU_CDE_AXI/cpu132_gettrace/rtl/CPU_gs132/ls132r_ejtag_hb.v:36]
INFO: [Synth 8-6157] synthesizing module 'ls132r_ejtag_ib' [D:/pipline_better/lab4/lab11/CPU_CDE_AXI/cpu132_gettrace/rtl/CPU_gs132/ls132r_ejtag_hb.v:95]
	Parameter IBPNUM bound to: 4'b0001 
INFO: [Synth 8-6155] done synthesizing module 'ls132r_ejtag_ib' (21#1) [D:/pipline_better/lab4/lab11/CPU_CDE_AXI/cpu132_gettrace/rtl/CPU_gs132/ls132r_ejtag_hb.v:95]
INFO: [Synth 8-6155] done synthesizing module 'ls132r_ejtag_hb' (22#1) [D:/pipline_better/lab4/lab11/CPU_CDE_AXI/cpu132_gettrace/rtl/CPU_gs132/ls132r_ejtag_hb.v:36]
INFO: [Synth 8-6155] done synthesizing module 'ls132r_top' (23#1) [D:/pipline_better/lab4/lab11/CPU_CDE_AXI/cpu132_gettrace/rtl/CPU_gs132/ls132r_top.v:36]
INFO: [Synth 8-6155] done synthesizing module 'mycpu_top' (24#1) [D:/pipline_better/lab4/lab11/CPU_CDE_AXI/mycpu_axi_verify/rtl/myCPU/mycpu_top.v:3]
INFO: [Synth 8-6157] synthesizing module 'axi_wrap' [D:/pipline_better/lab4/lab11/CPU_CDE_AXI/mycpu_axi_verify/rtl/axi_wrap/axi_wrap.v:34]
INFO: [Synth 8-6155] done synthesizing module 'axi_wrap' (25#1) [D:/pipline_better/lab4/lab11/CPU_CDE_AXI/mycpu_axi_verify/rtl/axi_wrap/axi_wrap.v:34]
INFO: [Synth 8-6157] synthesizing module 'axi_crossbar_1x2' [D:/pipline_better/lab4/lab11/CPU_CDE_AXI/mycpu_axi_verify/run_vivado/mycpu_prj1/mycpu.runs/synth_1/.Xil/Vivado-108540-wyn/realtime/axi_crossbar_1x2_stub.v:6]
INFO: [Synth 8-6155] done synthesizing module 'axi_crossbar_1x2' (26#1) [D:/pipline_better/lab4/lab11/CPU_CDE_AXI/mycpu_axi_verify/run_vivado/mycpu_prj1/mycpu.runs/synth_1/.Xil/Vivado-108540-wyn/realtime/axi_crossbar_1x2_stub.v:6]
INFO: [Synth 8-6157] synthesizing module 'axi_wrap_ram' [D:/pipline_better/lab4/lab11/CPU_CDE_AXI/mycpu_axi_verify/rtl/ram_wrap/axi_wrap_ram.v:36]
INFO: [Synth 8-6157] synthesizing module 'axi_ram' [D:/pipline_better/lab4/lab11/CPU_CDE_AXI/mycpu_axi_verify/run_vivado/mycpu_prj1/mycpu.runs/synth_1/.Xil/Vivado-108540-wyn/realtime/axi_ram_stub.v:6]
INFO: [Synth 8-6155] done synthesizing module 'axi_ram' (27#1) [D:/pipline_better/lab4/lab11/CPU_CDE_AXI/mycpu_axi_verify/run_vivado/mycpu_prj1/mycpu.runs/synth_1/.Xil/Vivado-108540-wyn/realtime/axi_ram_stub.v:6]
WARNING: [Synth 8-6014] Unused sequential element ar_nomask_reg was removed.  [D:/pipline_better/lab4/lab11/CPU_CDE_AXI/mycpu_axi_verify/rtl/ram_wrap/axi_wrap_ram.v:126]
WARNING: [Synth 8-6014] Unused sequential element aw_nomask_reg was removed.  [D:/pipline_better/lab4/lab11/CPU_CDE_AXI/mycpu_axi_verify/rtl/ram_wrap/axi_wrap_ram.v:130]
WARNING: [Synth 8-6014] Unused sequential element w_nomask_reg was removed.  [D:/pipline_better/lab4/lab11/CPU_CDE_AXI/mycpu_axi_verify/rtl/ram_wrap/axi_wrap_ram.v:134]
INFO: [Synth 8-6155] done synthesizing module 'axi_wrap_ram' (28#1) [D:/pipline_better/lab4/lab11/CPU_CDE_AXI/mycpu_axi_verify/rtl/ram_wrap/axi_wrap_ram.v:36]
INFO: [Synth 8-6157] synthesizing module 'confreg' [D:/pipline_better/lab4/lab11/CPU_CDE_AXI/mycpu_axi_verify/rtl/CONFREG/confreg.v:73]
	Parameter SIMULATION bound to: 1'b0 
WARNING: [Synth 8-6014] Unused sequential element buf_len_reg was removed.  [D:/pipline_better/lab4/lab11/CPU_CDE_AXI/mycpu_axi_verify/rtl/CONFREG/confreg.v:192]
WARNING: [Synth 8-6014] Unused sequential element buf_size_reg was removed.  [D:/pipline_better/lab4/lab11/CPU_CDE_AXI/mycpu_axi_verify/rtl/CONFREG/confreg.v:193]
INFO: [Synth 8-6155] done synthesizing module 'confreg' (29#1) [D:/pipline_better/lab4/lab11/CPU_CDE_AXI/mycpu_axi_verify/rtl/CONFREG/confreg.v:73]
INFO: [Synth 8-6155] done synthesizing module 'soc_axi_lite_top' (30#1) [D:/pipline_better/lab4/lab11/CPU_CDE_AXI/mycpu_axi_verify/rtl/soc_axi_lite_top.v:65]
WARNING: [Synth 8-3331] design confreg has unconnected port arlen[7]
WARNING: [Synth 8-3331] design confreg has unconnected port arlen[6]
WARNING: [Synth 8-3331] design confreg has unconnected port arlen[5]
WARNING: [Synth 8-3331] design confreg has unconnected port arlen[4]
WARNING: [Synth 8-3331] design confreg has unconnected port arlen[3]
WARNING: [Synth 8-3331] design confreg has unconnected port arlen[2]
WARNING: [Synth 8-3331] design confreg has unconnected port arlen[1]
WARNING: [Synth 8-3331] design confreg has unconnected port arlen[0]
WARNING: [Synth 8-3331] design confreg has unconnected port arsize[2]
WARNING: [Synth 8-3331] design confreg has unconnected port arsize[1]
WARNING: [Synth 8-3331] design confreg has unconnected port arsize[0]
WARNING: [Synth 8-3331] design confreg has unconnected port arburst[1]
WARNING: [Synth 8-3331] design confreg has unconnected port arburst[0]
WARNING: [Synth 8-3331] design confreg has unconnected port arlock[1]
WARNING: [Synth 8-3331] design confreg has unconnected port arlock[0]
WARNING: [Synth 8-3331] design confreg has unconnected port arcache[3]
WARNING: [Synth 8-3331] design confreg has unconnected port arcache[2]
WARNING: [Synth 8-3331] design confreg has unconnected port arcache[1]
WARNING: [Synth 8-3331] design confreg has unconnected port arcache[0]
WARNING: [Synth 8-3331] design confreg has unconnected port arprot[2]
WARNING: [Synth 8-3331] design confreg has unconnected port arprot[1]
WARNING: [Synth 8-3331] design confreg has unconnected port arprot[0]
WARNING: [Synth 8-3331] design confreg has unconnected port awlen[7]
WARNING: [Synth 8-3331] design confreg has unconnected port awlen[6]
WARNING: [Synth 8-3331] design confreg has unconnected port awlen[5]
WARNING: [Synth 8-3331] design confreg has unconnected port awlen[4]
WARNING: [Synth 8-3331] design confreg has unconnected port awlen[3]
WARNING: [Synth 8-3331] design confreg has unconnected port awlen[2]
WARNING: [Synth 8-3331] design confreg has unconnected port awlen[1]
WARNING: [Synth 8-3331] design confreg has unconnected port awlen[0]
WARNING: [Synth 8-3331] design confreg has unconnected port awsize[2]
WARNING: [Synth 8-3331] design confreg has unconnected port awsize[1]
WARNING: [Synth 8-3331] design confreg has unconnected port awsize[0]
WARNING: [Synth 8-3331] design confreg has unconnected port awburst[1]
WARNING: [Synth 8-3331] design confreg has unconnected port awburst[0]
WARNING: [Synth 8-3331] design confreg has unconnected port awlock[1]
WARNING: [Synth 8-3331] design confreg has unconnected port awlock[0]
WARNING: [Synth 8-3331] design confreg has unconnected port awcache[3]
WARNING: [Synth 8-3331] design confreg has unconnected port awcache[2]
WARNING: [Synth 8-3331] design confreg has unconnected port awcache[1]
WARNING: [Synth 8-3331] design confreg has unconnected port awcache[0]
WARNING: [Synth 8-3331] design confreg has unconnected port awprot[2]
WARNING: [Synth 8-3331] design confreg has unconnected port awprot[1]
WARNING: [Synth 8-3331] design confreg has unconnected port awprot[0]
WARNING: [Synth 8-3331] design confreg has unconnected port wid[3]
WARNING: [Synth 8-3331] design confreg has unconnected port wid[2]
WARNING: [Synth 8-3331] design confreg has unconnected port wid[1]
WARNING: [Synth 8-3331] design confreg has unconnected port wid[0]
WARNING: [Synth 8-3331] design confreg has unconnected port wstrb[3]
WARNING: [Synth 8-3331] design confreg has unconnected port wstrb[2]
WARNING: [Synth 8-3331] design confreg has unconnected port wstrb[1]
WARNING: [Synth 8-3331] design confreg has unconnected port wstrb[0]
WARNING: [Synth 8-3331] design axi_wrap_ram has unconnected port axi_arlock[1]
WARNING: [Synth 8-3331] design axi_wrap_ram has unconnected port axi_arlock[0]
WARNING: [Synth 8-3331] design axi_wrap_ram has unconnected port axi_arcache[3]
WARNING: [Synth 8-3331] design axi_wrap_ram has unconnected port axi_arcache[2]
WARNING: [Synth 8-3331] design axi_wrap_ram has unconnected port axi_arcache[1]
WARNING: [Synth 8-3331] design axi_wrap_ram has unconnected port axi_arcache[0]
WARNING: [Synth 8-3331] design axi_wrap_ram has unconnected port axi_arprot[2]
WARNING: [Synth 8-3331] design axi_wrap_ram has unconnected port axi_arprot[1]
WARNING: [Synth 8-3331] design axi_wrap_ram has unconnected port axi_arprot[0]
WARNING: [Synth 8-3331] design axi_wrap_ram has unconnected port axi_awlock[1]
WARNING: [Synth 8-3331] design axi_wrap_ram has unconnected port axi_awlock[0]
WARNING: [Synth 8-3331] design axi_wrap_ram has unconnected port axi_awcache[3]
WARNING: [Synth 8-3331] design axi_wrap_ram has unconnected port axi_awcache[2]
WARNING: [Synth 8-3331] design axi_wrap_ram has unconnected port axi_awcache[1]
WARNING: [Synth 8-3331] design axi_wrap_ram has unconnected port axi_awcache[0]
WARNING: [Synth 8-3331] design axi_wrap_ram has unconnected port axi_awprot[2]
WARNING: [Synth 8-3331] design axi_wrap_ram has unconnected port axi_awprot[1]
WARNING: [Synth 8-3331] design axi_wrap_ram has unconnected port axi_awprot[0]
WARNING: [Synth 8-3331] design axi_wrap_ram has unconnected port axi_wid[3]
WARNING: [Synth 8-3331] design axi_wrap_ram has unconnected port axi_wid[2]
WARNING: [Synth 8-3331] design axi_wrap_ram has unconnected port axi_wid[1]
WARNING: [Synth 8-3331] design axi_wrap_ram has unconnected port axi_wid[0]
WARNING: [Synth 8-3331] design axi_wrap_ram has unconnected port ram_random_mask[4]
WARNING: [Synth 8-3331] design axi_wrap_ram has unconnected port ram_random_mask[3]
WARNING: [Synth 8-3331] design axi_wrap_ram has unconnected port ram_random_mask[2]
WARNING: [Synth 8-3331] design axi_wrap_ram has unconnected port ram_random_mask[1]
WARNING: [Synth 8-3331] design axi_wrap_ram has unconnected port ram_random_mask[0]
WARNING: [Synth 8-3331] design ls132r_ejtag_ib has unconnected port hb_reqbus[33]
WARNING: [Synth 8-3331] design ls132r_ejtag_ib has unconnected port hb_reqbus[32]
WARNING: [Synth 8-3331] design ls132r_ejtag_ib has unconnected port hb_reqbus[31]
WARNING: [Synth 8-3331] design ls132r_ejtag_ib has unconnected port hb_reqbus[30]
WARNING: [Synth 8-3331] design ls132r_ejtag_ib has unconnected port hb_reqbus[29]
WARNING: [Synth 8-3331] design ls132r_ejtag_ib has unconnected port hb_reqbus[28]
WARNING: [Synth 8-3331] design ls132r_ejtag_ib has unconnected port hb_reqbus[27]
WARNING: [Synth 8-3331] design ls132r_ejtag_ib has unconnected port hb_reqbus[26]
WARNING: [Synth 8-3331] design ls132r_ejtag_ib has unconnected port hb_reqbus[25]
WARNING: [Synth 8-3331] design ls132r_ejtag_ib has unconnected port hb_reqbus[24]
WARNING: [Synth 8-3331] design ls132r_ejtag_ib has unconnected port hb_reqbus[23]
WARNING: [Synth 8-3331] design ls132r_ejtag_ib has unconnected port hb_reqbus[22]
WARNING: [Synth 8-3331] design ls132r_ejtag_ib has unconnected port hb_reqbus[21]
WARNING: [Synth 8-3331] design ls132r_ejtag_ib has unconnected port hb_reqbus[20]
WARNING: [Synth 8-3331] design ls132r_ejtag_ib has unconnected port hb_reqbus[19]
WARNING: [Synth 8-3331] design ls132r_ejtag_ib has unconnected port hb_reqbus[18]
WARNING: [Synth 8-3331] design ls132r_ejtag_ib has unconnected port hb_reqbus[17]
WARNING: [Synth 8-3331] design ls132r_ejtag_ib has unconnected port hb_reqbus[16]
WARNING: [Synth 8-3331] design ls132r_ejtag_ib has unconnected port hb_reqbus[15]
WARNING: [Synth 8-3331] design ls132r_ejtag_ib has unconnected port hb_reqbus[9]
WARNING: [Synth 8-3331] design ls132r_ejtag_ib has unconnected port hb_reqbus[8]
INFO: [Common 17-14] Message 'Synth 8-3331' appears 100 times and further instances of the messages will be disabled. Use the Tcl command set_msg_config to change the current settings.
---------------------------------------------------------------------------------
Finished RTL Elaboration : Time (s): cpu = 00:00:03 ; elapsed = 00:00:04 . Memory (MB): peak = 1147.371 ; gain = 349.391
---------------------------------------------------------------------------------

Report Check Netlist: 
+------+------------------+-------+---------+-------+------------------+
|      |Item              |Errors |Warnings |Status |Description       |
+------+------------------+-------+---------+-------+------------------+
|1     |multi_driven_nets |      0|        0|Passed |Multi driven nets |
+------+------------------+-------+---------+-------+------------------+
---------------------------------------------------------------------------------
Start Handling Custom Attributes
---------------------------------------------------------------------------------
---------------------------------------------------------------------------------
Finished Handling Custom Attributes : Time (s): cpu = 00:00:03 ; elapsed = 00:00:04 . Memory (MB): peak = 1147.371 ; gain = 349.391
---------------------------------------------------------------------------------
---------------------------------------------------------------------------------
Finished RTL Optimization Phase 1 : Time (s): cpu = 00:00:03 ; elapsed = 00:00:04 . Memory (MB): peak = 1147.371 ; gain = 349.391
---------------------------------------------------------------------------------
Netlist sorting complete. Time (s): cpu = 00:00:00 ; elapsed = 00:00:00.066 . Memory (MB): peak = 1147.371 ; gain = 0.000
INFO: [Project 1-570] Preparing netlist for logic optimization

Processing XDC Constraints
Initializing timing engine
Parsing XDC File [d:/pipline_better/lab4/lab11/CPU_CDE_AXI/mycpu_axi_verify/rtl/xilinx_ip/clk_pll/clk_pll/clk_pll_in_context.xdc] for cell 'pll.clk_pll'
Finished Parsing XDC File [d:/pipline_better/lab4/lab11/CPU_CDE_AXI/mycpu_axi_verify/rtl/xilinx_ip/clk_pll/clk_pll/clk_pll_in_context.xdc] for cell 'pll.clk_pll'
Parsing XDC File [d:/pipline_better/lab4/lab11/CPU_CDE_AXI/mycpu_axi_verify/rtl/xilinx_ip/axi_crossbar_1x2/axi_crossbar_1x2/axi_crossbar_1x2_in_context.xdc] for cell 'u_axi_crossbar_1x2'
Finished Parsing XDC File [d:/pipline_better/lab4/lab11/CPU_CDE_AXI/mycpu_axi_verify/rtl/xilinx_ip/axi_crossbar_1x2/axi_crossbar_1x2/axi_crossbar_1x2_in_context.xdc] for cell 'u_axi_crossbar_1x2'
Parsing XDC File [d:/pipline_better/lab4/lab11/CPU_CDE_AXI/mycpu_axi_verify/rtl/xilinx_ip/axi_ram/axi_ram/axi_ram_in_context.xdc] for cell 'u_axi_ram/ram'
Finished Parsing XDC File [d:/pipline_better/lab4/lab11/CPU_CDE_AXI/mycpu_axi_verify/rtl/xilinx_ip/axi_ram/axi_ram/axi_ram_in_context.xdc] for cell 'u_axi_ram/ram'
Parsing XDC File [D:/pipline_better/lab4/lab11/CPU_CDE_AXI/mycpu_axi_verify/run_vivado/soc_lite.xdc]
WARNING: [Constraints 18-619] A clock with name 'clk' already exists, overwriting the previous clock with the same name. [D:/pipline_better/lab4/lab11/CPU_CDE_AXI/mycpu_axi_verify/run_vivado/soc_lite.xdc:5]
WARNING: [Vivado 12-508] No pins matched 'pll.clk_pll/inst/plle2_adv_inst/CLKOUT1'. [D:/pipline_better/lab4/lab11/CPU_CDE_AXI/mycpu_axi_verify/run_vivado/soc_lite.xdc:91]
WARNING: [Vivado 12-508] No pins matched 'pll.clk_pll/inst/plle2_adv_inst/CLKOUT0'. [D:/pipline_better/lab4/lab11/CPU_CDE_AXI/mycpu_axi_verify/run_vivado/soc_lite.xdc:92]
Finished Parsing XDC File [D:/pipline_better/lab4/lab11/CPU_CDE_AXI/mycpu_axi_verify/run_vivado/soc_lite.xdc]
WARNING: [Project 1-498] One or more constraints failed evaluation while reading constraint file [D:/pipline_better/lab4/lab11/CPU_CDE_AXI/mycpu_axi_verify/run_vivado/soc_lite.xdc] and the design contains unresolved black boxes. These constraints will be read post-synthesis (as long as their source constraint file is marked as used_in_implementation) and should be applied correctly then. You should review the constraints listed in the file [.Xil/soc_axi_lite_top_propImpl.xdc] and check the run log file to verify that these constraints were correctly applied.
INFO: [Project 1-236] Implementation specific constraints were found while reading constraint file [D:/pipline_better/lab4/lab11/CPU_CDE_AXI/mycpu_axi_verify/run_vivado/soc_lite.xdc]. These constraints will be ignored for synthesis but will be used in implementation. Impacted constraints are listed in the file [.Xil/soc_axi_lite_top_propImpl.xdc].
Resolution: To avoid this warning, move constraints listed in [.Xil/soc_axi_lite_top_propImpl.xdc] to another XDC file and exclude this new file from synthesis with the used_in_synthesis property (File Properties dialog in GUI) and re-run elaboration/synthesis.
Completed Processing XDC Constraints

Netlist sorting complete. Time (s): cpu = 00:00:00 ; elapsed = 00:00:00.001 . Memory (MB): peak = 1285.398 ; gain = 0.000
INFO: [Project 1-111] Unisim Transformation Summary:
No Unisim elements were transformed.

Constraint Validation Runtime : Time (s): cpu = 00:00:00 ; elapsed = 00:00:00.017 . Memory (MB): peak = 1285.398 ; gain = 0.000
WARNING: [Timing 38-316] Clock period '100.000' specified during out-of-context synthesis of instance 'u_axi_crossbar_1x2' at clock pin 'aclk' is different from the actual clock period '20.000', this can lead to different synthesis results.
---------------------------------------------------------------------------------
Finished Constraint Validation : Time (s): cpu = 00:00:07 ; elapsed = 00:00:09 . Memory (MB): peak = 1285.453 ; gain = 487.473
---------------------------------------------------------------------------------
---------------------------------------------------------------------------------
Start Loading Part and Timing Information
---------------------------------------------------------------------------------
Loading part: xc7a200tfbg676-2
---------------------------------------------------------------------------------
Finished Loading Part and Timing Information : Time (s): cpu = 00:00:07 ; elapsed = 00:00:09 . Memory (MB): peak = 1285.453 ; gain = 487.473
---------------------------------------------------------------------------------
---------------------------------------------------------------------------------
Start Applying 'set_property' XDC Constraints
---------------------------------------------------------------------------------
Applied set_property IO_BUFFER_TYPE = NONE for clk. (constraint file  d:/pipline_better/lab4/lab11/CPU_CDE_AXI/mycpu_axi_verify/rtl/xilinx_ip/clk_pll/clk_pll/clk_pll_in_context.xdc, line 4).
Applied set_property CLOCK_BUFFER_TYPE = NONE for clk. (constraint file  d:/pipline_better/lab4/lab11/CPU_CDE_AXI/mycpu_axi_verify/rtl/xilinx_ip/clk_pll/clk_pll/clk_pll_in_context.xdc, line 5).
Applied set_property DONT_TOUCH = true for \pll.clk_pll . (constraint file  auto generated constraint, line ).
Applied set_property DONT_TOUCH = true for u_axi_crossbar_1x2. (constraint file  auto generated constraint, line ).
Applied set_property DONT_TOUCH = true for u_axi_ram/ram. (constraint file  auto generated constraint, line ).
---------------------------------------------------------------------------------
Finished applying 'set_property' XDC Constraints : Time (s): cpu = 00:00:07 ; elapsed = 00:00:09 . Memory (MB): peak = 1285.453 ; gain = 487.473
---------------------------------------------------------------------------------
INFO: [Synth 8-4471] merging register 'cr_debug_Doze_reg' into 'cr_cause_FDCI_reg' [D:/pipline_better/lab4/lab11/CPU_CDE_AXI/cpu132_gettrace/rtl/CPU_gs132/ls132r_execute_stage.v:532]
INFO: [Synth 8-4471] merging register 'cr_debug_Halt_reg' into 'cr_cause_FDCI_reg' [D:/pipline_better/lab4/lab11/CPU_CDE_AXI/cpu132_gettrace/rtl/CPU_gs132/ls132r_execute_stage.v:532]
INFO: [Synth 8-802] inferred FSM for state register 'curr_state_reg' in module 'ejtag_tap_fsm'
INFO: [Synth 8-5546] ROM "sel" won't be mapped to RAM because it is too sparse
INFO: [Synth 8-5546] ROM "norboot" won't be mapped to RAM because it is too sparse
INFO: [Synth 8-5546] ROM "boot" won't be mapped to RAM because it is too sparse
INFO: [Synth 8-802] inferred FSM for state register 'state_reg' in module 'confreg'
INFO: [Synth 8-5544] ROM "num_csn" won't be mapped to Block RAM because address size (3) smaller than threshold (5)
INFO: [Synth 8-5544] ROM "num_a_g" won't be mapped to Block RAM because address size (4) smaller than threshold (5)
---------------------------------------------------------------------------------------------------
                   State |                     New Encoding |                Previous Encoding 
---------------------------------------------------------------------------------------------------
                 iSTATE2 |                             0000 |                             0000
                 iSTATE1 |                             0001 |                             0001
                 iSTATE0 |                             0010 |                             0010
                 iSTATE7 |                             0011 |                             1001
                 iSTATE4 |                             0100 |                             1010
                 iSTATE3 |                             0101 |                             1011
                iSTATE14 |                             0110 |                             1100
                iSTATE13 |                             0111 |                             1101
                iSTATE12 |                             1000 |                             1110
                iSTATE10 |                             1001 |                             1111
*
                  iSTATE |                             1010 |                             0011
                iSTATE11 |                             1011 |                             0100
                 iSTATE9 |                             1100 |                             0101
                 iSTATE6 |                             1101 |                             0110
                 iSTATE5 |                             1110 |                             0111
                 iSTATE8 |                             1111 |                             1000
---------------------------------------------------------------------------------------------------
INFO: [Synth 8-3354] encoded FSM with state register 'curr_state_reg' using encoding 'sequential' in module 'ejtag_tap_fsm'
---------------------------------------------------------------------------------------------------
                   State |                     New Encoding |                Previous Encoding 
---------------------------------------------------------------------------------------------------
                 iSTATE4 |                           000001 |                              000
                  iSTATE |                           100000 |                              001
                 iSTATE0 |                           010000 |                              010
                 iSTATE1 |                           001000 |                              011
                 iSTATE2 |                           000100 |                              100
                 iSTATE3 |                           000010 |                              111
---------------------------------------------------------------------------------------------------
INFO: [Synth 8-3354] encoded FSM with state register 'state_reg' using encoding 'one-hot' in module 'confreg'
---------------------------------------------------------------------------------
Finished RTL Optimization Phase 2 : Time (s): cpu = 00:00:09 ; elapsed = 00:00:10 . Memory (MB): peak = 1285.453 ; gain = 487.473
---------------------------------------------------------------------------------

Report RTL Partitions: 
+-+--------------+------------+----------+
| |RTL Partition |Replication |Instances |
+-+--------------+------------+----------+
+-+--------------+------------+----------+
---------------------------------------------------------------------------------
Start RTL Component Statistics 
---------------------------------------------------------------------------------
Detailed RTL Component Info : 
+---Adders : 
	   2 Input     33 Bit       Adders := 1     
	   3 Input     33 Bit       Adders := 2     
	   2 Input     32 Bit       Adders := 3     
	   2 Input     30 Bit       Adders := 1     
	   2 Input      6 Bit       Adders := 1     
	   2 Input      5 Bit       Adders := 1     
	   2 Input      4 Bit       Adders := 1     
	   2 Input      2 Bit       Adders := 1     
	   4 Input      1 Bit       Adders := 3     
+---XORs : 
	   2 Input     32 Bit         XORs := 1     
	   2 Input      1 Bit         XORs := 9     
+---Registers : 
	               97 Bit    Registers := 1     
	               32 Bit    Registers := 81    
	               23 Bit    Registers := 1     
	               16 Bit    Registers := 1     
	               12 Bit    Registers := 4     
	                8 Bit    Registers := 3     
	                7 Bit    Registers := 2     
	                6 Bit    Registers := 3     
	                5 Bit    Registers := 7     
	                4 Bit    Registers := 4     
	                3 Bit    Registers := 2     
	                2 Bit    Registers := 4     
	                1 Bit    Registers := 125   
+---Muxes : 
	   2 Input     65 Bit        Muxes := 1     
	   2 Input     64 Bit        Muxes := 1     
	   4 Input     33 Bit        Muxes := 1     
	   2 Input     33 Bit        Muxes := 9     
	   2 Input     32 Bit        Muxes := 80    
	   3 Input     32 Bit        Muxes := 2     
	  11 Input     32 Bit        Muxes := 1     
	   3 Input     23 Bit        Muxes := 1     
	   2 Input     23 Bit        Muxes := 1     
	   2 Input     16 Bit        Muxes := 13    
	   6 Input     16 Bit        Muxes := 1     
	  17 Input     16 Bit        Muxes := 1     
	  16 Input     13 Bit        Muxes := 1     
	   2 Input     12 Bit        Muxes := 2     
	   2 Input      8 Bit        Muxes := 2     
	   8 Input      8 Bit        Muxes := 1     
	   2 Input      7 Bit        Muxes := 3     
	  10 Input      6 Bit        Muxes := 1     
	   2 Input      6 Bit        Muxes := 10    
	   6 Input      6 Bit        Muxes := 1     
	   2 Input      5 Bit        Muxes := 20    
	   2 Input      4 Bit        Muxes := 39    
	   5 Input      4 Bit        Muxes := 1     
	   4 Input      4 Bit        Muxes := 1     
	  16 Input      4 Bit        Muxes := 3     
	   6 Input      4 Bit        Muxes := 1     
	  13 Input      3 Bit        Muxes := 1     
	   6 Input      3 Bit        Muxes := 4     
	   7 Input      3 Bit        Muxes := 1     
	   8 Input      3 Bit        Muxes := 1     
	   2 Input      3 Bit        Muxes := 15    
	   2 Input      2 Bit        Muxes := 17    
	   4 Input      2 Bit        Muxes := 2     
	   2 Input      1 Bit        Muxes := 107   
	   6 Input      1 Bit        Muxes := 1     
	   8 Input      1 Bit        Muxes := 14    
	  16 Input      1 Bit        Muxes := 2     
	   9 Input      1 Bit        Muxes := 1     
---------------------------------------------------------------------------------
Finished RTL Component Statistics 
---------------------------------------------------------------------------------
---------------------------------------------------------------------------------
Start RTL Hierarchical Component Statistics 
---------------------------------------------------------------------------------
Hierarchical RTL Component report 
Module soc_axi_lite_top 
Detailed RTL Component Info : 
+---Registers : 
	                1 Bit    Registers := 1     
Module ls132r_interface 
Detailed RTL Component Info : 
+---Adders : 
	   4 Input      1 Bit       Adders := 3     
+---Registers : 
	                3 Bit    Registers := 1     
	                1 Bit    Registers := 7     
+---Muxes : 
	   2 Input     32 Bit        Muxes := 4     
	   2 Input      4 Bit        Muxes := 1     
	  13 Input      3 Bit        Muxes := 1     
	   6 Input      3 Bit        Muxes := 1     
	   7 Input      3 Bit        Muxes := 1     
	   8 Input      3 Bit        Muxes := 1     
	   2 Input      2 Bit        Muxes := 4     
	   2 Input      1 Bit        Muxes := 9     
Module ls132r_fetch_stage 
Detailed RTL Component Info : 
+---Adders : 
	   2 Input     32 Bit       Adders := 2     
+---Registers : 
	               32 Bit    Registers := 4     
	                3 Bit    Registers := 1     
	                1 Bit    Registers := 9     
+---Muxes : 
	   2 Input     32 Bit        Muxes := 10    
	   3 Input     32 Bit        Muxes := 1     
	  11 Input     32 Bit        Muxes := 1     
	   6 Input      3 Bit        Muxes := 1     
	   2 Input      3 Bit        Muxes := 2     
	   4 Input      2 Bit        Muxes := 1     
	   2 Input      1 Bit        Muxes := 9     
	   6 Input      1 Bit        Muxes := 1     
Module gr_heap_2r1w_32x32 
Detailed RTL Component Info : 
+---Registers : 
	               32 Bit    Registers := 31    
Module ls132r_decode_stage 
Detailed RTL Component Info : 
+---Muxes : 
	   2 Input     32 Bit        Muxes := 6     
	   2 Input      7 Bit        Muxes := 3     
	  10 Input      6 Bit        Muxes := 1     
	   2 Input      5 Bit        Muxes := 2     
	   2 Input      2 Bit        Muxes := 1     
	   2 Input      1 Bit        Muxes := 1     
Module ls132r_execute_stage 
Detailed RTL Component Info : 
+---Adders : 
	   2 Input     33 Bit       Adders := 1     
	   3 Input     33 Bit       Adders := 2     
	   2 Input     32 Bit       Adders := 1     
	   2 Input     30 Bit       Adders := 1     
	   2 Input      6 Bit       Adders := 1     
+---XORs : 
	   2 Input     32 Bit         XORs := 1     
	   2 Input      1 Bit         XORs := 1     
+---Registers : 
	               97 Bit    Registers := 1     
	               32 Bit    Registers := 12    
	                8 Bit    Registers := 1     
	                7 Bit    Registers := 1     
	                6 Bit    Registers := 3     
	                5 Bit    Registers := 2     
	                2 Bit    Registers := 2     
	                1 Bit    Registers := 46    
+---Muxes : 
	   2 Input     65 Bit        Muxes := 1     
	   2 Input     64 Bit        Muxes := 1     
	   4 Input     33 Bit        Muxes := 1     
	   2 Input     33 Bit        Muxes := 9     
	   2 Input     32 Bit        Muxes := 46    
	   3 Input     32 Bit        Muxes := 1     
	   2 Input      8 Bit        Muxes := 2     
	   2 Input      6 Bit        Muxes := 4     
	   2 Input      5 Bit        Muxes := 4     
	   5 Input      4 Bit        Muxes := 1     
	   4 Input      4 Bit        Muxes := 1     
	   2 Input      4 Bit        Muxes := 1     
	   2 Input      3 Bit        Muxes := 2     
	   4 Input      2 Bit        Muxes := 1     
	   2 Input      2 Bit        Muxes := 1     
	   2 Input      1 Bit        Muxes := 39    
Module ls132r_ejtag_rstgen 
Detailed RTL Component Info : 
+---Registers : 
	                1 Bit    Registers := 2     
+---Muxes : 
	   2 Input      1 Bit        Muxes := 1     
Module ejtag_tap_fsm 
Detailed RTL Component Info : 
+---Registers : 
	                1 Bit    Registers := 8     
+---Muxes : 
	   2 Input      4 Bit        Muxes := 30    
	  16 Input      4 Bit        Muxes := 3     
	   2 Input      2 Bit        Muxes := 6     
	   2 Input      1 Bit        Muxes := 3     
	   8 Input      1 Bit        Muxes := 14    
Module ejtag_tap_instreg 
Detailed RTL Component Info : 
+---Registers : 
	                5 Bit    Registers := 2     
+---Muxes : 
	   2 Input      5 Bit        Muxes := 3     
	   2 Input      1 Bit        Muxes := 3     
Module ejtag_tap_decode 
Detailed RTL Component Info : 
+---Muxes : 
	  16 Input     13 Bit        Muxes := 1     
	  16 Input      1 Bit        Muxes := 2     
Module ejtag_tap_basicreg 
Detailed RTL Component Info : 
+---Registers : 
	               32 Bit    Registers := 2     
+---Muxes : 
	   2 Input     32 Bit        Muxes := 1     
	   2 Input      1 Bit        Muxes := 1     
Module ejtag_tap_basicreg__parameterized0 
Detailed RTL Component Info : 
+---Registers : 
	               32 Bit    Registers := 2     
+---Muxes : 
	   2 Input     32 Bit        Muxes := 1     
	   2 Input      1 Bit        Muxes := 1     
Module ejtag_tap_basicreg__parameterized1 
Detailed RTL Component Info : 
+---Registers : 
	               32 Bit    Registers := 2     
+---Muxes : 
	   2 Input     32 Bit        Muxes := 1     
	   2 Input      1 Bit        Muxes := 1     
Module ejtag_tap_basicreg__parameterized2 
Detailed RTL Component Info : 
+---Registers : 
	               12 Bit    Registers := 2     
+---Muxes : 
	   2 Input     12 Bit        Muxes := 1     
	   2 Input      1 Bit        Muxes := 1     
Module ejtag_tap_reg_group 
Detailed RTL Component Info : 
+---Registers : 
	               32 Bit    Registers := 3     
	                5 Bit    Registers := 2     
	                1 Bit    Registers := 14    
+---Muxes : 
	   2 Input     32 Bit        Muxes := 3     
	   2 Input      5 Bit        Muxes := 10    
	   2 Input      1 Bit        Muxes := 18    
	   9 Input      1 Bit        Muxes := 1     
Module ls132r_ejtag_tap 
Detailed RTL Component Info : 
+---Registers : 
	                1 Bit    Registers := 1     
+---Muxes : 
	   2 Input      1 Bit        Muxes := 1     
Module ls132r_ejtag_tap_buffer 
Detailed RTL Component Info : 
+---Registers : 
	                1 Bit    Registers := 14    
+---Muxes : 
	   2 Input     32 Bit        Muxes := 1     
	   2 Input      2 Bit        Muxes := 1     
	   2 Input      1 Bit        Muxes := 2     
Module ls132r_ejtag_dcr 
Detailed RTL Component Info : 
+---Registers : 
	                4 Bit    Registers := 1     
+---Muxes : 
	   2 Input      4 Bit        Muxes := 2     
Module ls132r_ejtag_ib 
Detailed RTL Component Info : 
+---Registers : 
	               32 Bit    Registers := 2     
	                2 Bit    Registers := 1     
	                1 Bit    Registers := 1     
+---Muxes : 
	   2 Input     32 Bit        Muxes := 1     
	   2 Input      1 Bit        Muxes := 4     
Module ls132r_top 
Detailed RTL Component Info : 
+---Registers : 
	                1 Bit    Registers := 1     
+---Muxes : 
	   2 Input      1 Bit        Muxes := 1     
Module axi_wrap 
Detailed RTL Component Info : 
+---Muxes : 
	   2 Input     32 Bit        Muxes := 1     
	   2 Input      4 Bit        Muxes := 2     
	   2 Input      2 Bit        Muxes := 2     
Module axi_wrap_ram 
Detailed RTL Component Info : 
+---Adders : 
	   2 Input      5 Bit       Adders := 1     
	   2 Input      2 Bit       Adders := 1     
+---Registers : 
	                5 Bit    Registers := 1     
	                2 Bit    Registers := 1     
+---Muxes : 
	   2 Input     32 Bit        Muxes := 1     
	   2 Input      5 Bit        Muxes := 1     
	   2 Input      4 Bit        Muxes := 2     
	   2 Input      3 Bit        Muxes := 1     
	   2 Input      2 Bit        Muxes := 2     
Module confreg 
Detailed RTL Component Info : 
+---Adders : 
	   2 Input      4 Bit       Adders := 1     
+---XORs : 
	   2 Input      1 Bit         XORs := 8     
+---Registers : 
	               32 Bit    Registers := 21    
	               23 Bit    Registers := 1     
	               16 Bit    Registers := 1     
	                8 Bit    Registers := 2     
	                7 Bit    Registers := 1     
	                4 Bit    Registers := 3     
	                1 Bit    Registers := 21    
+---Muxes : 
	   2 Input     32 Bit        Muxes := 3     
	   3 Input     23 Bit        Muxes := 1     
	   2 Input     23 Bit        Muxes := 1     
	   2 Input     16 Bit        Muxes := 13    
	   6 Input     16 Bit        Muxes := 1     
	  17 Input     16 Bit        Muxes := 1     
	   8 Input      8 Bit        Muxes := 1     
	   6 Input      6 Bit        Muxes := 1     
	   2 Input      6 Bit        Muxes := 6     
	   2 Input      4 Bit        Muxes := 1     
	   6 Input      4 Bit        Muxes := 1     
	   2 Input      3 Bit        Muxes := 10    
	   6 Input      3 Bit        Muxes := 2     
	   2 Input      1 Bit        Muxes := 10    
---------------------------------------------------------------------------------
Finished RTL Hierarchical Component Statistics
---------------------------------------------------------------------------------
---------------------------------------------------------------------------------
Start Part Resource Summary
---------------------------------------------------------------------------------
Part Resources:
DSPs: 740 (col length:100)
BRAMs: 730 (col length: RAMB18 100 RAMB36 50)
---------------------------------------------------------------------------------
Finished Part Resource Summary
---------------------------------------------------------------------------------
---------------------------------------------------------------------------------
Start Cross Boundary and Area Optimization
---------------------------------------------------------------------------------
Warning: Parallel synthesis criteria is not met 
INFO: [Synth 8-5546] ROM "decode/sel" won't be mapped to RAM because it is too sparse
INFO: [Synth 8-3886] merging instance 'u_cpu/u_ls132r_axi/u_ejtag_tap/reggroup/ecr_in_reg[28]' (FDC) to 'u_cpu/u_ls132r_axi/u_ejtag_tap/reggroup/ecr_in_reg[20]'
INFO: [Synth 8-3886] merging instance 'u_cpu/u_ls132r_axi/u_ejtag_tap/reggroup/ecr_in_reg[27]' (FDC) to 'u_cpu/u_ls132r_axi/u_ejtag_tap/reggroup/ecr_in_reg[20]'
INFO: [Synth 8-3886] merging instance 'u_cpu/u_ls132r_axi/u_ejtag_tap/reggroup/ecr_in_reg[26]' (FDC) to 'u_cpu/u_ls132r_axi/u_ejtag_tap/reggroup/ecr_in_reg[20]'
INFO: [Synth 8-3886] merging instance 'u_cpu/u_ls132r_axi/u_ejtag_tap/reggroup/ecr_in_reg[25]' (FDC) to 'u_cpu/u_ls132r_axi/u_ejtag_tap/reggroup/ecr_in_reg[20]'
INFO: [Synth 8-3886] merging instance 'u_cpu/u_ls132r_axi/u_ejtag_tap/reggroup/ecr_in_reg[24]' (FDC) to 'u_cpu/u_ls132r_axi/u_ejtag_tap/reggroup/ecr_in_reg[20]'
INFO: [Synth 8-3886] merging instance 'u_cpu/u_ls132r_axi/u_ejtag_tap/reggroup/ecr_in_reg[23]' (FDC) to 'u_cpu/u_ls132r_axi/u_ejtag_tap/reggroup/ecr_in_reg[20]'
INFO: [Synth 8-3886] merging instance 'u_cpu/u_ls132r_axi/u_ejtag_tap/reggroup/ecr_in_reg[22]' (FDC) to 'u_cpu/u_ls132r_axi/u_ejtag_tap/reggroup/ecr_in_reg[20]'
INFO: [Synth 8-3886] merging instance 'u_cpu/u_ls132r_axi/u_ejtag_tap/reggroup/ecr_in_reg[21]' (FDC) to 'u_cpu/u_ls132r_axi/u_ejtag_tap/reggroup/ecr_in_reg[20]'
INFO: [Synth 8-3333] propagating constant 0 across sequential element (\u_cpu/u_ls132r_axi/u_ejtag_tap/reggroup/ecr_in_reg[20] )
INFO: [Synth 8-3333] propagating constant 0 across sequential element (\u_cpu/u_ls132r_axi/u_ejtag_rstgen/rff_reg )
INFO: [Synth 8-3333] propagating constant 0 across sequential element (\u_cpu/u_ls132r_axi/nmi_r_reg )
INFO: [Synth 8-3333] propagating constant 0 across sequential element (\u_cpu/u_ls132r_axi/u_execute /\tbuf_r_reg[96] )
INFO: [Synth 8-3333] propagating constant 0 across sequential element (\u_cpu/u_ls132r_axi/u_ejtag_rstgen/rff1_reg )
INFO: [Synth 8-3886] merging instance 'u_confreg/simu_flag_reg[0]' (FDRE) to 'u_confreg/simu_flag_reg[1]'
INFO: [Synth 8-3886] merging instance 'u_confreg/simu_flag_reg[1]' (FDRE) to 'u_confreg/simu_flag_reg[2]'
INFO: [Synth 8-3886] merging instance 'u_confreg/simu_flag_reg[2]' (FDRE) to 'u_confreg/simu_flag_reg[3]'
INFO: [Synth 8-3886] merging instance 'u_confreg/simu_flag_reg[3]' (FDRE) to 'u_confreg/simu_flag_reg[4]'
INFO: [Synth 8-3886] merging instance 'u_confreg/simu_flag_reg[4]' (FDRE) to 'u_confreg/simu_flag_reg[5]'
INFO: [Synth 8-3886] merging instance 'u_confreg/simu_flag_reg[5]' (FDRE) to 'u_confreg/simu_flag_reg[6]'
INFO: [Synth 8-3886] merging instance 'u_confreg/simu_flag_reg[6]' (FDRE) to 'u_confreg/simu_flag_reg[7]'
INFO: [Synth 8-3886] merging instance 'u_confreg/simu_flag_reg[7]' (FDRE) to 'u_confreg/simu_flag_reg[8]'
INFO: [Synth 8-3886] merging instance 'u_confreg/simu_flag_reg[8]' (FDRE) to 'u_confreg/simu_flag_reg[9]'
INFO: [Synth 8-3886] merging instance 'u_confreg/simu_flag_reg[9]' (FDRE) to 'u_confreg/simu_flag_reg[10]'
INFO: [Synth 8-3886] merging instance 'u_confreg/simu_flag_reg[10]' (FDRE) to 'u_confreg/simu_flag_reg[11]'
INFO: [Synth 8-3886] merging instance 'u_confreg/simu_flag_reg[11]' (FDRE) to 'u_confreg/simu_flag_reg[12]'
INFO: [Synth 8-3886] merging instance 'u_confreg/simu_flag_reg[12]' (FDRE) to 'u_confreg/simu_flag_reg[13]'
INFO: [Synth 8-3886] merging instance 'u_confreg/simu_flag_reg[13]' (FDRE) to 'u_confreg/simu_flag_reg[14]'
INFO: [Synth 8-3886] merging instance 'u_confreg/simu_flag_reg[14]' (FDRE) to 'u_confreg/simu_flag_reg[15]'
INFO: [Synth 8-3886] merging instance 'u_confreg/simu_flag_reg[15]' (FDRE) to 'u_confreg/simu_flag_reg[16]'
INFO: [Synth 8-3886] merging instance 'u_confreg/simu_flag_reg[16]' (FDRE) to 'u_confreg/simu_flag_reg[17]'
INFO: [Synth 8-3886] merging instance 'u_confreg/simu_flag_reg[17]' (FDRE) to 'u_confreg/simu_flag_reg[18]'
INFO: [Synth 8-3886] merging instance 'u_confreg/simu_flag_reg[18]' (FDRE) to 'u_confreg/simu_flag_reg[19]'
INFO: [Synth 8-3886] merging instance 'u_confreg/simu_flag_reg[19]' (FDRE) to 'u_confreg/simu_flag_reg[20]'
INFO: [Synth 8-3886] merging instance 'u_confreg/simu_flag_reg[20]' (FDRE) to 'u_confreg/simu_flag_reg[21]'
INFO: [Synth 8-3886] merging instance 'u_confreg/simu_flag_reg[21]' (FDRE) to 'u_confreg/simu_flag_reg[22]'
INFO: [Synth 8-3886] merging instance 'u_confreg/simu_flag_reg[22]' (FDRE) to 'u_confreg/simu_flag_reg[23]'
INFO: [Synth 8-3886] merging instance 'u_confreg/simu_flag_reg[23]' (FDRE) to 'u_confreg/simu_flag_reg[24]'
INFO: [Synth 8-3886] merging instance 'u_confreg/simu_flag_reg[24]' (FDRE) to 'u_confreg/simu_flag_reg[25]'
INFO: [Synth 8-3886] merging instance 'u_confreg/simu_flag_reg[25]' (FDRE) to 'u_confreg/simu_flag_reg[26]'
INFO: [Synth 8-3886] merging instance 'u_confreg/simu_flag_reg[26]' (FDRE) to 'u_confreg/simu_flag_reg[27]'
INFO: [Synth 8-3886] merging instance 'u_confreg/simu_flag_reg[27]' (FDRE) to 'u_confreg/simu_flag_reg[28]'
INFO: [Synth 8-3886] merging instance 'u_confreg/simu_flag_reg[28]' (FDRE) to 'u_confreg/simu_flag_reg[29]'
INFO: [Synth 8-3886] merging instance 'u_confreg/simu_flag_reg[29]' (FDRE) to 'u_confreg/simu_flag_reg[30]'
INFO: [Synth 8-3886] merging instance 'u_confreg/simu_flag_reg[30]' (FDRE) to 'u_confreg/simu_flag_reg[31]'
INFO: [Synth 8-3333] propagating constant 0 across sequential element (\u_confreg/simu_flag_reg[31] )
INFO: [Synth 8-3333] propagating constant 0 across sequential element (\u_cpu/u_ls132r_axi/u_execute /cr_cause_FDCI_reg)
INFO: [Synth 8-3886] merging instance 'u_cpu/u_ls132r_axi/u_execute/rs_dest_r_reg[5]' (FDE) to 'u_cpu/u_ls132r_axi/u_execute/rs_dest_r_reg[6]'
INFO: [Synth 8-3886] merging instance 'u_cpu/u_ls132r_axi/u_execute/cr_cause_IP4_reg' (FDR) to 'u_cpu/u_ls132r_axi/u_execute/cr_cause_IP5_reg'
INFO: [Synth 8-3886] merging instance 'u_cpu/u_ls132r_axi/u_execute/cr_cause_IP3_reg' (FDR) to 'u_cpu/u_ls132r_axi/u_execute/cr_cause_IP5_reg'
INFO: [Synth 8-3886] merging instance 'u_cpu/u_ls132r_axi/u_execute/cr_cause_IP2_reg' (FDR) to 'u_cpu/u_ls132r_axi/u_execute/cr_cause_IP5_reg'
INFO: [Synth 8-3886] merging instance 'u_cpu/u_ls132r_axi/u_execute/cr_cause_IP6_reg' (FDR) to 'u_cpu/u_ls132r_axi/u_execute/cr_cause_IP5_reg'
INFO: [Synth 8-3333] propagating constant 0 across sequential element (\u_cpu/u_ls132r_axi/u_execute /cr_cause_IP5_reg)
INFO: [Synth 8-3333] propagating constant 0 across sequential element (\u_cpu/u_ls132r_axi/u_execute /\rs_op_r_reg[6] )
INFO: [Synth 8-3886] merging instance 'u_cpu/u_ls132r_axi/u_ejtag_tap_buffer/proben_from_tap_0_reg_reg' (FD) to 'u_cpu/u_ls132r_axi/u_ejtag_dcr/dcr_reg_reg[1]'
INFO: [Synth 8-3886] merging instance 'u_cpu/u_ls132r_axi/u_ejtag_tap_buffer/ejtagbrk_from_tap_0_reg_reg' (FD) to 'u_cpu/u_ls132r_axi/u_ejtag_dcr/dcr_reg_reg[1]'
INFO: [Synth 8-3886] merging instance 'u_cpu/u_ls132r_axi/u_ejtag_tap_buffer/prrst_from_tap_0_reg_reg' (FD) to 'u_cpu/u_ls132r_axi/u_ejtag_dcr/dcr_reg_reg[1]'
INFO: [Synth 8-3886] merging instance 'u_cpu/u_ls132r_axi/u_ejtag_tap_buffer/pracc_from_tap_0_reg_reg' (FD) to 'u_cpu/u_ls132r_axi/u_ejtag_dcr/dcr_reg_reg[1]'
INFO: [Synth 8-3886] merging instance 'u_cpu/u_ls132r_axi/u_ejtag_tap_buffer/trap_from_tap_0_reg_reg' (FD) to 'u_cpu/u_ls132r_axi/u_ejtag_dcr/dcr_reg_reg[1]'
INFO: [Synth 8-3886] merging instance 'u_cpu/u_ls132r_axi/u_ejtag_tap_buffer/proben_from_tap_reg_reg' (FD) to 'u_cpu/u_ls132r_axi/u_ejtag_tap_buffer/trap_from_tap_reg_reg'
INFO: [Synth 8-3886] merging instance 'u_cpu/u_ls132r_axi/u_ejtag_tap_buffer/ejtagbrk_from_tap_reg_reg' (FD) to 'u_cpu/u_ls132r_axi/u_ejtag_tap_buffer/trap_from_tap_reg_reg'
INFO: [Synth 8-3333] propagating constant 0 across sequential element (\u_cpu/u_ls132r_axi/u_ejtag_dcr/dcr_reg_reg[1] )
INFO: [Synth 8-3886] merging instance 'u_cpu/u_ls132r_axi/u_ejtag_tap_buffer/prrst_from_tap_reg_reg' (FD) to 'u_cpu/u_ls132r_axi/u_ejtag_dcr/dcr_reg_reg[1]'
INFO: [Synth 8-3886] merging instance 'u_cpu/u_ls132r_axi/u_ejtag_tap_buffer/pracc_from_tap_reg_reg' (FD) to 'u_cpu/u_ls132r_axi/u_ejtag_dcr/dcr_reg_reg[1]'
INFO: [Synth 8-3886] merging instance 'u_cpu/u_ls132r_axi/u_ejtag_tap_buffer/trap_from_tap_reg_reg' (FD) to 'u_cpu/u_ls132r_axi/u_ejtag_dcr/dcr_reg_reg[1]'
INFO: [Synth 8-3886] merging instance 'u_cpu/u_ls132r_axi/u_ejtag_dcr/dcr_reg_reg[0]' (FD) to 'u_cpu/u_ls132r_axi/u_ejtag_tap_buffer/keep_pracc_reg_reg'
INFO: [Synth 8-3333] propagating constant 0 across sequential element (\u_cpu/u_ls132r_axi/u_ejtag_dcr/dcr_reg_reg[1] )
INFO: [Synth 8-3886] merging instance 'u_cpu/u_ls132r_axi/u_ejtag_tap_buffer/keep_pracc_reg_reg' (FD) to 'u_cpu/u_ls132r_axi/u_ejtag_dcr/dcr_reg_reg[1]'
INFO: [Synth 8-3333] propagating constant 0 across sequential element (\u_cpu/u_ls132r_axi/u_ejtag_dcr/dcr_reg_reg[1] )
INFO: [Synth 8-3886] merging instance 'u_cpu/u_ls132r_axi/u_ejtag_tap_buffer/pracc_to_tap_reg_reg' (FDRE) to 'u_cpu/u_ls132r_axi/u_ejtag_tap_buffer/busy_reg_reg'
WARNING: [Synth 8-3332] Sequential element (u_cpu/u_ls132r_axi/u_ejtag_tap/fsm/FSM_sequential_curr_state_reg[3]) is unused and will be removed from module soc_axi_lite_top.
WARNING: [Synth 8-3332] Sequential element (u_cpu/u_ls132r_axi/u_ejtag_tap/fsm/FSM_sequential_curr_state_reg[2]) is unused and will be removed from module soc_axi_lite_top.
WARNING: [Synth 8-3332] Sequential element (u_cpu/u_ls132r_axi/u_ejtag_tap/fsm/FSM_sequential_curr_state_reg[1]) is unused and will be removed from module soc_axi_lite_top.
WARNING: [Synth 8-3332] Sequential element (u_cpu/u_ls132r_axi/u_ejtag_tap/fsm/FSM_sequential_curr_state_reg[0]) is unused and will be removed from module soc_axi_lite_top.
---------------------------------------------------------------------------------
Finished Cross Boundary and Area Optimization : Time (s): cpu = 00:00:40 ; elapsed = 00:00:43 . Memory (MB): peak = 1410.020 ; gain = 612.039
---------------------------------------------------------------------------------

Report RTL Partitions: 
+-+--------------+------------+----------+
| |RTL Partition |Replication |Instances |
+-+--------------+------------+----------+
+-+--------------+------------+----------+
---------------------------------------------------------------------------------
Start Applying XDC Timing Constraints
---------------------------------------------------------------------------------
WARNING: [Synth 8-565] redefining clock 'clk'
---------------------------------------------------------------------------------
Finished Applying XDC Timing Constraints : Time (s): cpu = 00:00:44 ; elapsed = 00:00:47 . Memory (MB): peak = 1410.020 ; gain = 612.039
---------------------------------------------------------------------------------
---------------------------------------------------------------------------------
Start Timing Optimization
---------------------------------------------------------------------------------
---------------------------------------------------------------------------------
Finished Timing Optimization : Time (s): cpu = 00:00:49 ; elapsed = 00:00:53 . Memory (MB): peak = 1410.020 ; gain = 612.039
---------------------------------------------------------------------------------

Report RTL Partitions: 
+-+--------------+------------+----------+
| |RTL Partition |Replication |Instances |
+-+--------------+------------+----------+
+-+--------------+------------+----------+
---------------------------------------------------------------------------------
Start Technology Mapping
---------------------------------------------------------------------------------
---------------------------------------------------------------------------------
Finished Technology Mapping : Time (s): cpu = 00:00:51 ; elapsed = 00:00:55 . Memory (MB): peak = 1548.898 ; gain = 750.918
---------------------------------------------------------------------------------

Report RTL Partitions: 
+-+--------------+------------+----------+
| |RTL Partition |Replication |Instances |
+-+--------------+------------+----------+
+-+--------------+------------+----------+
---------------------------------------------------------------------------------
Start IO Insertion
---------------------------------------------------------------------------------
---------------------------------------------------------------------------------
Start Flattening Before IO Insertion
---------------------------------------------------------------------------------
---------------------------------------------------------------------------------
Finished Flattening Before IO Insertion
---------------------------------------------------------------------------------
---------------------------------------------------------------------------------
Start Final Netlist Cleanup
---------------------------------------------------------------------------------
---------------------------------------------------------------------------------
Finished Final Netlist Cleanup
---------------------------------------------------------------------------------
---------------------------------------------------------------------------------
Finished IO Insertion : Time (s): cpu = 00:00:52 ; elapsed = 00:00:57 . Memory (MB): peak = 1553.719 ; gain = 755.738
---------------------------------------------------------------------------------
---------------------------------------------------------------------------------
Start Renaming Generated Instances
---------------------------------------------------------------------------------
---------------------------------------------------------------------------------
Finished Renaming Generated Instances : Time (s): cpu = 00:00:52 ; elapsed = 00:00:57 . Memory (MB): peak = 1553.719 ; gain = 755.738
---------------------------------------------------------------------------------

Report RTL Partitions: 
+-+--------------+------------+----------+
| |RTL Partition |Replication |Instances |
+-+--------------+------------+----------+
+-+--------------+------------+----------+

Report Check Netlist: 
+------+------------------+-------+---------+-------+------------------+
|      |Item              |Errors |Warnings |Status |Description       |
+------+------------------+-------+---------+-------+------------------+
|1     |multi_driven_nets |      0|        0|Passed |Multi driven nets |
+------+------------------+-------+---------+-------+------------------+
---------------------------------------------------------------------------------
Start Rebuilding User Hierarchy
---------------------------------------------------------------------------------
---------------------------------------------------------------------------------
Finished Rebuilding User Hierarchy : Time (s): cpu = 00:00:52 ; elapsed = 00:00:57 . Memory (MB): peak = 1553.719 ; gain = 755.738
---------------------------------------------------------------------------------
---------------------------------------------------------------------------------
Start Renaming Generated Ports
---------------------------------------------------------------------------------
---------------------------------------------------------------------------------
Finished Renaming Generated Ports : Time (s): cpu = 00:00:52 ; elapsed = 00:00:57 . Memory (MB): peak = 1553.719 ; gain = 755.738
---------------------------------------------------------------------------------
---------------------------------------------------------------------------------
Start Handling Custom Attributes
---------------------------------------------------------------------------------
---------------------------------------------------------------------------------
Finished Handling Custom Attributes : Time (s): cpu = 00:00:53 ; elapsed = 00:00:57 . Memory (MB): peak = 1553.719 ; gain = 755.738
---------------------------------------------------------------------------------
---------------------------------------------------------------------------------
Start Renaming Generated Nets
---------------------------------------------------------------------------------
---------------------------------------------------------------------------------
Finished Renaming Generated Nets : Time (s): cpu = 00:00:53 ; elapsed = 00:00:57 . Memory (MB): peak = 1553.719 ; gain = 755.738
---------------------------------------------------------------------------------
---------------------------------------------------------------------------------
Start Writing Synthesis Report
---------------------------------------------------------------------------------

Report BlackBoxes: 
+------+-----------------+----------+
|      |BlackBox name    |Instances |
+------+-----------------+----------+
|1     |clk_pll          |         1|
|2     |axi_crossbar_1x2 |         1|
|3     |axi_ram          |         1|
+------+-----------------+----------+

Report Cell Usage: 
+------+-----------------+------+
|      |Cell             |Count |
+------+-----------------+------+
|1     |axi_crossbar_1x2 |     1|
|2     |axi_ram          |     1|
|3     |clk_pll          |     1|
|4     |CARRY4           |   130|
|5     |LUT1             |   103|
|6     |LUT2             |   279|
|7     |LUT3             |   374|
|8     |LUT4             |  1073|
|9     |LUT5             |  1043|
|10    |LUT6             |  2102|
|11    |FDRE             |  2586|
|12    |FDSE             |    39|
|13    |IBUF             |    15|
|14    |OBUF             |    39|
+------+-----------------+------+

Report Instance Areas: 
+------+-------------------+---------------------+------+
|      |Instance           |Module               |Cells |
+------+-------------------+---------------------+------+
|1     |top                |                     |  8209|
|2     |  u_axi_ram        |axi_wrap_ram         |   115|
|3     |  u_confreg        |confreg              |  1314|
|4     |  u_cpu            |mycpu_top            |  6347|
|5     |    u_ls132r_axi   |ls132r_top           |  6347|
|6     |      u_decode     |ls132r_decode_stage  |  1854|
|7     |        u0_gr_heap |gr_heap_2r1w_32x32   |  1854|
|8     |      u_ejtag_dcr  |ls132r_ejtag_dcr     |     6|
|9     |      u_ejtag_hb   |ls132r_ejtag_hb      |   108|
|10    |        ib_ins     |ls132r_ejtag_ib      |   108|
|11    |      u_execute    |ls132r_execute_stage |  3224|
|12    |      u_fetch      |ls132r_fetch_stage   |  1110|
|13    |      u_interface  |ls132r_interface     |    32|
+------+-------------------+---------------------+------+
---------------------------------------------------------------------------------
Finished Writing Synthesis Report : Time (s): cpu = 00:00:53 ; elapsed = 00:00:57 . Memory (MB): peak = 1553.719 ; gain = 755.738
---------------------------------------------------------------------------------
Synthesis finished with 0 errors, 0 critical warnings and 415 warnings.
Synthesis Optimization Runtime : Time (s): cpu = 00:00:48 ; elapsed = 00:00:55 . Memory (MB): peak = 1553.719 ; gain = 617.656
Synthesis Optimization Complete : Time (s): cpu = 00:00:53 ; elapsed = 00:00:57 . Memory (MB): peak = 1553.719 ; gain = 755.738
INFO: [Project 1-571] Translating synthesized netlist
Netlist sorting complete. Time (s): cpu = 00:00:00 ; elapsed = 00:00:00.042 . Memory (MB): peak = 1553.719 ; gain = 0.000
INFO: [Netlist 29-17] Analyzing 130 Unisim elements for replacement
INFO: [Netlist 29-28] Unisim Transformation completed in 0 CPU seconds
INFO: [Project 1-570] Preparing netlist for logic optimization
INFO: [Opt 31-138] Pushed 0 inverter(s) to 0 load pin(s).
Netlist sorting complete. Time (s): cpu = 00:00:00 ; elapsed = 00:00:00.001 . Memory (MB): peak = 1553.719 ; gain = 0.000
INFO: [Project 1-111] Unisim Transformation Summary:
No Unisim elements were transformed.

INFO: [Common 17-83] Releasing license: Synthesis
160 Infos, 123 Warnings, 0 Critical Warnings and 0 Errors encountered.
synth_design completed successfully
synth_design: Time (s): cpu = 00:00:57 ; elapsed = 00:01:01 . Memory (MB): peak = 1553.719 ; gain = 1083.242
Netlist sorting complete. Time (s): cpu = 00:00:00 ; elapsed = 00:00:00.001 . Memory (MB): peak = 1553.719 ; gain = 0.000
WARNING: [Constraints 18-5210] No constraints selected for write.
Resolution: This message can indicate that there are no constraints for the design, or it can indicate that the used_in flags are set such that the constraints are ignored. This later case is used when running synth_design to not write synthesis constraints to the resulting checkpoint. Instead, project constraints are read when the synthesized design is opened.
INFO: [Common 17-1381] The checkpoint 'D:/pipline_better/lab4/lab11/CPU_CDE_AXI/mycpu_axi_verify/run_vivado/mycpu_prj1/mycpu.runs/synth_1/soc_axi_lite_top.dcp' has been generated.
INFO: [runtcl-4] Executing : report_utilization -file soc_axi_lite_top_utilization_synth.rpt -pb soc_axi_lite_top_utilization_synth.pb
INFO: [Common 17-206] Exiting Vivado at Fri Dec  5 00:11:26 2025...
