36 [15384] INFO perfrun.launcher <> - Launcher main begin
41 [15384] INFO perfrun.launcher <> - MessageCatalogInit finished
41 [15384] INFO perfrun.launcher <> - Launcher instance created
41 [15384] INFO perfrun.launcher <> - argc = 7; cmdline = C:\Program Files (x86)\Intel\oneAPI\vtune\2025.1\bin64\amplxe-runss.exe --ui-output-format xml --ui-output-fd 972 --option-file D:\并行程序设计\Analysis\lin_1\r001ue1\config\runsa.options 
59 [15384] INFO perfrun.launcher <> - New signal handler callback was added
104 [15384] INFO perfrun.perfcollector <> - SEP tool path: C:\Program Files (x86)\Intel\oneAPI\vtune\2025.1\bin64\sep.exe
111 [15384] INFO perfrun.launcher <> - create msngr2::ICliToolContext
112 [15384] INFO perfrun.launcher <> - create file finder object
112 [15384] INFO perfrun.launcher <> - create a result directory: pattern = D:\并行程序设计\Analysis\lin_1\r001ue1 pid = 4294967295
115 [15384] INFO perfrun.launcher <> - create data directory = D:\并行程序设计\Analysis\lin_1\r001ue1\data.0
116 [15384] INFO perfrun.launcher <> - Creating the master collection flag
125 [15384] INFO perfrun.launcher <> - Done creating the master collection flag
125 [62268] INFO perfrun.launcher <> - plugin [remoteplug] was disabled because it doesn't support the given collection type.
126 [62268] INFO perfrun.sdk <> - Allocating TMU :D:\并行程序设计\Analysis\lin_1\r001ue1\data.0\systemcollector-62384-wyn.sc
126 [62268] INFO perfrun.launcher <> - plugin [] was disabled because it doesn't support the given collection type.
129 [62268] INFO perfrun.launcher <> - plugin [] was disabled because it doesn't support the given collection type.
129 [62268] INFO perfrun.launcher <> - plugin [gpu] was disabled because it doesn't support the given collection type.
129 [62268] INFO perfrun.launcher <> - plugin [etw.kernel] was disabled because it doesn't support the given collection type.
129 [62268] INFO perfrun.launcher <> - plugin [etw.dx] was disabled because it doesn't support the given collection type.
129 [62268] INFO perfrun.launcher <> - plugin [etw.wsa] was disabled because it doesn't support the given collection type.
129 [62268] INFO perfrun.mrte <> - system-wide mode is 0
129 [62268] INFO perfrun.mrte <> - Getting  mrte profiling environment ...
180 [62268] INFO perfrun.mrte <> - INTEL_MRTE_DATA_DIR=D:\并行程序设计\Analysis\lin_1\r001ue1\data.0
180 [62268] INFO perfrun.mrte <> - INTEL_MRTE_HOST_NAME=wyn
180 [62268] INFO perfrun.mrte <> - JAVA_TOOL_OPTIONS=-agentlib:amplxe_samplingmrte_javaprof_1.0
180 [62268] INFO perfrun.mrte <> - PATH=C:\Program Files (x86)\Intel\oneAPI\vtune\2025.1\bin32\runtime;C:\Program Files (x86)\Intel\oneAPI\vtune\2025.1\bin64\runtime;D:\课程\软件安全\bin\;D:\驴脦;脤\脠铆录镁掳虏脠芦\bin\;C:\Progr;m Files\NVIDIA GPU Computing Toolkit\CUDA\v12.4\bin;C:\Program Files\NVIDIA GPU Computing Toolkit\CUDA\v12.4\libnvvp;C:\WINDOWS\system32;C:\WINDOWS;C:\WINDOWS\System32\Wbem;C:\WINDOWS\System32\WindowsPowerShell\v1.0\;C:\WINDOWS\System32\OpenSSH\;C:\Program Files (x86)\NVIDIA Corporation\PhysX\Common;C:\Program Files\NVIDIA Corporation\NVIDIA NvDLISR;C:\Program Files\Microsoft SQL Server\150\Tools\Binn\;C:\Program Files\Microsoft SQL Server\Client SDK\ODBC\170\Tools\Binn\;C:\Program Files\dotnet\;C:\Program Files (x86)\Windows Kits\10\Windows Performance Toolkit\;D:\;C:\ProgramData\chocolatey\bin;C:\Program Files\NVIDIA Corporation\Nsight Compute 2024.1.1\;D:\anaconda3;D:\anaconda3\Scripts;D:\anaconda3\Library\bin;D:\anaconda3\Library\mingw-w64\bin;D:\anaconda3\envs\yenv;D:\anaconda3\envs\yenv\Scripts;D:\anaconda3\envs\yenv\Library\bin;C:\Users\19302\AppData\Local\Programs\Python\Python312;C:\Users\19302\AppData\Local\Programs\Python\Python312\Scripts;D:\mysql-9.2.0-winx64\bin;D:\Latex\texlive;D:\Latex\texlive\2025\bin\windows;D:\TDM-GCC\bin;D:\Git\cmd;C:\Users\19302\AppData\Local\Microsoft\WindowsApps;C:\Users\19302\.dotnet\tools;D:\Microsoft VS Code\bin;C:\Users\19302\AppData\Roaming\npm
180 [62268] INFO perfrun.mrte <> - COR_ENABLE_PROFILING=1
180 [62268] INFO perfrun.mrte <> - COR_PROFILER={AA5E4821-E3B1-479c-B7FF-5AD047D22CED}
181 [62268] INFO perfrun.mrte <> - COMPLUS_ProfAPI_ProfilerCompatibilitySetting=EnableV2Profiler
181 [62268] INFO perfrun.mrte <> - CORECLR_ENABLE_PROFILING=1
181 [62268] INFO perfrun.mrte <> - CORECLR_PROFILER={AA5E4821-E3B1-479c-B7FF-5AD047D22CED}
181 [62268] INFO perfrun.mrte <> - CORECLR_PROFILER_PATH=C:\Program Files (x86)\Intel\oneAPI\vtune\2025.1\bin64/amplxe_samplingmrte_clrprof_1.0.dll
181 [62268] INFO perfrun.mrte <> - INTEL_MRTE_PROFILER_MODE=mixed
181 [62268] INFO perfrun.mrte <> - Data directory: D:\并行程序设计\Analysis\lin_1\r001ue1\data.0
181 [62268] INFO perfrun.mrte <> - Mrte plugin is initialized
181 [62268] INFO perfrun.launcher <> - plugin [emon] was disabled because it doesn't support the given collection type.
181 [62268] INFO perfrun.launcher <> - plugin [cuscol] was disabled because it doesn't support the given collection type.
181 [62268] INFO perfrun.launcher <> - plugin [stdsrc] was disabled because it doesn't support the given collection type.
181 [62268] INFO perfrun.sdk <> - runCmd: "C:\Program Files (x86)\Intel\oneAPI\vtune\2025.1\bin64\sep.exe" -dry-run -ec CPU_CLK_UNHALTED.THREAD:sa=2400000,CPU_CLK_UNHALTED.REF_TSC:sample:sa=2400000,INST_RETIRED.ANY:sample:sa=2400000,CPU_CLK_UNHALTED.DISTRIBUTED:sa=2400000,CPU_CLK_UNHALTED.THREAD_P,FRONTEND_RETIRED.LATENCY_GE_4,INT_MISC.UOP_DROPPING,TOPDOWN.BACKEND_BOUND_SLOTS,TOPDOWN.MEMORY_BOUND_SLOTS,TOPDOWN.SLOTS:perf_metrics,UOPS_RETIRED.SLOTS:sa=2000003,TOPDOWN_BE_BOUND.ALL,TOPDOWN_FE_BOUND.ALL,TOPDOWN_RETIRING.ALL,BR_MISP_RETIRED.ALL_BRANCHES,DECODE.LCP,DSB2MITE_SWITCHES.PENALTY_CYCLES,FRONTEND_RETIRED.ANY_DSB_MISS,FRONTEND_RETIRED.DSB_MISS,FRONTEND_RETIRED.L2_MISS,FRONTEND_RETIRED.LATENCY_GE_16,FRONTEND_RETIRED.LATENCY_GE_2_BUBBLES_GE_1,FRONTEND_RETIRED.MS_FLOWS,FRONTEND_RETIRED.STLB_MISS,FRONTEND_RETIRED.UNKNOWN_BRANCH,ICACHE_DATA.STALLS,ICACHE_TAG.STALLS,IDQ.DSB_CYCLES_ANY,IDQ.DSB_CYCLES_OK,IDQ.DSB_UOPS,IDQ.MITE_CYCLES_ANY,IDQ.MITE_CYCLES_OK,IDQ.MS_CYCLES_ANY,INST_DECODED.DECODERS:cmask=1,INST_DECODED.DECODERS:cmask=2,INT_MISC.CLEAR_RESTEER_CYCLES,INT_MISC.UNKNOWN_BRANCH_CYCLES,ITLB_MISSES.WALK_ACTIVE,ITLB_MISSES.WALK_COMPLETED_2M_4M,ITLB_MISSES.WALK_COMPLETED_4K,LSD.CYCLES_ACTIVE,LSD.CYCLES_OK,LSD.UOPS,OFFCORE_REQUESTS_OUTSTANDING.CYCLES_WITH_DEMAND_CODE_RD,TOPDOWN.BR_MISPREDICT_SLOTS,UOPS_ISSUED.ANY,UOPS_RETIRED.MS:cmask=1,UOPS_RETIRED.MS:cmask=1:e=yes,TOPDOWN_FE_BOUND.BRANCH_DETECT,TOPDOWN_FE_BOUND.BRANCH_RESTEER,TOPDOWN_FE_BOUND.CISC,TOPDOWN_FE_BOUND.DECODE,TOPDOWN_FE_BOUND.FRONTEND_BANDWIDTH,TOPDOWN_FE_BOUND.FRONTEND_LATENCY,TOPDOWN_FE_BOUND.ICACHE,TOPDOWN_FE_BOUND.ITLB,TOPDOWN_FE_BOUND.OTHER,TOPDOWN_FE_BOUND.PREDECODE,INT_MISC.CLEARS_COUNT,MACHINE_CLEARS.COUNT,MACHINE_CLEARS.MEMORY_ORDERING,MACHINE_CLEARS.DISAMBIGUATION,MACHINE_CLEARS.FP_ASSIST,MACHINE_CLEARS.PAGE_FAULT,MACHINE_CLEARS.SLOW,MACHINE_CLEARS.SMC,TOPDOWN_BAD_SPECULATION.FASTNUKE,TOPDOWN_BAD_SPECULATION.MACHINE_CLEARS,TOPDOWN_BAD_SPECULATION.MISPREDICT,TOPDOWN_BAD_SPECULATION.NUKE,CYCLE_ACTIVITY.CYCLES_MEM_ANY,DTLB_LOAD_MISSES.STLB_HIT:cmask=1,DTLB_LOAD_MISSES.WALK_ACTIVE,DTLB_LOAD_MISSES.WALK_COMPLETED_1G,DTLB_LOAD_MISSES.WALK_COMPLETED_2M_4M,DTLB_LOAD_MISSES.WALK_COMPLETED_4K,DTLB_STORE_MISSES.STLB_HIT:cmask=1,DTLB_STORE_MISSES.WALK_ACTIVE,DTLB_STORE_MISSES.WALK_COMPLETED_1G,DTLB_STORE_MISSES.WALK_COMPLETED_2M_4M,DTLB_STORE_MISSES.WALK_COMPLETED_4K,EXE_ACTIVITY.BOUND_ON_LOADS,EXE_ACTIVITY.BOUND_ON_STORES,L1D_PEND_MISS.FB_FULL,L1D_PEND_MISS.L2_STALLS,L1D_PEND_MISS.PENDING,L2_RQSTS.ALL_RFO,L2_RQSTS.RFO_HIT,LD_BLOCKS.NO_SR,LD_BLOCKS.STORE_FORWARD,MEMORY_ACTIVITY.CYCLES_L1D_MISS,MEMORY_ACTIVITY.STALLS_L1D_MISS,MEMORY_ACTIVITY.STALLS_L2_MISS,MEMORY_ACTIVITY.STALLS_L3_MISS,MEM_INST_RETIRED.ALL_LOADS,MEM_INST_RETIRED.ALL_STORES,MEM_INST_RETIRED.LOCK_LOADS,MEM_INST_RETIRED.SPLIT_LOADS,MEM_INST_RETIRED.SPLIT_STORES,MEM_INST_RETIRED.STLB_MISS_LOADS,MEM_INST_RETIRED.STLB_MISS_STORES,MEM_LOAD_COMPLETED.L1_MISS_ANY,MEM_LOAD_L3_HIT_RETIRED.XSNP_FWD,MEM_LOAD_L3_HIT_RETIRED.XSNP_MISS,MEM_LOAD_L3_HIT_RETIRED.XSNP_NO_FWD,MEM_LOAD_RETIRED.FB_HIT,MEM_LOAD_RETIRED.L1_HIT,MEM_LOAD_RETIRED.L1_MISS,MEM_LOAD_RETIRED.L2_HIT,MEM_LOAD_RETIRED.L3_HIT,MEM_LOAD_RETIRED.L3_MISS,MEM_STORE_RETIRED.L2_HIT,OFFCORE_REQUESTS_OUTSTANDING.ALL_DATA_RD:cmask=4,OFFCORE_REQUESTS_OUTSTANDING.CYCLES_WITH_DATA_RD,OFFCORE_REQUESTS_OUTSTANDING.CYCLES_WITH_DEMAND_RFO,XQ.FULL_CYCLES,LD_HEAD.ANY_AT_RET,LD_HEAD.DTLB_MISS_AT_RET,LD_HEAD.L1_BOUND_AT_RET,LD_HEAD.L1_MISS_AT_RET,LD_HEAD.OTHER_AT_RET,LD_HEAD.PGWALK_AT_RET,LD_HEAD.ST_ADDR_AT_RET,MEM_BOUND_STALLS.LOAD,MEM_BOUND_STALLS.LOAD_DRAM_HIT,MEM_BOUND_STALLS.LOAD_L2_HIT,MEM_BOUND_STALLS.LOAD_LLC_HIT,MEM_SCHEDULER_BLOCK.ALL,MEM_SCHEDULER_BLOCK.ST_BUF,TOPDOWN_BE_BOUND.MEM_SCHEDULER,ARITH.DIVIDER_ACTIVE,ARITH.DIV_ACTIVE,ARITH.FPDIV_ACTIVE,ASSISTS.SSE_AVX_MIX,CPU_CLK_UNHALTED.C01,CPU_CLK_UNHALTED.C02,CPU_CLK_UNHALTED.PAUSE,CPU_CLK_UNHALTED.PAUSE_INST,CYCLE_ACTIVITY.STALLS_TOTAL,EXE_ACTIVITY.1_PORTS_UTIL,EXE_ACTIVITY.2_3_PORTS_UTIL,EXE_ACTIVITY.2_PORTS_UTIL,EXE_ACTIVITY.EXE_BOUND_0_PORTS,FP_ARITH_INST_RETIRED.SCALAR,FP_ARITH_INST_RETIRED.VECTOR,MISC2_RETIRED.LFENCE,RESOURCE_STALLS.SCOREBOARD,RS.EMPTY_RESOURCE,UOPS_DISPATCHED.PORT_0,UOPS_DISPATCHED.PORT_1,UOPS_DISPATCHED.PORT_2_3_10,UOPS_DISPATCHED.PORT_4_9,UOPS_DISPATCHED.PORT_5_11,UOPS_DISPATCHED.PORT_6,UOPS_DISPATCHED.PORT_7_8,UOPS_EXECUTED.CYCLES_GE_3,UOPS_EXECUTED.THREAD:sa=2000003,UOPS_EXECUTED.X87:sa=2000003,UOPS_RETIRED.HEAVY,MEM_SCHEDULER_BLOCK.LD_BUF,MEM_SCHEDULER_BLOCK.RSV,TOPDOWN_BE_BOUND.ALLOC_RESTRICTIONS,TOPDOWN_BE_BOUND.NON_MEM_SCHEDULER,TOPDOWN_BE_BOUND.REGISTER,TOPDOWN_BE_BOUND.REORDER_BUFFER,TOPDOWN_BE_BOUND.SERIALIZATION,ASSISTS.ANY,ASSISTS.FP,ASSISTS.PAGE_FAULT,BR_INST_RETIRED.ALL_BRANCHES,FP_ARITH_INST_RETIRED.128B_PACKED_DOUBLE:sa=2000003,FP_ARITH_INST_RETIRED.128B_PACKED_SINGLE:sa=2000003,FP_ARITH_INST_RETIRED.256B_PACKED_DOUBLE:sa=2000003,FP_ARITH_INST_RETIRED.256B_PACKED_SINGLE:sa=2000003,INST_RETIRED.MACRO_FUSED,INST_RETIRED.NOP,INT_VEC_RETIRED.ADD_128,INT_VEC_RETIRED.ADD_256,INT_VEC_RETIRED.MUL_256,INT_VEC_RETIRED.SHUFFLES,INT_VEC_RETIRED.VNNI_128,INT_VEC_RETIRED.VNNI_256,MEM_UOP_RETIRED.ANY,UOPS_RETIRED.MS,UOPS_RETIRED.FPDIV,OCR.DEMAND_RFO.L3_HIT.SNOOP_HITM,OCR.DEMAND_DATA_RD.L3_HIT.SNOOP_HIT_WITH_FWD,OCR.STREAMING_WR.ANY_RESPONSE,OCR.DEMAND_DATA_RD.L3_HIT.SNOOP_HITM,FP_ARITH_INST_RETIRED.SCALAR_SINGLE:sa=2000003,FP_ARITH_INST_RETIRED.SCALAR_DOUBLE:sa=2000003 -experimental
188 [62268] INFO perfrun.sdk <> - runCmd started PID 21676
490 [62268] INFO perfrun.launcher <> - plugin [vtsspp] was disabled because it doesn't support the given collection type.
490 [62268] INFO perfrun.launcher <> - plugin [perf] was disabled because it doesn't support the given collection type.
490 [62268] INFO perfrun.launcher <> - plugin [aoclprofile] was disabled because it doesn't support the given collection type.
490 [62268] INFO perfrun.tpss <> - initialize tpss controller
490 [62268] INFO perfrun.launcher <> - plugin [tpss] was disabled because it doesn't support the given collection type.
490 [62268] INFO perfrun.launcher <> - plugin [] was disabled because it doesn't support the given collection type.
490 [62268] INFO perfrun.launcher <> - plugin [] was disabled because it doesn't support the given collection type.
490 [62268] INFO perfrun.launcher <> - plugin [] was disabled because it doesn't support the given collection type.
490 [62268] INFO perfrun.launcher <> - plugin [] was disabled because it doesn't support the given collection type.
490 [62268] INFO perfrun.launcher <> - plugin [power] was disabled because it doesn't support the given collection type.
490 [62268] INFO perfrun.launcher <> - plugin [] was disabled because it doesn't support the given collection type.
490 [62268] INFO perfrun.launcher <> - plugin [] was disabled because it doesn't support the given collection type.
490 [62268] INFO perfrun.launcher <> - plugin [] was disabled because it doesn't support the given collection type.
490 [62268] INFO perfrun.launcher <> - plugin [l0_metrics] was disabled because it doesn't support the given collection type.
490 [62268] INFO perfrun.launcher <> - plugin [stall_reasons] was disabled because it doesn't support the given collection type.
490 [15384] INFO perfrun.launcher <> - set environment variable: PATH = C:\Program Files (x86)\Intel\oneAPI\vtune\2025.1\bin32\runtime;C:\Program Files (x86)\Intel\oneAPI\vtune\2025.1\bin64\runtime;D:\课程\软件安全\bin\;D:\驴脦;脤\脠铆录镁掳虏脠芦\bin\;C:\Progr;m Files\NVIDIA GPU Computing Toolkit\CUDA\v12.4\bin;C:\Program Files\NVIDIA GPU Computing Toolkit\CUDA\v12.4\libnvvp;C:\WINDOWS\system32;C:\WINDOWS;C:\WINDOWS\System32\Wbem;C:\WINDOWS\System32\WindowsPowerShell\v1.0\;C:\WINDOWS\System32\OpenSSH\;C:\Program Files (x86)\NVIDIA Corporation\PhysX\Common;C:\Program Files\NVIDIA Corporation\NVIDIA NvDLISR;C:\Program Files\Microsoft SQL Server\150\Tools\Binn\;C:\Program Files\Microsoft SQL Server\Client SDK\ODBC\170\Tools\Binn\;C:\Program Files\dotnet\;C:\Program Files (x86)\Windows Kits\10\Windows Performance Toolkit\;D:\;C:\ProgramData\chocolatey\bin;C:\Program Files\NVIDIA Corporation\Nsight Compute 2024.1.1\;D:\anaconda3;D:\anaconda3\Scripts;D:\anaconda3\Library\bin;D:\anaconda3\Library\mingw-w64\bin;D:\anaconda3\envs\yenv;D:\anaconda3\envs\yenv\Scripts;D:\anaconda3\envs\yenv\Library\bin;C:\Users\19302\AppData\Local\Programs\Python\Python312;C:\Users\19302\AppData\Local\Programs\Python\Python312\Scripts;D:\mysql-9.2.0-winx64\bin;D:\Latex\texlive;D:\Latex\texlive\2025\bin\windows;D:\TDM-GCC\bin;D:\Git\cmd;C:\Users\19302\AppData\Local\Microsoft\WindowsApps;C:\Users\19302\.dotnet\tools;D:\Microsoft VS Code\bin;C:\Users\19302\AppData\Roaming\npm
491 [15384] INFO perfrun.launcher <> - set environment variable: INTEL_LIBITTNOTIFY32 = C:\Program Files (x86)\Intel\oneAPI\vtune\2025.1\bin32\runtime\ittnotify_collector.dll
491 [15384] INFO perfrun.launcher <> - set environment variable: INTEL_LIBITTNOTIFY64 = C:\Program Files (x86)\Intel\oneAPI\vtune\2025.1\bin64\runtime\ittnotify_collector.dll
491 [15384] INFO perfrun.launcher <> - set environment variable: INTEL_ITTNOTIFY_GROUPS = 
491 [15384] INFO perfrun.launcher <> - set environment variable: INTEL_JIT_PROFILER32 = C:\Program Files (x86)\Intel\oneAPI\vtune\2025.1\bin32\runtime\ittnotify_collector.dll
491 [15384] INFO perfrun.launcher <> - set environment variable: INTEL_JIT_PROFILER64 = C:\Program Files (x86)\Intel\oneAPI\vtune\2025.1\bin64\runtime\ittnotify_collector.dll
491 [15384] INFO perfrun.launcher <> - set environment variable: CCL_ITT_LEVEL = 1
491 [15384] INFO perfrun.launcher <> - set environment variable: ENABLE_JITPROFILING = 1
491 [15384] INFO perfrun.launcher <> - set environment variable: CL_CONFIG_USE_VTUNE = True
491 [15384] INFO perfrun.launcher <> - set environment variable: KMP_FORKJOIN_FRAMES = 0
491 [15384] INFO perfrun.launcher <> - set environment variable: KMP_FORKJOIN_FRAMES_MODE = 0
491 [15384] INFO perfrun.launcher <> - set environment variable: INTEL_MRTE_DATA_DIR = D:\并行程序设计\Analysis\lin_1\r001ue1\data.0
491 [15384] INFO perfrun.launcher <> - set environment variable: INTEL_MRTE_HOST_NAME = wyn
491 [15384] INFO perfrun.launcher <> - set environment variable: JAVA_TOOL_OPTIONS = -agentlib:amplxe_samplingmrte_javaprof_1.0
491 [15384] INFO perfrun.launcher <> - set environment variable: PATH = C:\Program Files (x86)\Intel\oneAPI\vtune\2025.1\bin32\runtime;C:\Program Files (x86)\Intel\oneAPI\vtune\2025.1\bin64\runtime;D:\课程\软件安全\bin\;D:\驴脦;脤\脠铆录镁掳虏脠芦\bin\;C:\Progr;m Files\NVIDIA GPU Computing Toolkit\CUDA\v12.4\bin;C:\Program Files\NVIDIA GPU Computing Toolkit\CUDA\v12.4\libnvvp;C:\WINDOWS\system32;C:\WINDOWS;C:\WINDOWS\System32\Wbem;C:\WINDOWS\System32\WindowsPowerShell\v1.0\;C:\WINDOWS\System32\OpenSSH\;C:\Program Files (x86)\NVIDIA Corporation\PhysX\Common;C:\Program Files\NVIDIA Corporation\NVIDIA NvDLISR;C:\Program Files\Microsoft SQL Server\150\Tools\Binn\;C:\Program Files\Microsoft SQL Server\Client SDK\ODBC\170\Tools\Binn\;C:\Program Files\dotnet\;C:\Program Files (x86)\Windows Kits\10\Windows Performance Toolkit\;D:\;C:\ProgramData\chocolatey\bin;C:\Program Files\NVIDIA Corporation\Nsight Compute 2024.1.1\;D:\anaconda3;D:\anaconda3\Scripts;D:\anaconda3\Library\bin;D:\anaconda3\Library\mingw-w64\bin;D:\anaconda3\envs\yenv;D:\anaconda3\envs\yenv\Scripts;D:\anaconda3\envs\yenv\Library\bin;C:\Users\19302\AppData\Local\Programs\Python\Python312;C:\Users\19302\AppData\Local\Programs\Python\Python312\Scripts;D:\mysql-9.2.0-winx64\bin;D:\Latex\texlive;D:\Latex\texlive\2025\bin\windows;D:\TDM-GCC\bin;D:\Git\cmd;C:\Users\19302\AppData\Local\Microsoft\WindowsApps;C:\Users\19302\.dotnet\tools;D:\Microsoft VS Code\bin;C:\Users\19302\AppData\Roaming\npm
491 [15384] INFO perfrun.launcher <> - set environment variable: COR_ENABLE_PROFILING = 1
491 [15384] INFO perfrun.launcher <> - set environment variable: COR_PROFILER = {AA5E4821-E3B1-479c-B7FF-5AD047D22CED}
491 [15384] INFO perfrun.launcher <> - set environment variable: COMPLUS_ProfAPI_ProfilerCompatibilitySetting = EnableV2Profiler
491 [15384] INFO perfrun.launcher <> - set environment variable: CORECLR_ENABLE_PROFILING = 1
491 [15384] INFO perfrun.launcher <> - set environment variable: CORECLR_PROFILER = {AA5E4821-E3B1-479c-B7FF-5AD047D22CED}
491 [15384] INFO perfrun.launcher <> - set environment variable: CORECLR_PROFILER_PATH = C:\Program Files (x86)\Intel\oneAPI\vtune\2025.1\bin64/amplxe_samplingmrte_clrprof_1.0.dll
491 [15384] INFO perfrun.launcher <> - set environment variable: INTEL_MRTE_PROFILER_MODE = mixed
491 [15384] INFO perfrun.launcher <> - RpcServer: run RPC server to handle requests
496 [15384] INFO perfrun.sdk <> - IProcessUtil: the given executable 'D:\TDM-GCC\Project\lin_1\bin\Debug\lin_1.exe' is valid.
496 [15384] INFO perfrun.launcher <> - Launcher: command line to start before modification = D:\TDM-GCC\Project\lin_1\bin\Debug\lin_1.exe
497 [15384] INFO perfrun.launcher <> - Launcher: command line to start after modification = D:\TDM-GCC\Project\lin_1\bin\Debug\lin_1.exe
497 [15384] INFO perfrun.launcher <> - ProcessCreator object was created
499 [15384] INFO perfrun.launcher <> - Launcher: the process was started in suspend mode
505 [62268] INFO perfrun.itt <> - start itt controller for pid #61716
506 [62268] INFO perfrun.sdk <> - runCmd: "C:\Program Files (x86)\Intel\oneAPI\vtune\2025.1\bin64\sep.exe" -start -experimental -uem timer=10 -em factor=5 -p-state trigger=CPU_CLK_UNHALTED.REF_TSC -out D:\并行程序设计\Analysis\lin_1\r001ue1\data.0\sepf33c.20250325T233213.355403 -ec INST_RETIRED.ANY:sample:sa=2400000,CPU_CLK_UNHALTED.THREAD:sa=2400000,CPU_CLK_UNHALTED.REF_TSC:sample:sa=2400000,TOPDOWN.SLOTS:perf_metrics,TOPDOWN.BR_MISPREDICT_SLOTS,DECODE.LCP,DSB2MITE_SWITCHES.PENALTY_CYCLES,ICACHE_DATA.STALLS,INST_RETIRED.MACRO_FUSED,INST_RETIRED.NOP,CPU_CLK_UNHALTED.DISTRIBUTED:sa=2400000,CPU_CLK_UNHALTED.THREAD_P,ICACHE_TAG.STALLS,IDQ.DSB_CYCLES_ANY,IDQ.DSB_CYCLES_OK,IDQ.DSB_UOPS,FRONTEND_RETIRED.LATENCY_GE_4,INT_MISC.UOP_DROPPING,TOPDOWN.BACKEND_BOUND_SLOTS,TOPDOWN.MEMORY_BOUND_SLOTS,IDQ.MITE_CYCLES_ANY,IDQ.MITE_CYCLES_OK,IDQ.MS_CYCLES_ANY,INST_DECODED.DECODERS:cmask=1,UOPS_RETIRED.SLOTS:sa=2000003,BR_MISP_RETIRED.ALL_BRANCHES,FRONTEND_RETIRED.ANY_DSB_MISS,INST_DECODED.DECODERS:cmask=2,ITLB_MISSES.WALK_ACTIVE,ITLB_MISSES.WALK_COMPLETED_2M_4M,ITLB_MISSES.WALK_COMPLETED_4K,FRONTEND_RETIRED.DSB_MISS,OFFCORE_REQUESTS_OUTSTANDING.CYCLES_WITH_DEMAND_CODE_RD,DTLB_LOAD_MISSES.STLB_HIT:cmask=1,DTLB_LOAD_MISSES.WALK_ACTIVE,DTLB_LOAD_MISSES.WALK_COMPLETED_1G,FRONTEND_RETIRED.L2_MISS,DTLB_LOAD_MISSES.WALK_COMPLETED_2M_4M,DTLB_LOAD_MISSES.WALK_COMPLETED_4K,DTLB_STORE_MISSES.STLB_HIT:cmask=1,DTLB_STORE_MISSES.WALK_ACTIVE,FRONTEND_RETIRED.LATENCY_GE_16,DTLB_STORE_MISSES.WALK_COMPLETED_1G,DTLB_STORE_MISSES.WALK_COMPLETED_2M_4M,DTLB_STORE_MISSES.WALK_COMPLETED_4K,L1D_PEND_MISS.FB_FULL,FRONTEND_RETIRED.LATENCY_GE_2_BUBBLES_GE_1,L1D_PEND_MISS.L2_STALLS,L1D_PEND_MISS.PENDING,L2_RQSTS.ALL_RFO,L2_RQSTS.RFO_HIT,FRONTEND_RETIRED.MS_FLOWS,LD_BLOCKS.NO_SR,LD_BLOCKS.STORE_FORWARD,MEMORY_ACTIVITY.CYCLES_L1D_MISS,MEMORY_ACTIVITY.STALLS_L1D_MISS,FRONTEND_RETIRED.STLB_MISS,MEMORY_ACTIVITY.STALLS_L2_MISS,MEMORY_ACTIVITY.STALLS_L3_MISS,MEM_INST_RETIRED.ALL_LOADS,MEM_INST_RETIRED.ALL_STORES,FRONTEND_RETIRED.UNKNOWN_BRANCH,INT_MISC.CLEAR_RESTEER_CYCLES,MEM_INST_RETIRED.LOCK_LOADS,MEM_INST_RETIRED.SPLIT_LOADS,MEM_INST_RETIRED.SPLIT_STORES,MEM_INST_RETIRED.STLB_MISS_LOADS,INT_MISC.UNKNOWN_BRANCH_CYCLES,LSD.CYCLES_ACTIVE,LSD.CYCLES_OK,LSD.UOPS,MEM_INST_RETIRED.STLB_MISS_STORES,MEM_LOAD_COMPLETED.L1_MISS_ANY,MEM_LOAD_L3_HIT_RETIRED.XSNP_FWD,MEM_LOAD_L3_HIT_RETIRED.XSNP_MISS,UOPS_ISSUED.ANY,UOPS_RETIRED.MS:cmask=1,MEM_LOAD_L3_HIT_RETIRED.XSNP_NO_FWD,MEM_LOAD_RETIRED.FB_HIT,MEM_LOAD_RETIRED.L1_HIT,MEM_LOAD_RETIRED.L1_MISS,UOPS_RETIRED.MS:cmask=1:e=yes,INT_MISC.CLEARS_COUNT,MACHINE_CLEARS.COUNT,MACHINE_CLEARS.MEMORY_ORDERING,MEM_LOAD_RETIRED.L2_HIT,MEM_LOAD_RETIRED.L3_HIT,MEM_LOAD_RETIRED.L3_MISS,MEM_STORE_RETIRED.L2_HIT,MACHINE_CLEARS.SMC,CYCLE_ACTIVITY.CYCLES_MEM_ANY,EXE_ACTIVITY.BOUND_ON_LOADS,EXE_ACTIVITY.BOUND_ON_STORES,OFFCORE_REQUESTS_OUTSTANDING.ALL_DATA_RD:cmask=4,OFFCORE_REQUESTS_OUTSTANDING.CYCLES_WITH_DATA_RD,OFFCORE_REQUESTS_OUTSTANDING.CYCLES_WITH_DEMAND_RFO,XQ.FULL_CYCLES,ARITH.DIVIDER_ACTIVE,ARITH.DIV_ACTIVE,ARITH.FPDIV_ACTIVE,ASSISTS.SSE_AVX_MIX,OCR.DEMAND_RFO.L3_HIT.SNOOP_HITM,OCR.DEMAND_DATA_RD.L3_HIT.SNOOP_HIT_WITH_FWD,CPU_CLK_UNHALTED.C01,CPU_CLK_UNHALTED.C02,CPU_CLK_UNHALTED.PAUSE,CPU_CLK_UNHALTED.PAUSE_INST,CYCLE_ACTIVITY.STALLS_TOTAL,EXE_ACTIVITY.1_PORTS_UTIL,OCR.STREAMING_WR.ANY_RESPONSE,OCR.DEMAND_DATA_RD.L3_HIT.SNOOP_HITM,EXE_ACTIVITY.2_3_PORTS_UTIL,EXE_ACTIVITY.2_PORTS_UTIL,EXE_ACTIVITY.EXE_BOUND_0_PORTS,FP_ARITH_INST_RETIRED.SCALAR,FP_ARITH_INST_RETIRED.VECTOR,MISC2_RETIRED.LFENCE,RESOURCE_STALLS.SCOREBOARD,RS.EMPTY_RESOURCE,UOPS_DISPATCHED.PORT_0,UOPS_DISPATCHED.PORT_1,UOPS_DISPATCHED.PORT_2_3_10,UOPS_DISPATCHED.PORT_4_9,UOPS_DISPATCHED.PORT_5_11,UOPS_DISPATCHED.PORT_6,UOPS_DISPATCHED.PORT_7_8,UOPS_EXECUTED.CYCLES_GE_3,UOPS_EXECUTED.THREAD:sa=2000003,UOPS_EXECUTED.X87:sa=2000003,UOPS_RETIRED.HEAVY,ASSISTS.ANY,ASSISTS.FP,ASSISTS.PAGE_FAULT,BR_INST_RETIRED.ALL_BRANCHES,FP_ARITH_INST_RETIRED.128B_PACKED_DOUBLE:sa=2000003,FP_ARITH_INST_RETIRED.128B_PACKED_SINGLE:sa=2000003,FP_ARITH_INST_RETIRED.256B_PACKED_DOUBLE:sa=2000003,FP_ARITH_INST_RETIRED.256B_PACKED_SINGLE:sa=2000003,INT_VEC_RETIRED.ADD_128,INT_VEC_RETIRED.ADD_256,INT_VEC_RETIRED.MUL_256,INT_VEC_RETIRED.SHUFFLES,INT_VEC_RETIRED.VNNI_128,INT_VEC_RETIRED.VNNI_256,MEM_UOP_RETIRED.ANY,UOPS_RETIRED.MS,FP_ARITH_INST_RETIRED.SCALAR_SINGLE:sa=2000003,FP_ARITH_INST_RETIRED.SCALAR_DOUBLE:sa=2000003,TOPDOWN_BE_BOUND.ALL,TOPDOWN_FE_BOUND.ALL,TOPDOWN_RETIRING.ALL,TOPDOWN_FE_BOUND.BRANCH_DETECT,TOPDOWN_FE_BOUND.BRANCH_RESTEER,TOPDOWN_FE_BOUND.CISC,TOPDOWN_FE_BOUND.DECODE,TOPDOWN_FE_BOUND.FRONTEND_BANDWIDTH,TOPDOWN_FE_BOUND.FRONTEND_LATENCY,TOPDOWN_FE_BOUND.ICACHE,TOPDOWN_FE_BOUND.ITLB,TOPDOWN_FE_BOUND.OTHER,TOPDOWN_FE_BOUND.PREDECODE,MACHINE_CLEARS.DISAMBIGUATION,MACHINE_CLEARS.FP_ASSIST,MACHINE_CLEARS.PAGE_FAULT,MACHINE_CLEARS.SLOW,TOPDOWN_BAD_SPECULATION.FASTNUKE,TOPDOWN_BAD_SPECULATION.MACHINE_CLEARS,TOPDOWN_BAD_SPECULATION.MISPREDICT,TOPDOWN_BAD_SPECULATION.NUKE,LD_HEAD.ANY_AT_RET,LD_HEAD.DTLB_MISS_AT_RET,LD_HEAD.L1_BOUND_AT_RET,LD_HEAD.L1_MISS_AT_RET,LD_HEAD.OTHER_AT_RET,LD_HEAD.PGWALK_AT_RET,LD_HEAD.ST_ADDR_AT_RET,MEM_BOUND_STALLS.LOAD,MEM_BOUND_STALLS.LOAD_DRAM_HIT,MEM_BOUND_STALLS.LOAD_L2_HIT,MEM_BOUND_STALLS.LOAD_LLC_HIT,MEM_SCHEDULER_BLOCK.ALL,MEM_SCHEDULER_BLOCK.ST_BUF,TOPDOWN_BE_BOUND.MEM_SCHEDULER,MEM_SCHEDULER_BLOCK.LD_BUF,MEM_SCHEDULER_BLOCK.RSV,TOPDOWN_BE_BOUND.ALLOC_RESTRICTIONS,TOPDOWN_BE_BOUND.NON_MEM_SCHEDULER,TOPDOWN_BE_BOUND.REGISTER,TOPDOWN_BE_BOUND.REORDER_BUFFER,TOPDOWN_BE_BOUND.SERIALIZATION,UOPS_RETIRED.FPDIV, -d 0 -uem factor=10
509 [62268] INFO perfrun.sdk <> - runCmd started PID 59148
1523 [15384] INFO perfrun.launcher <> - Launcher: all plugins were started
1523 [15384] INFO perfrun.launcher <> - DirectoryMonitor object was created
1523 [15384] INFO perfrun.launcher <> - DirectoryMonitor: a callback was added
1523 [15384] INFO perfrun.launcher <> - DirectoryMonitor was started with pingTime = 1000
1523 [15384] INFO perfrun.launcher <> - DeadlineTimer is going to be constructed
1523 [15384] INFO perfrun.launcher <> - DeadlineTimer: a callback was added
1532 [15384] INFO perfrun.launcher <> - Launcher: resume the profiled application and  wait its termination or stop command
8752 [15384] INFO perfrun.launcher <> - Launcher: the profiled application was terminated  with exit code = 0
8777 [62268] INFO perfrun.itt <> - detach itt controller
8777 [62268] INFO perfrun.itt <> - detach itt controller done
8777 [62268] INFO perfrun.sdk <> - runCmd: "C:\Program Files (x86)\Intel\oneAPI\vtune\2025.1\bin64\sep.exe" -stop
8784 [62268] INFO perfrun.sdk <> - runCmd started PID 15532
9506 [62268] INFO perfrun.sepdk <> - Sampling successfully stopped.

9506 [62268] INFO perfrun.sepdk <> - Waiting for main SEP process (59148) to finish...
9507 [62268] INFO perfrun.sepdk <> - Main SEP process finished
9507 [62268] INFO perfrun.sdk <> - De-allocating TMU: D:\并行程序设计\Analysis\lin_1\r001ue1\data.0\systemcollector-62384-wyn.sc
9526 [62268] INFO perfrun.system <> - closed the system trace file: D:\并行程序设计\Analysis\lin_1\r001ue1\data.0\systemcollector-62384-wyn.sc
9526 [15384] INFO perfrun.launcher <> - Launcher: all plugins were stopped.
9526 [15384] INFO perfrun.launcher <> - DeadlineTimer is going to be destroyed
9527 [15384] INFO perfrun.launcher <> - DeadlineTimer was destroyed
9527 [15384] INFO perfrun.launcher <> - DirectoryMonitor object was destroyed
9527 [15384] WARN perfrun.launcher <> - Stop command is ignored because it is received when collection is already stopped, at file: vcs\perfrun1\launcher\src\command_handler.cpp:226
9528 [15384] INFO perfrun.launcher <> - Application exit code: 0
9528 [15384] INFO perfrun.launcher <> - Exit code: 0
